04-23 21:43:49.560  2916  3137 V ProviderLeakDetecter: Cursor Open:206936321 Total Opened Cursor Count:1.
04-23 21:43:49.560  2916  3137 V ProviderLeakDetecter: Cursor Close:206936321 Total Opened Cursor Count:0.
04-23 21:43:49.574  3760  3782 I PerfService: PerfServiceNative_getPackName
04-23 21:43:49.575  1951  1974 I libPerfService: perfGetLastBoostPid 11500
04-23 21:43:49.575  1951  1974 D PerfServiceManager: [PerfService] getLastBoostPid 11500 
04-23 21:43:49.575  1951  1974 I libPerfService: perfGetLastBoostPid 11500
04-23 21:43:49.638  1951  1951 D NotificationService: Timeout pkg=ru.mars_groupe.sber_upos_example callback=android.app.ITransientNotification$Stub$Proxy@10b1558
04-23 21:43:49.639  1951  1951 D NotificationService: Show pkg=ru.mars_groupe.sber_upos_example callback=android.app.ITransientNotification$Stub$Proxy@9c7c722
04-23 21:43:49.639 11500 11553 D Surface : Surface::disconnect(this=0xaf3bf200,api=1)
04-23 21:43:49.639 11500 11553 D GraphicBuffer: unregister, handle(0xaf8043f0) (w:354 h:88 s:368 f:0x1 u:0x000f02)
04-23 21:43:49.640   257  3633 I BufferQueueProducer: [Toast](this:0xb24e8400,id:178,api:1,p:-1,c:257) disconnect(P): api 1
04-23 21:43:49.641   257  3633 I BufferQueueConsumer: [Toast](this:0xb24e8400,id:178,api:1,p:-1,c:257) getReleasedBuffers: returning mask 0xffffffffffffffff
04-23 21:43:49.641 11500 11553 D Surface : Surface::disconnect(this=0xaf3bf200,api=1)
04-23 21:43:49.641   257  6327 I BufferQueueProducer: [Toast](this:0xb24e8400,id:178,api:1,p:-1,c:257) disconnect(P): api 1
04-23 21:43:49.642 11500 11500 D WindowClient: Add to mViews: android.widget.LinearLayout{2d208b5 V.E...... ......I. 0,0-0,0}, this = android.view.WindowManagerGlobal@e9bc8c7
04-23 21:43:49.643 11500 11553 D OpenGLRenderer: CanvasContext() 0xaab0c800
04-23 21:43:49.644 11500 11500 D ViewRootImpl: hardware acceleration is enabled, this = ViewRoot{5030fb4 Toast,ident = 5}
04-23 21:43:49.645  1951  2390 D AppOps  : startOperation: allowing code 45 uid 10074 package ru.mars_groupe.sber_upos_example
04-23 21:43:49.646  1951  2390 D WindowManager: addWindowToListInOrderLocked: win=Window{6b11d83 u0 Toast} Callers=com.android.server.wm.WindowManagerService.addWindow:2771 com.android.server.wm.Session.addToDisplay:171 android.view.IWindowSession$Stub.onTransact:124 com.android.server.wm.Session.onTransact:133 
04-23 21:43:49.646  1951  2390 V WindowManager: Free window: Adding window Window{6b11d83 u0 Toast} at 6 of 9
04-23 21:43:49.648  1951  3155 V WindowManager: Looking for focus: 8 = Window{7f2dc7b u0 StatusBar}, flags=-2122055608, canReceive=false
04-23 21:43:49.648  1951  3155 V WindowManager: findFocusedWindow: Found new focus @ 3 = Window{8aee8d4 u0 ru.mars_groupe.sber_upos_example/ru.mars_groupe.sber_upos_example.MainActivity}
04-23 21:43:49.650 11500 11500 D WindowClient: Remove from mViews: android.widget.LinearLayout{10694c0 V.E...... ........ 0,0-354,88}, this = android.view.WindowManagerGlobal@e9bc8c7
04-23 21:43:49.655   257   257 I BufferQueue: [unnamed-257-179](this:0xb4934c00,id:179,api:0,p:-1,c:-1) BufferQueue core=(257:/system/bin/surfaceflinger)
04-23 21:43:49.656   257   257 D BufferQueueDump: [unnamed-257-179] this:0xb24e25e0, value:0xbe94f650, iLen:6
04-23 21:43:49.656   257   257 I BufferQueueConsumer: [unnamed-257-179](this:0xb4934c00,id:179,api:0,p:-1,c:257) connect(C): consumer=(257:/system/bin/surfaceflinger) controlledByApp=false
04-23 21:43:49.656   257   257 D BufferQueueDump: [unnamed-257-179] this:0xb24e25e0, value:0xbe94f670, iLen:6
04-23 21:43:49.656   257   257 I BufferQueueConsumer: [unnamed-257-179](this:0xb4934c00,id:179,api:0,p:-1,c:257) setConsumerName: unnamed-257-179
04-23 21:43:49.656   257   257 D BufferQueueDump: [Toast] this:0xb24e25e0, value:0xbe94f6c8, iLen:6
04-23 21:43:49.656   257   257 I BufferQueueConsumer: [Toast](this:0xb4934c00,id:179,api:0,p:-1,c:257) setConsumerName: Toast
04-23 21:43:49.656   257   257 I BufferQueueConsumer: [Toast](this:0xb4934c00,id:179,api:0,p:-1,c:257) setDefaultBufferSize: width=1 height=1
04-23 21:43:49.657  1951  3159 V WindowManager: Looking for focus: 8 = Window{7f2dc7b u0 StatusBar}, flags=-2122055608, canReceive=false
04-23 21:43:49.657  1951  3159 V WindowManager: findFocusedWindow: Found new focus @ 3 = Window{8aee8d4 u0 ru.mars_groupe.sber_upos_example/ru.mars_groupe.sber_upos_example.MainActivity}
04-23 21:43:49.669   257   257 I BufferQueueConsumer: [Toast](this:0xb4934c00,id:179,api:0,p:-1,c:257) setDefaultBufferSize: width=640 height=239
04-23 21:43:49.670   257   257 I SurfaceFlinger: [Built-in Screen (type:0)] fps:15.585467,dur:1989.03,max:1079.99,min:17.31
04-23 21:43:49.673 11500 11553 D OpenGLRenderer: CanvasContext() 0xaab0c800 initialize window=0xaf3be408, title=Toast
04-23 21:43:49.673 11500 11500 D Surface : Surface::allocateBuffers(this=0xaf3be400)
04-23 21:43:49.673 11500 11553 D Surface : Surface::connect(this=0xaf3be400,api=1)
04-23 21:43:49.674   257  6327 D BufferQueueProducer: [](this:0xb4934c00,id:179,api:0,p:-1,c:257) allocateBuffers: allocating from 0 buffers up to 3 buffers
04-23 21:43:49.674   257  6327 I [MALI][Gralloc]: usage: 0x900, format: 1 stride: 640 vertical_stride: 239 size: 611840
04-23 21:43:49.674   257   435 I BufferQueueProducer: [Toast](this:0xb4934c00,id:179,api:1,p:11500,c:257) connect(P): api=1 producer=(11500:ru.mars_groupe.sber_upos_example) producerControlledByApp=true
04-23 21:43:49.674   257  6327 D GraphicBuffer: alloc, handle(0xb5e932a0) (w:640 h:239 s:640 f:0x1 u:0x000900) err(0)
04-23 21:43:49.674   257  6327 I [MALI][Gralloc]: usage: 0x900, format: 1 stride: 640 vertical_stride: 239 size: 611840
04-23 21:43:49.674 11500 11553 W libEGL  : [ANDROID_RECORDABLE] format: 1
04-23 21:43:49.674   257  6327 D GraphicBuffer: alloc, handle(0xb5e93420) (w:640 h:239 s:640 f:0x1 u:0x000900) err(0)
04-23 21:43:49.674   257  6327 I [MALI][Gralloc]: usage: 0x900, format: 1 stride: 640 vertical_stride: 239 size: 611840
04-23 21:43:49.675 11500 11553 D Surface : Surface::setBufferCount(this=0xaf3be400,bufferCount=4)
04-23 21:43:49.675   257  6327 D GraphicBuffer: alloc, handle(0xb5e934e0) (w:640 h:239 s:640 f:0x1 u:0x000900) err(0)
04-23 21:43:49.675   257  6327 D BufferQueueProducer: [Toast](this:0xb4934c00,id:179,api:1,p:11500,c:257) allocateBuffers: allocating from 3 buffers up to 3 buffers
04-23 21:43:49.675   257  6327 I BufferQueueProducer: [Toast](this:0xb4934c00,id:179,api:1,p:11500,c:257) setBufferCount: count = 4
04-23 21:43:49.675   257  6327 D GraphicBuffer: free, handle(0xb5e932a0) (w:640 h:239 s:640 f:0x1 u:0x000900)
04-23 21:43:49.675   257  6327 D GraphicBuffer: free, handle(0xb5e93420) (w:640 h:239 s:640 f:0x1 u:0x000900)
04-23 21:43:49.675   257  6327 D GraphicBuffer: free, handle(0xb5e934e0) (w:640 h:239 s:640 f:0x1 u:0x000900)
04-23 21:43:49.676   257  6327 I BufferQueueConsumer: [Toast](this:0xb4934c00,id:179,api:1,p:11500,c:257) getReleasedBuffers: returning mask 0xffffffffffffffff
04-23 21:43:49.676   257   432 I BufferQueueProducer: [Toast](this:0xb4934c00,id:179,api:1,p:11500,c:257) new GraphicBuffer needed
04-23 21:43:49.677   257   432 I [MALI][Gralloc]: usage: 0xf02, format: 1 stride: 640 vertical_stride: 239 size: 611840
04-23 21:43:49.677   257   432 D GraphicBuffer: alloc, handle(0xb5e93180) (w:640 h:239 s:640 f:0x1 u:0x000f02) err(0)
04-23 21:43:49.678 11500 11553 D GraphicBuffer: register, handle(0xaf8043f0) (w:640 h:239 s:640 f:0x1 u:0x000f02)
04-23 21:43:49.702 11500 11553 D OpenGLRenderer: CacheTexture 2 upload: x, y, width height = 0, 0, 1024, 510
04-23 21:43:49.711   257   257 I BufferQueueProducer: [FrameBufferSurface_0](this:0xb491d000,id:0,api:1,p:257,c:257) queueBuffer: fps=13.07 dur=1989.82 max=1504.32 min=18.31
04-23 21:43:49.746  1951  2274 D InputReader: AP_PROF:AppLaunch_dispatchPtr:Down:2047639, ID:0, Index:-1431902320
04-23 21:43:49.746  1951  2274 I PerfService: PerfServiceNative_boostEnableAsync:3
04-23 21:43:49.747  1951  2296 I libPerfService: 3: set freq: 819000
04-23 21:43:49.747  1951  2273 D PowerManagerService: userActivityFromNative
04-23 21:43:49.747  1951  2296 I libPerfService: 3: set: 3
04-23 21:43:49.747  1951  2273 D PowerManagerService: userActivityNoUpdateLocked: eventTime=2047639, event=2, flags=0x0, uid=1000
04-23 21:43:49.747  1951  2273 D PowerManagerNotifier: onUserActivity: event=2, uid=1000
04-23 21:43:49.747  1951  2273 D PowerManagerService: updateUserActivitySummaryLocked: mWakefulness=Awake, mUserActivitySummary=0x1, nextTimeout=2100639 (in 52998 ms)
04-23 21:43:49.748  1951  2273 D DisplayPowerController: requestPowerState: policy=BRIGHT, useProximitySensor=false, screenBrightness=255, screenAutoBrightnessAdjustment=0.0, brightnessSetByUser=true, useAutoBrightness=false, blockScreenOn=false, lowPowerMode=false, boostScreenBrightness=false, dozeScreenBrightness=-1, dozeScreenState=UNKNOWN, waitForNegativeProximity=false
04-23 21:43:49.748  1951  2273 I PowerManagerService: setBrightness mButtonLight 0.
04-23 21:43:49.748  1951  2273 D PowerManagerService: updateDisplayPowerStateLocked: mDisplayReady=true, policy=3, mWakefulness=1, mWakeLockSummary=0x23, mUserActivitySummary=0x1, mBootCompleted=true, mScreenBrightnessBoostInProgress=false
04-23 21:43:49.785   257   432 I BufferQueueProducer: [ru.mars_groupe.sber_upos_example/ru.mars_groupe.sber_upos_example.MainActivity](this:0xb47a8400,id:174,api:1,p:11500,c:257) queueBuffer: fps=0.83 dur=1210.32 max=1210.32 min=1210.32
04-23 21:43:49.862  1951  2274 D InputReader: AP_PROF:AppLaunch_dispatchPtr:Up:2047756, ID:0, Index:-1431898928
04-23 21:43:49.862  1951  2274 I PerfService: PerfServiceNative_boostEnableTimeoutMsAsync:3, 100
04-23 21:43:49.864 11500 11500 D SettingsInterface:  from settings cache , name = sound_effects_enabled , value = 0
04-23 21:43:49.865 10766 10789 D ru.sberbank.uposnative: vsp - doSomething
04-23 21:43:49.865 10766 10789 D ru.sberbank.uposnative: UposVspClientAidlService - startActivity - kassaModel
04-23 21:43:49.865 10766 10789 D ru.sberbank.uposnative: UposControllerImpl - start
04-23 21:43:49.865 10766 10789 D ru.sberbank.uposnative: UposControllerImpl - 1.104.8
04-23 21:43:49.865 10766 10789 I ru.sberbank.uposnative: Runtime.getRuntime().freeMemory() = 1724344
04-23 21:43:49.865 10766 10789 I ru.sberbank.uposnative: Runtime.getRuntime().totalMemory() = 12625824
04-23 21:43:49.865 10766 10789 I ru.sberbank.uposnative: Runtime.getRuntime().maxMemory() = 134217728
04-23 21:43:49.868 11500 11500 D SberUposExample: doSomething button pressed
04-23 21:43:49.876  1951  3156 I NotificationService: enqueueToast pkg=ru.mars_groupe.sber_upos_example callback=android.app.ITransientNotification$Stub$Proxy@6b9ab00 duration=0
04-23 21:43:49.876  1951  3156 D AppOps  : noteOperation: allowing code 11 uid 10074 package ru.mars_groupe.sber_upos_example
04-23 21:43:49.891 10766 11651 I ru.sberbank.uposnative: startUposCore
04-23 21:43:49.891 10766 11651 I ru.sberbank.uposnative_UPOS_JNI: Input param 0: '20'
04-23 21:43:49.891 10766 11651 I ru.sberbank.uposnative_UPOS_JNI: Input param 3: '49947003'
04-23 21:43:49.891 10766 11651 I ru.sberbank.uposnative_UPOS_JNI: Input param 25: '49947003'
04-23 21:43:49.892 10766 11651 E ru.sberbank.uposnative_UPOS_JNI: Error convert response.
04-23 21:43:49.892 10766 11651 I ru.sberbank.uposnative: uposRun result 113
04-23 21:43:49.892 10766 11651 I ru.sberbank.uposnative: onError - 113
04-23 21:43:49.892 10766 11651 D ru.sberbank.uposnative: responseJson - null
04-23 21:43:49.892 10766 11651 D ru.sberbank.uposnative: rawData - null
04-23 21:43:49.892 10766 11651 D ru.sberbank.uposnative: onTransactionResponse - beginBroadcast
04-23 21:43:49.892 10766 11651 D ru.sberbank.uposnative: onTransactionResponse - onTransactionResponse - start
04-23 21:43:49.893 10766 11651 D ru.sberbank.uposnative: onTransactionResponse - onTransactionResponse - end
04-23 21:43:49.893 10766 11651 D ru.sberbank.uposnative: onTransactionResponse - finishBroadcast - start
04-23 21:43:49.893 11500 11500 D SberUposExample: uposCoreInterface.doSomething("{\"OPERATION\":\"20\"}")
04-23 21:43:49.893 10766 11651 D ru.sberbank.uposnative: onTransactionResponse - finishBroadcast - finish
04-23 21:43:49.901  1951  1974 I NotificationService: enqueueToast pkg=ru.mars_groupe.sber_upos_example callback=android.app.ITransientNotification$Stub$Proxy@127ff39 duration=0
04-23 21:43:49.901  1951  1974 D AppOps  : noteOperation: allowing code 11 uid 10074 package ru.mars_groupe.sber_upos_example
04-23 21:43:49.907 11500 11500 D SberUposExample: onTransactionResponse(transactionCode = 113, response = null)
04-23 21:43:49.913  1951  2001 I memtrack_graphic: graphic_memtrack_get_memory match 4:      ion_mm_heap 11500  3686400   2 cf8d3580 c2000580.
04-23 21:43:49.913  1951  2001 I memtrack_graphic:  : 11500 11500 3686400 2 1843200
04-23 21:43:49.913  1951  2001 I memtrack_graphic: graphic_memtrack_get_memory match 4:      ion_mm_heap 11500  3686400   3 c23a3bc0 c34ee580.
04-23 21:43:49.913  1951  2001 I memtrack_graphic:  : 11500 11500 3686400 3 3072000
04-23 21:43:49.913  1951  2001 I memtrack_graphic: graphic_memtrack_get_memory match 4:      ion_mm_heap 11500  3686400   3 cb645800 d39e7280.
04-23 21:43:49.913  1951  2001 I memtrack_graphic:  : 11500 11500 3686400 3 4300800
04-23 21:43:49.914  1951  2001 I memtrack_graphic: graphic_memtrack_get_memory match 4:      ion_mm_heap 11500  3686400   2 d9a19800 d39e7e80.
04-23 21:43:49.914  1951  2001 I memtrack_graphic:  : 11500 11500 3686400 2 6144000
04-23 21:43:49.915  1951  2001 I memtrack_graphic: graphic_memtrack_get_memory match 4:      ion_mm_heap 11500  9961472   7 d97f75c0 d9a39a00.
04-23 21:43:49.915  1951  2001 I memtrack_graphic:  : 11500 11500 9961472 7 7567067
04-23 21:43:49.915  1951  2001 I memtrack_graphic: graphic_memtrack_get_memory match 4:      ion_mm_heap 11500   614400   2 dc7d7dc0 dbcce580.
04-23 21:43:49.915  1951  2001 I memtrack_graphic:  : 11500 11500 614400 2 7874267
04-23 21:43:49.916  1951  3157 I NotificationService: enqueueToast pkg=ru.mars_groupe.sber_upos_example callback=android.app.ITransientNotification$Stub$Proxy@ce1397e duration=0
04-23 21:43:49.916  1951  3157 D AppOps  : noteOperation: allowing code 11 uid 10074 package ru.mars_groupe.sber_upos_example
04-23 21:43:49.918  1951  1951 E WifiTrafficPoller: TRAFFIC_STATS_POLL true Token 58 num clients 10
04-23 21:43:49.919  1951  1951 E WifiTrafficPoller:  packet count Tx=197807 Rx=268808
04-23 21:43:49.936 11500 11509 I System  : FinalizerDaemon: finalize objects = 1308
04-23 21:43:49.948 11500 11553 D OpenGLRenderer: ~CanvasContext() 0xaab09000
04-23 21:43:49.951 11500 11553 D OpenGLRenderer: ~CanvasContext() 0xaab05800
04-23 21:43:49.954 11500 11553 D OpenGLRenderer: ~CanvasContext() 0xaab02000
04-23 21:43:49.954 11500 11553 D OpenGLRenderer: ~CanvasContext() 0xaf83b800
04-23 21:43:49.963  1951  2296 D PerfServiceManager: [PerfService] MESSAGE_TIMEOUT:103 
04-23 21:43:49.964  1951  2296 I libPerfService: 3: set: 1
04-23 21:43:49.964  1951  2296 I libPerfService: 3: set freq: 0
04-23 21:43:50.100  1951  2296 I libPerfService: 5: set freq: 819000
04-23 21:43:50.100  1951  2296 I libPerfService: 5: set: 3
04-23 21:43:50.167  1951  2282 D WifiStateMachine:  ConnectedState (when=-4ms what=131155 arg1=33!CMD_RSSI_POLL  rt=2048060/2048060 33 0 "RT-WiFi-1FD8" 10:a3:b8:3a:1f:d9 rssi=-66 f=2432 sc=60 link=39 tx=302,9, 0,0, 0,0  rx=272,6 bcn=0 [on:0 tx:0 rx:0 period:3004] from screen [on:0 period:205879063] gl hn rssi=-61 ag=0 hr ticks 0,0,0 ls-=0 [56,56,60,60,65] brc=0 lrc=0 offload-stopped
04-23 21:43:50.169  1951  2282 D WifiStateMachine:  L2ConnectedState (when=-6ms what=131155 arg1=33!CMD_RSSI_POLL  rt=2048062/2048062 33 0 "RT-WiFi-1FD8" 10:a3:b8:3a:1f:d9 rssi=-66 f=2432 sc=60 link=39 tx=302,9, 0,0, 0,0  rx=272,6 bcn=0 [on:0 tx:0 rx:0 period:1] from screen [on:0 period:205879064] gl hn rssi=-61 ag=0 hr ticks 0,0,0 ls-=0 [56,56,60,60,65] brc=0 lrc=0 offload-stopped
04-23 21:43:50.169  1951  2282 D WifiStateMachine:  get link layer stats 0
04-23 21:43:50.170  1951  2282 D WifiHW  : enter -->wifi_send_command cmd=IFNAME=wlan0 SIGNAL_POLL
04-23 21:43:50.170  3024  3024 D wpa_supplicant: wlan0: Control interface command 'SIGNAL_POLL'
04-23 21:43:50.171  1951  2282 D WifiHW  : leave --> reply=RSSI=-64
04-23 21:43:50.171  1951  2282 D WifiHW  : LINKSPEED=39
04-23 21:43:50.171  1951  2282 D WifiHW  : NOISE=9999
04-23 21:43:50.171  1951  2282 D WifiHW  : FREQUENCY=2432
04-23 21:43:50.171  1951  2282 D WifiHW  : 
04-23 21:43:50.171  1951  2282 I WifiStateMachine: fetchRssiLinkSpeedAndFrequencyNative, newRssi:-64, newLinkSpeed:39, SSID:"RT-WiFi-1FD8"
04-23 21:43:50.171  1951  2282 D WifiStateMachine: mLastSignalLevel:4, newSignalLevel:4
04-23 21:43:50.172  1951  2282 E WifiConfigStore: updateConfiguration freq=2432 BSSID=10:a3:b8:3a:1f:d9 RSSI=-64 "RT-WiFi-1FD8"WPA_PSK
04-23 21:43:50.172  1951  2282 V ActivityManager: Broadcast sticky: Intent { act=android.net.wifi.RSSI_CHANGED flg=0x4000010 (has extras) } ordered=false userid=-1 callerApp=ProcessRecord{aed79c9 1951:system/1000}
04-23 21:43:50.182  2327  2867 D NetworkController: onReceive: intent=Intent { act=android.net.wifi.RSSI_CHANGED flg=0x4000010 (has extras) }
04-23 21:43:50.183  1951  2301 D WifiWatchdogStateMachine: RSSI current: 4 new: -64, 4
04-23 21:43:50.184  2327  2867 D NetworkController.WifiSignalController: Change in state from: connected=true,enabled=true,level=4,inetCondition=1,iconGroup=IconGroup(Wi-Fi Icons),activityIn=true,activityOut=true,rssi=-66,showDataActivityIcon=false,lastModified=04-23 09:43:44,ssid="RT-WiFi-1FD8"
04-23 21:43:50.184  2327  2867 D NetworkController.WifiSignalController: 	to: connected=true,enabled=true,level=4,inetCondition=1,iconGroup=IconGroup(Wi-Fi Icons),activityIn=true,activityOut=true,rssi=-64,showDataActivityIcon=false,lastModified=04-23 09:43:44,ssid="RT-WiFi-1FD8"
04-23 21:43:50.184  2327  2327 D SignalClusterView: vpn: GONE
04-23 21:43:50.185  2327  2327 D SignalClusterView: ethernet: GONE
04-23 21:43:50.185  2327  2327 D SignalClusterView: wifi: VISIBLE sig=2130837922
04-23 21:43:50.185  2327  2327 D SignalClusterView: vpn: GONE
04-23 21:43:50.185  2327  2327 D SignalClusterView: ethernet: GONE
04-23 21:43:50.185  2327  2327 D SignalClusterView: wifi: VISIBLE sig=2130837922
04-23 21:43:50.185  2327  2327 D SignalClusterView: vpn: GONE
04-23 21:43:50.185  2327  2327 D SignalClusterView: ethernet: GONE
04-23 21:43:50.185  2327  2327 D SignalClusterView: wifi: VISIBLE sig=2130837922
04-23 21:43:50.188   784 10580 D mnl_linux: mtk_gps_sys_nmea_output_to_app: $GPGGA,184351.510,5540.4814,N,03745.5568,E,0,0,,-14.3,M,14.3,M,,*56
04-23 21:43:50.188   784 10580 D mnl_linux: $GPGSA,A,1,,,,,,,,,,,,,99.99,99.99,1.00*01
04-23 21:43:50.188   784 10580 D mnl_linux: $GPGSV,3,1,12,03,72,283,,31,44,119,,28,43,074,,02,42,192,18.7*6C
04-23 21:43:50.188   784 10580 D mnl_linux: $GPGSV,3,2,12,04,37,228,,21,30,180,,17,24,279,,19,23,307,*7B
04-23 21:43:50.188   784 10580 D mnl_linux: $GPGSV,3,3,12,32,13,062,18.6,25,11,036,,06,08,323,,12,08,009,*60
04-23 21:43:50.188   784 10580 D mnl_linux: $GPRMC,184351.510,V,5540.4814,N,03745.5568,E,0.000,0.00,070904,,,N*44
04-23 21:43:50.188   784 10580 D mnl_linux: $GPVTG,0.00,T,,M,0.000,N,0.000,K,N*32
04-23 21:43:50.188   784 10580 D mnl_linux: $GPACCURACY,531.8*07
04-23 21:43:50.188   784 10580 D MNLD    : send_cmd_ex: slf_send_cmd (9, 0x30)
04-23 21:43:50.188  1951  3251 D gps_mtk : gps_state_thread: line = 3911received 439 bytes:
04-23 21:43:50.188   784 10580 D MNLD    : mtk_gps_sys_gps_mnl_callback: MTK_GPS_MSG_FIX_READY,GET_RTC_FAIL
04-23 21:43:50.189   784 10580 D MNLD    : mtk_gps_sys_gps_mnl_callback: gps_measurement_state = 255 ,state = 2
04-23 21:43:50.189  1951  3251 D gps_mtk : nmea_reader_update_time: line = 1584fix_time: 1713897831
04-23 21:43:50.189  1951  3251 D gps_mtk : nmea_reader_addc: line = 2455start nmea_cb
04-23 21:43:50.189   784   784 D MNLD    : process: epoll_wait() received 1 events
04-23 21:43:50.189   784   784 D MNLD    : sigrcv_handler: args from mnld: 48
04-23 21:43:50.189   784   784 D MNLD    : mnl_set_alarm: (0, 0xB6A46048, 5)
04-23 21:43:50.189  1951  3251 D gps_mtk : nmea_reader_addc: line = 2455start nmea_cb
04-23 21:43:50.189   784   784 D MNLD    : process: sigrc_handler: ret = 0
04-23 21:43:50.189  1951  3251 D gps_mtk : nmea_reader_addc: line = 2455start nmea_cb
04-23 21:43:50.189  1951  3251 D gps_mtk : nmea_reader_addc: line = 2455start nmea_cb
04-23 21:43:50.189  1951  3251 D gps_mtk : nmea_reader_parse: line = 2270r->sv_count = 12
04-23 21:43:50.189  1951  3251 D gps_mtk : nmea_reader_addc: line = 2455start nmea_cb
04-23 21:43:50.189  1951  3251 D gps_mtk : nmea_reader_addc: line = 2455start nmea_cb
04-23 21:43:50.189  1951  3251 D gps_mtk : nmea_reader_addc: line = 2455start nmea_cb
04-23 21:43:50.189  1951  3251 D gps_mtk : nmea_reader_parse: line = 2342GPS get accuracy failed, fix mode:1
04-23 21:43:50.190  1951  3251 D gps_mtk : nmea_reader_parse: line = 2406r->sv_status_gnss.num_svs = 12, gps_nmea_end_tag = 1
04-23 21:43:50.190  1951  3251 V MtkLocationExt: GNSS SV count: 12
04-23 21:43:50.190  1951  3251 V MtkLocationExt: sv: 3 snr: 0.0 elev: 72.0 azimuth: 283.0   
04-23 21:43:50.190  1951  3251 V MtkLocationExt: sv: 31 snr: 0.0 elev: 44.0 azimuth: 119.0   
04-23 21:43:50.190  1951  3251 V MtkLocationExt: sv: 28 snr: 0.0 elev: 43.0 azimuth: 74.0   
04-23 21:43:50.190  1951  3251 V MtkLocationExt: sv: 2 snr: 1.8700001 elev: 42.0 azimuth: 192.0   
04-23 21:43:50.190  1951  3251 V MtkLocationExt: sv: 4 snr: 0.0 elev: 37.0 azimuth: 228.0   
04-23 21:43:50.190  1951  3251 V MtkLocationExt: sv: 21 snr: 0.0 elev: 30.0 azimuth: 180.0   
04-23 21:43:50.190  1951  3251 V MtkLocationExt: sv: 17 snr: 0.0 elev: 24.0 azimuth: 279.0   
04-23 21:43:50.190  1951  3251 V MtkLocationExt: sv: 19 snr: 0.0 elev: 23.0 azimuth: 307.0   
04-23 21:43:50.190  1951  3251 V MtkLocationExt: sv: 32 snr: 1.86 elev: 13.0 azimuth: 62.0   
04-23 21:43:50.190  1951  3251 V MtkLocationExt: sv: 25 snr: 0.0 elev: 11.0 azimuth: 36.0   
04-23 21:43:50.190  1951  3251 V MtkLocationExt: sv: 6 snr: 0.0 elev: 8.0 azimuth: 323.0   
04-23 21:43:50.191  1951  3251 V MtkLocationExt: sv: 12 snr: 0.0 elev: 8.0 azimuth: 9.0   
04-23 21:43:50.191  1951  3251 D gps_mtk : nmea_reader_addc: line = 2455start nmea_cb
04-23 21:43:50.192   257   257 I BufferQueueConsumer: [Toast](this:0xb24e8400,id:178,api:1,p:-1,c:-1) disconnect(C)
04-23 21:43:50.193   257   257 D GraphicBuffer: free, handle(0xb5e931e0) (w:354 h:88 s:368 f:0x1 u:0x000f02)
04-23 21:43:50.193   257   257 I BufferQueue: [Toast](this:0xb24e8400,id:178,api:1,p:-1,c:-1) ~BufferQueueCore
04-23 21:43:50.486  4180  4410 I System.out: [CDS]EAGAIN in Recvfrom
04-23 21:43:50.486  4180  4410 I System.out: [CDS]read byte is 0
04-23 21:43:50.568  2916  3137 V ProviderLeakDetecter: Cursor Open:215393190 Total Opened Cursor Count:1.
04-23 21:43:50.570  2916  3137 V ProviderLeakDetecter: Cursor Close:215393190 Total Opened Cursor Count:0.
04-23 21:43:50.575  3760  3782 I PerfService: PerfServiceNative_getPackName
04-23 21:43:50.576  1951  3086 I libPerfService: perfGetLastBoostPid 11500
04-23 21:43:50.576  1951  3086 D PerfServiceManager: [PerfService] getLastBoostPid 11500 
04-23 21:43:50.576  1951  3086 I libPerfService: perfGetLastBoostPid 11500
04-23 21:43:50.595  3258  3258 D SettingsInterface:  from settings cache , name = multi_sim_voice_call , value = null
04-23 21:43:50.597  3258  3258 D SettingsInterface:  from settings cache , name = multi_sim_voice_call , value = null
04-23 21:43:50.601  3258  3258 D SettingsInterface:  from settings cache , name = multi_sim_voice_call , value = null
04-23 21:43:50.603  3258  3258 D SettingsInterface:  from settings cache , name = multi_sim_voice_call , value = null
04-23 21:43:50.607  1951  1973 V ActivityManager: Broadcast sticky: Intent { act=android.intent.action.SIG_STR flg=0x20000010 (has extras) } ordered=false userid=-1 callerApp=ProcessRecord{aed79c9 1951:system/1000}
04-23 21:43:50.676   257   257 I SurfaceFlinger: [Built-in Screen (type:0)] fps:51.710369,dur:1005.60,max:22.34,min:15.07
04-23 21:43:50.894  1951  3157 D ConnectivityService: getActiveNetworkInfo networkInfo = [type: WIFI[], state: CONNECTED/CONNECTED, reason: (unspecified), extra: "RT-WiFi-1FD8", roaming: false, failover: false, isAvailable: true]
04-23 21:43:50.897  1951  3079 D SettingsInterface:  from settings cache , name = sys_storage_threshold_percentage , value = null
04-23 21:43:50.897  1951  3079 D SettingsInterface:  from settings cache , name = sys_storage_threshold_max_bytes , value = null
04-23 21:43:50.898  5410  7869 E MacAddressCloudWorker: No file sending
04-23 21:43:50.899  1951  2390 D ConnectivityService: getActiveNetworkInfo networkInfo = [type: WIFI[], state: CONNECTED/CONNECTED, reason: (unspecified), extra: "RT-WiFi-1FD8", roaming: false, failover: false, isAvailable: true]
04-23 21:43:50.900  1951  3341 D SettingsInterface:  from settings cache , name = sys_storage_threshold_percentage , value = null
04-23 21:43:50.901  1951  3341 D SettingsInterface:  from settings cache , name = sys_storage_threshold_max_bytes , value = null
04-23 21:43:50.902  5410  7869 E SSIDCloudWorker: No file sending
04-23 21:43:50.903  1951  3159 D ConnectivityService: getActiveNetworkInfo networkInfo = [type: WIFI[], state: CONNECTED/CONNECTED, reason: (unspecified), extra: "RT-WiFi-1FD8", roaming: false, failover: false, isAvailable: true]
04-23 21:43:50.904  1951  3086 D SettingsInterface:  from settings cache , name = sys_storage_threshold_percentage , value = null
04-23 21:43:50.905  1951  3086 D SettingsInterface:  from settings cache , name = sys_storage_threshold_max_bytes , value = null
04-23 21:43:50.906  5410  7869 E AssocMacAddressCloudWorker: No file sending
04-23 21:43:50.920  1951  1951 E WifiTrafficPoller: TRAFFIC_STATS_POLL true Token 58 num clients 10
04-23 21:43:50.920  1951  1951 E WifiTrafficPoller:  packet count Tx=197938 Rx=268938
04-23 21:43:51.005  1951  2296 D PerfServiceManager: [PerfService] MESSAGE_TIMEOUT:105 
04-23 21:43:51.005  1951  2296 I libPerfService: 5: set: 1
04-23 21:43:51.006  1951  2296 I libPerfService: 5: set freq: 0
04-23 21:43:51.006  1951  2296 D PerfServiceManager: [PerfService] set utilization:0.8 
04-23 21:43:51.186   784 10580 D mnl_linux: mtk_gps_sys_nmea_output_to_app: $GPGGA,184352.510,5540.4814,N,03745.5568,E,0,0,,-14.3,M,14.3,M,,*55
04-23 21:43:51.186   784 10580 D mnl_linux: $GPGSA,A,1,,,,,,,,,,,,,99.99,99.99,1.00*01
04-23 21:43:51.186   784 10580 D mnl_linux: $GPGSV,3,1,12,03,72,283,,31,44,119,,28,43,074,,02,42,192,18.8*63
04-23 21:43:51.186   784 10580 D mnl_linux: $GPGSV,3,2,12,04,37,228,,21,30,180,18.0,17,24,279,,19,23,307,*6C
04-23 21:43:51.186   784 10580 D mnl_linux: $GPGSV,3,3,12,32,13,062,17.7,25,11,036,,06,08,323,,12,08,009,*6E
04-23 21:43:51.186   784 10580 D mnl_linux: $GPRMC,184352.510,V,5540.4814,N,03745.5568,E,0.000,0.00,070904,,,N*47
04-23 21:43:51.186   784 10580 D mnl_linux: $GPVTG,0.00,T,,M,0.000,N,0.000,K,N*32
04-23 21:43:51.186   784 10580 D mnl_linux: $GPACCURACY,531.8*07
04-23 21:43:51.186   784 10580 D MNLD    : send_cmd_ex: slf_send_cmd (9, 0x30)
04-23 21:43:51.186  1951  3251 D gps_mtk : gps_state_thread: line = 3911received 443 bytes:
04-23 21:43:51.186   784 10580 D MNLD    : mtk_gps_sys_gps_mnl_callback: MTK_GPS_MSG_FIX_READY,GET_RTC_FAIL
04-23 21:43:51.186   784 10580 D MNLD    : mtk_gps_sys_gps_mnl_callback: gps_measurement_state = 255 ,state = 2
04-23 21:43:51.186  1951  3251 D gps_mtk : nmea_reader_update_time: line = 1584fix_time: 1713897832
04-23 21:43:51.186  1951  3251 D gps_mtk : nmea_reader_addc: line = 2455start nmea_cb
04-23 21:43:51.186  1951  3251 D gps_mtk : nmea_reader_addc: line = 2455start nmea_cb
04-23 21:43:51.187  1951  3251 D gps_mtk : nmea_reader_addc: line = 2455start nmea_cb
04-23 21:43:51.187  1951  3251 D gps_mtk : nmea_reader_addc: line = 2455start nmea_cb
04-23 21:43:51.187  1951  3251 D gps_mtk : nmea_reader_parse: line = 2270r->sv_count = 12
04-23 21:43:51.187  1951  3251 D gps_mtk : nmea_reader_addc: line = 2455start nmea_cb
04-23 21:43:51.187  1951  3251 D gps_mtk : nmea_reader_addc: line = 2455start nmea_cb
04-23 21:43:51.187  1951  3251 D gps_mtk : nmea_reader_addc: line = 2455start nmea_cb
04-23 21:43:51.187  1951  3251 D gps_mtk : nmea_reader_parse: line = 2342GPS get accuracy failed, fix mode:1
04-23 21:43:51.187  1951  3251 D gps_mtk : nmea_reader_parse: line = 2406r->sv_status_gnss.num_svs = 12, gps_nmea_end_tag = 1
04-23 21:43:51.188  1951  3251 V MtkLocationExt: GNSS SV count: 12
04-23 21:43:51.188  1951  3251 V MtkLocationExt: sv: 3 snr: 0.0 elev: 72.0 azimuth: 283.0   
04-23 21:43:51.188  1951  3251 V MtkLocationExt: sv: 31 snr: 0.0 elev: 44.0 azimuth: 119.0   
04-23 21:43:51.188  1951  3251 V MtkLocationExt: sv: 28 snr: 0.0 elev: 43.0 azimuth: 74.0   
04-23 21:43:51.188  1951  3251 V MtkLocationExt: sv: 2 snr: 1.8799999 elev: 42.0 azimuth: 192.0   
04-23 21:43:51.188  1951  3251 V MtkLocationExt: sv: 4 snr: 0.0 elev: 37.0 azimuth: 228.0   
04-23 21:43:51.188  1951  3251 V MtkLocationExt: sv: 21 snr: 1.8 elev: 30.0 azimuth: 180.0   
04-23 21:43:51.188  1951  3251 V MtkLocationExt: sv: 17 snr: 0.0 elev: 24.0 azimuth: 279.0   
04-23 21:43:51.188  1951  3251 V MtkLocationExt: sv: 19 snr: 0.0 elev: 23.0 azimuth: 307.0   
04-23 21:43:51.188  1951  3251 V MtkLocationExt: sv: 32 snr: 1.7700001 elev: 13.0 azimuth: 62.0   
04-23 21:43:51.188  1951  3251 V MtkLocationExt: sv: 25 snr: 0.0 elev: 11.0 azimuth: 36.0   
04-23 21:43:51.188  1951  3251 V MtkLocationExt: sv: 6 snr: 0.0 elev: 8.0 azimuth: 323.0   
04-23 21:43:51.188  1951  3251 V MtkLocationExt: sv: 12 snr: 0.0 elev: 8.0 azimuth: 9.0   
04-23 21:43:51.188  1951  3251 D gps_mtk : nmea_reader_addc: line = 2455start nmea_cb
04-23 21:43:51.189   784   784 D MNLD    : process: epoll_wait() received 1 events
04-23 21:43:51.189   784   784 D MNLD    : sigrcv_handler: args from mnld: 48
04-23 21:43:51.189   784   784 D MNLD    : mnl_set_alarm: (0, 0xB6A46048, 5)
04-23 21:43:51.189   784   784 D MNLD    : process: sigrc_handler: ret = 0
04-23 21:43:51.577  3760  3782 I PerfService: PerfServiceNative_getPackName
04-23 21:43:51.577  1951  1973 I libPerfService: perfGetLastBoostPid 11500
04-23 21:43:51.577  1951  1973 D PerfServiceManager: [PerfService] getLastBoostPid 11500 
04-23 21:43:51.577  1951  1973 I libPerfService: perfGetLastBoostPid 11500
04-23 21:43:51.581  2916  3137 V ProviderLeakDetecter: Cursor Open:94663143 Total Opened Cursor Count:1.
04-23 21:43:51.582  2916  3137 V ProviderLeakDetecter: Cursor Close:94663143 Total Opened Cursor Count:0.
04-23 21:43:51.640  1951  1951 D NotificationService: Timeout pkg=ru.mars_groupe.sber_upos_example callback=android.app.ITransientNotification$Stub$Proxy@9c7c722
04-23 21:43:51.640 11500 11553 D Surface : Surface::disconnect(this=0xaf3be400,api=1)
04-23 21:43:51.641 11500 11553 D GraphicBuffer: unregister, handle(0xaf8043f0) (w:640 h:239 s:640 f:0x1 u:0x000f02)
04-23 21:43:51.641  1951  1951 D NotificationService: Show pkg=ru.mars_groupe.sber_upos_example callback=android.app.ITransientNotification$Stub$Proxy@f0855b3
04-23 21:43:51.642   257  6327 I BufferQueueProducer: [Toast](this:0xb4934c00,id:179,api:1,p:-1,c:257) disconnect(P): api 1
04-23 21:43:51.642   257  6327 I BufferQueueConsumer: [Toast](this:0xb4934c00,id:179,api:1,p:-1,c:257) getReleasedBuffers: returning mask 0xffffffffffffffff
04-23 21:43:51.643 11500 11553 D Surface : Surface::disconnect(this=0xaf3be400,api=1)
04-23 21:43:51.643   257   435 I BufferQueueProducer: [Toast](this:0xb4934c00,id:179,api:1,p:-1,c:257) disconnect(P): api 1
04-23 21:43:51.644 11500 11500 D WindowClient: Add to mViews: android.widget.LinearLayout{1c88abb V.E...... ......I. 0,0-0,0}, this = android.view.WindowManagerGlobal@e9bc8c7
04-23 21:43:51.645 11500 11553 D OpenGLRenderer: CanvasContext() 0xaf83b800
04-23 21:43:51.646 11500 11500 D ViewRootImpl: hardware acceleration is enabled, this = ViewRoot{e3e6611 Toast,ident = 6}
04-23 21:43:51.648  1951  3079 D AppOps  : startOperation: allowing code 45 uid 10074 package ru.mars_groupe.sber_upos_example
04-23 21:43:51.649  1951  3079 D WindowManager: addWindowToListInOrderLocked: win=Window{68e772c u0 Toast} Callers=com.android.server.wm.WindowManagerService.addWindow:2771 com.android.server.wm.Session.addToDisplay:171 android.view.IWindowSession$Stub.onTransact:124 com.android.server.wm.Session.onTransact:133 
04-23 21:43:51.649  1951  3079 V WindowManager: Free window: Adding window Window{68e772c u0 Toast} at 6 of 9
04-23 21:43:51.651  1951  3155 V WindowManager: Looking for focus: 8 = Window{7f2dc7b u0 StatusBar}, flags=-2122055608, canReceive=false
04-23 21:43:51.651  1951  3155 V WindowManager: findFocusedWindow: Found new focus @ 3 = Window{8aee8d4 u0 ru.mars_groupe.sber_upos_example/ru.mars_groupe.sber_upos_example.MainActivity}
04-23 21:43:51.653 11500 11500 D WindowClient: Remove from mViews: android.widget.LinearLayout{2d208b5 V.E...... ........ 0,0-640,239}, this = android.view.WindowManagerGlobal@e9bc8c7
04-23 21:43:51.662   257   257 I BufferQueue: [unnamed-257-180](this:0xb47a6000,id:180,api:0,p:-1,c:-1) BufferQueue core=(257:/system/bin/surfaceflinger)
04-23 21:43:51.662   257   257 D BufferQueueDump: [unnamed-257-180] this:0xb24e1140, value:0xbe94f650, iLen:6
04-23 21:43:51.662   257   257 I BufferQueueConsumer: [unnamed-257-180](this:0xb47a6000,id:180,api:0,p:-1,c:257) connect(C): consumer=(257:/system/bin/surfaceflinger) controlledByApp=false
04-23 21:43:51.662   257   257 D BufferQueueDump: [unnamed-257-180] this:0xb24e1140, value:0xbe94f670, iLen:6
04-23 21:43:51.662   257   257 I BufferQueueConsumer: [unnamed-257-180](this:0xb47a6000,id:180,api:0,p:-1,c:257) setConsumerName: unnamed-257-180
04-23 21:43:51.663   257   257 D BufferQueueDump: [Toast] this:0xb24e1140, value:0xbe94f6c8, iLen:6
04-23 21:43:51.663   257   257 I BufferQueueConsumer: [Toast](this:0xb47a6000,id:180,api:0,p:-1,c:257) setConsumerName: Toast
04-23 21:43:51.663   257   257 I BufferQueueConsumer: [Toast](this:0xb47a6000,id:180,api:0,p:-1,c:257) setDefaultBufferSize: width=1 height=1
04-23 21:43:51.664  1951  3341 V WindowManager: Looking for focus: 8 = Window{7f2dc7b u0 StatusBar}, flags=-2122055608, canReceive=false
04-23 21:43:51.664  1951  3341 V WindowManager: findFocusedWindow: Found new focus @ 3 = Window{8aee8d4 u0 ru.mars_groupe.sber_upos_example/ru.mars_groupe.sber_upos_example.MainActivity}
04-23 21:43:51.678   257   257 I BufferQueueConsumer: [Toast](this:0xb47a6000,id:180,api:0,p:-1,c:257) setDefaultBufferSize: width=355 height=88
04-23 21:43:51.679   257   257 I SurfaceFlinger: [Built-in Screen (type:0)] fps:3.986427,dur:1003.40,max:945.56,min:19.27
04-23 21:43:51.683 11500 11500 D Surface : Surface::allocateBuffers(this=0xaf3be400)
04-23 21:43:51.683 11500 11553 D OpenGLRenderer: CanvasContext() 0xaf83b800 initialize window=0xaf3be408, title=Toast
04-23 21:43:51.684 11500 11553 D Surface : Surface::connect(this=0xaf3be400,api=1)
04-23 21:43:51.684   257   435 D BufferQueueProducer: [](this:0xb47a6000,id:180,api:0,p:-1,c:257) allocateBuffers: allocating from 0 buffers up to 3 buffers
04-23 21:43:51.684   257   435 I [MALI][Gralloc]: usage: 0x900, format: 1 stride: 368 vertical_stride: 88 size: 129536
04-23 21:43:51.684   257  3633 I BufferQueueProducer: [Toast](this:0xb47a6000,id:180,api:1,p:11500,c:257) connect(P): api=1 producer=(11500:ru.mars_groupe.sber_upos_example) producerControlledByApp=true
04-23 21:43:51.684   257   435 D GraphicBuffer: alloc, handle(0xb61dd500) (w:355 h:88 s:368 f:0x1 u:0x000900) err(0)
04-23 21:43:51.684   257   435 I [MALI][Gralloc]: usage: 0x900, format: 1 stride: 368 vertical_stride: 88 size: 129536
04-23 21:43:51.684   257   435 D GraphicBuffer: alloc, handle(0xb61dd560) (w:355 h:88 s:368 f:0x1 u:0x000900) err(0)
04-23 21:43:51.684 11500 11553 W libEGL  : [ANDROID_RECORDABLE] format: 1
04-23 21:43:51.684   257   435 I [MALI][Gralloc]: usage: 0x900, format: 1 stride: 368 vertical_stride: 88 size: 129536
04-23 21:43:51.685   257   435 D GraphicBuffer: alloc, handle(0xb61dc960) (w:355 h:88 s:368 f:0x1 u:0x000900) err(0)
04-23 21:43:51.685   257   435 D BufferQueueProducer: [Toast](this:0xb47a6000,id:180,api:1,p:11500,c:257) allocateBuffers: allocating from 3 buffers up to 3 buffers
04-23 21:43:51.685 11500 11553 D Surface : Surface::setBufferCount(this=0xaf3be400,bufferCount=4)
04-23 21:43:51.686   257  3633 I BufferQueueProducer: [Toast](this:0xb47a6000,id:180,api:1,p:11500,c:257) setBufferCount: count = 4
04-23 21:43:51.686   257  3633 D GraphicBuffer: free, handle(0xb61dd500) (w:355 h:88 s:368 f:0x1 u:0x000900)
04-23 21:43:51.686   257  3633 D GraphicBuffer: free, handle(0xb61dd560) (w:355 h:88 s:368 f:0x1 u:0x000900)
04-23 21:43:51.686   257  3633 D GraphicBuffer: free, handle(0xb61dc960) (w:355 h:88 s:368 f:0x1 u:0x000900)
04-23 21:43:51.687   257  3633 I BufferQueueConsumer: [Toast](this:0xb47a6000,id:180,api:1,p:11500,c:257) getReleasedBuffers: returning mask 0xffffffffffffffff
04-23 21:43:51.688   257  1527 I BufferQueueProducer: [Toast](this:0xb47a6000,id:180,api:1,p:11500,c:257) new GraphicBuffer needed
04-23 21:43:51.688   257  1527 I [MALI][Gralloc]: usage: 0xf02, format: 1 stride: 368 vertical_stride: 88 size: 129536
04-23 21:43:51.688   257  1527 D GraphicBuffer: alloc, handle(0xb61dd0e0) (w:355 h:88 s:368 f:0x1 u:0x000f02) err(0)
04-23 21:43:51.689 11500 11553 D GraphicBuffer: register, handle(0xaf8043f0) (w:355 h:88 s:368 f:0x1 u:0x000f02)
04-23 21:43:51.720   257   257 I BufferQueueProducer: [FrameBufferSurface_0](this:0xb491d000,id:0,api:1,p:257,c:257) queueBuffer: fps=13.44 dur=2008.35 max=1505.06 min=15.07
04-23 21:43:51.922  1951  1951 E WifiTrafficPoller: TRAFFIC_STATS_POLL true Token 58 num clients 10
04-23 21:43:51.923  1951  1951 E WifiTrafficPoller:  packet count Tx=197990 Rx=268980
04-23 21:43:51.986  4180  4410 I System.out: [CDS]EAGAIN in Recvfrom
04-23 21:43:51.986  4180  4410 I System.out: [CDS]read byte is 0
04-23 21:43:52.201   257   257 I BufferQueueConsumer: [Toast](this:0xb4934c00,id:179,api:1,p:-1,c:-1) disconnect(C)
04-23 21:43:52.202   257   257 D GraphicBuffer: free, handle(0xb5e93180) (w:640 h:239 s:640 f:0x1 u:0x000f02)
04-23 21:43:52.209   257  6327 I BufferQueue: [Toast](this:0xb4934c00,id:179,api:1,p:-1,c:-1) ~BufferQueueCore
04-23 21:43:52.215  1951  3251 D gps_mtk : gps_state_thread: line = 3911received 443 bytes:
04-23 21:43:52.215  1951  3251 D gps_mtk : nmea_reader_update_time: line = 1584fix_time: 1713897833
04-23 21:43:52.215  1951  3251 D gps_mtk : nmea_reader_addc: line = 2455start nmea_cb
04-23 21:43:52.215  1951  3251 D gps_mtk : nmea_reader_addc: line = 2455start nmea_cb
04-23 21:43:52.215  1951  3251 D gps_mtk : nmea_reader_addc: line = 2455start nmea_cb
04-23 21:43:52.216  1951  3251 D gps_mtk : nmea_reader_addc: line = 2455start nmea_cb
04-23 21:43:52.216  1951  3251 D gps_mtk : nmea_reader_parse: line = 2270r->sv_count = 12
04-23 21:43:52.216  1951  3251 D gps_mtk : nmea_reader_addc: line = 2455start nmea_cb
04-23 21:43:52.216  1951  3251 D gps_mtk : nmea_reader_addc: line = 2455start nmea_cb
04-23 21:43:52.216  1951  3251 D gps_mtk : nmea_reader_addc: line = 2455start nmea_cb
04-23 21:43:52.216  1951  3251 D gps_mtk : nmea_reader_parse: line = 2342GPS get accuracy failed, fix mode:1
04-23 21:43:52.216  1951  3251 D gps_mtk : nmea_reader_parse: line = 2406r->sv_status_gnss.num_svs = 12, gps_nmea_end_tag = 1
04-23 21:43:52.216  1951  3251 V MtkLocationExt: GNSS SV count: 12
04-23 21:43:52.216  1951  3251 V MtkLocationExt: sv: 3 snr: 0.0 elev: 72.0 azimuth: 283.0   
04-23 21:43:52.216  1951  3251 V MtkLocationExt: sv: 31 snr: 0.0 elev: 44.0 azimuth: 119.0   
04-23 21:43:52.216  1951  3251 V MtkLocationExt: sv: 28 snr: 0.0 elev: 43.0 azimuth: 74.0   
04-23 21:43:52.216  1951  3251 V MtkLocationExt: sv: 2 snr: 1.7700001 elev: 42.0 azimuth: 192.0   
04-23 21:43:52.216  1951  3251 V MtkLocationExt: sv: 4 snr: 0.0 elev: 37.0 azimuth: 228.0   
04-23 21:43:52.216  1951  3251 V MtkLocationExt: sv: 21 snr: 1.89 elev: 30.0 azimuth: 180.0   
04-23 21:43:52.216  1951  3251 V MtkLocationExt: sv: 17 snr: 0.0 elev: 24.0 azimuth: 279.0   
04-23 21:43:52.216  1951  3251 V MtkLocationExt: sv: 19 snr: 0.0 elev: 23.0 azimuth: 307.0   
04-23 21:43:52.217  1951  3251 V MtkLocationExt: sv: 32 snr: 1.82 elev: 13.0 azimuth: 62.0   
04-23 21:43:52.217  1951  3251 V MtkLocationExt: sv: 25 snr: 0.0 elev: 11.0 azimuth: 36.0   
04-23 21:43:52.217  1951  3251 V MtkLocationExt: sv: 6 snr: 0.0 elev: 8.0 azimuth: 323.0   
04-23 21:43:52.217  1951  3251 V MtkLocationExt: sv: 12 snr: 0.0 elev: 8.0 azimuth: 9.0   
04-23 21:43:52.217  1951  3251 D gps_mtk : nmea_reader_addc: line = 2455start nmea_cb
04-23 21:43:52.226   784 10580 D mnl_linux: mtk_gps_sys_nmea_output_to_app: $GPGGA,184353.510,5540.4814,N,03745.5568,E,0,0,,-14.3,M,14.3,M,,*54
04-23 21:43:52.226   784 10580 D mnl_linux: $GPGSA,A,1,,,,,,,,,,,,,99.99,99.99,1.00*01
04-23 21:43:52.226   784 10580 D mnl_linux: $GPGSV,3,1,12,03,72,283,,31,44,119,,28,43,074,,02,42,192,17.7*63
04-23 21:43:52.226   784 10580 D mnl_linux: $GPGSV,3,2,12,04,37,228,,21,30,180,18.9,17,24,279,,19,23,307,*65
04-23 21:43:52.226   784 10580 D mnl_linux: $GPGSV,3,3,12,32,13,062,18.2,25,11,036,,06,08,323,,12,08,009,*64
04-23 21:43:52.226   784 10580 D mnl_linux: $GPRMC,184353.510,V,5540.4814,N,03745.5568,E,0.000,0.00,070904,,,N*46
04-23 21:43:52.226   784 10580 D mnl_linux: $GPVTG,0.00,T,,M,0.000,N,0.000,K,N*32
04-23 21:43:52.226   784 10580 D mnl_linux: $GPACCURACY,531.8*07
04-23 21:43:52.226   784 10580 D MNLD    : send_cmd_ex: slf_send_cmd (9, 0x30)
04-23 21:43:52.226   784   784 D MNLD    : process: epoll_wait() received 1 events
04-23 21:43:52.226   784   784 D MNLD    : sigrcv_handler: args from mnld: 48
04-23 21:43:52.226   784   784 D MNLD    : mnl_set_alarm: (0, 0xB6A46048, 5)
04-23 21:43:52.226   784   784 D MNLD    : process: sigrc_handler: ret = 0
04-23 21:43:52.228   784 10580 D MNLD    : mtk_gps_sys_gps_mnl_callback: MTK_GPS_MSG_FIX_READY,GET_RTC_FAIL
04-23 21:43:52.228   784 10580 D MNLD    : mtk_gps_sys_gps_mnl_callback: gps_measurement_state = 255 ,state = 2
04-23 21:43:52.578  3760  3782 I PerfService: PerfServiceNative_getPackName
04-23 21:43:52.578  1951  2390 I libPerfService: perfGetLastBoostPid 11500
04-23 21:43:52.579  1951  2390 D PerfServiceManager: [PerfService] getLastBoostPid 11500 
04-23 21:43:52.579  1951  2390 I libPerfService: perfGetLastBoostPid 11500
04-23 21:43:52.593  2916  3137 V ProviderLeakDetecter: Cursor Open:23269780 Total Opened Cursor Count:1.
04-23 21:43:52.596  2916  3137 V ProviderLeakDetecter: Cursor Close:23269780 Total Opened Cursor Count:0.
04-23 21:43:52.867   793   793 I thermal_repeater: oh, queryMdThermalInfo (0)Bad file descriptor
04-23 21:43:52.884   793   793 I thermal_repeater: [recvMdThermalInfo] ret=15, strLen=127,  2, 32767, -127
04-23 21:43:52.924  1951  1951 E WifiTrafficPoller: TRAFFIC_STATS_POLL true Token 58 num clients 10
04-23 21:43:52.925  1951  1951 E WifiTrafficPoller:  packet count Tx=198021 Rx=269003
04-23 21:43:52.965  1951  2296 D PerfServiceManager: [PerfService] MESSAGE_TIMER_RENDER_AWARE_DURATION timeout 
04-23 21:43:53.178  1951  2282 D WifiStateMachine:  ConnectedState (when=-4ms what=131155 arg1=33!CMD_RSSI_POLL  rt=2051070/2051070 33 0 "RT-WiFi-1FD8" 10:a3:b8:3a:1f:d9 rssi=-64 f=2432 sc=60 link=39 tx=325,4, 0,0, 0,0  rx=295,3 bcn=0 [on:0 tx:0 rx:0 period:2995] from screen [on:0 period:205882073] gl hn rssi=-59 ag=0 hr ticks 0,0,0 ls-=0 [56,56,60,60,65] brc=0 lrc=0 offload-stopped
04-23 21:43:53.179  1951  2282 D WifiStateMachine:  L2ConnectedState (when=-6ms what=131155 arg1=33!CMD_RSSI_POLL  rt=2051072/2051072 33 0 "RT-WiFi-1FD8" 10:a3:b8:3a:1f:d9 rssi=-64 f=2432 sc=60 link=39 tx=325,4, 0,0, 0,0  rx=295,3 bcn=0 [on:0 tx:0 rx:0 period:2] from screen [on:0 period:205882075] gl hn rssi=-59 ag=0 hr ticks 0,0,0 ls-=0 [56,56,60,60,65] brc=0 lrc=0 offload-stopped
04-23 21:43:53.179  1951  2282 D WifiStateMachine:  get link layer stats 0
04-23 21:43:53.180  1951  2282 D WifiHW  : enter -->wifi_send_command cmd=IFNAME=wlan0 SIGNAL_POLL
04-23 21:43:53.181  3024  3024 D wpa_supplicant: wlan0: Control interface command 'SIGNAL_POLL'
04-23 21:43:53.189  1951  3251 D gps_mtk : gps_state_thread: line = 3911received 443 bytes:
04-23 21:43:53.189  1951  3251 D gps_mtk : nmea_reader_update_time: line = 1584fix_time: 1713897834
04-23 21:43:53.189  1951  3251 D gps_mtk : nmea_reader_addc: line = 2455start nmea_cb
04-23 21:43:53.189  1951  3251 D gps_mtk : nmea_reader_addc: line = 2455start nmea_cb
04-23 21:43:53.190  1951  3251 D gps_mtk : nmea_reader_addc: line = 2455start nmea_cb
04-23 21:43:53.190  1951  3251 D gps_mtk : nmea_reader_addc: line = 2455start nmea_cb
04-23 21:43:53.190  1951  3251 D gps_mtk : nmea_reader_parse: line = 2270r->sv_count = 12
04-23 21:43:53.190  1951  3251 D gps_mtk : nmea_reader_addc: line = 2455start nmea_cb
04-23 21:43:53.190  1951  3251 D gps_mtk : nmea_reader_addc: line = 2455start nmea_cb
04-23 21:43:53.190  1951  3251 D gps_mtk : nmea_reader_addc: line = 2455start nmea_cb
04-23 21:43:53.190  1951  3251 D gps_mtk : nmea_reader_parse: line = 2342GPS get accuracy failed, fix mode:1
04-23 21:43:53.190  1951  3251 D gps_mtk : nmea_reader_parse: line = 2406r->sv_status_gnss.num_svs = 12, gps_nmea_end_tag = 1
04-23 21:43:53.190  1951  3251 V MtkLocationExt: GNSS SV count: 12
04-23 21:43:53.190  1951  3251 V MtkLocationExt: sv: 3 snr: 0.0 elev: 72.0 azimuth: 283.0   
04-23 21:43:53.190  1951  3251 V MtkLocationExt: sv: 31 snr: 0.0 elev: 44.0 azimuth: 119.0   
04-23 21:43:53.190  1951  3251 V MtkLocationExt: sv: 28 snr: 0.0 elev: 43.0 azimuth: 74.0   
04-23 21:43:53.190  1951  3251 V MtkLocationExt: sv: 2 snr: 1.7700001 elev: 42.0 azimuth: 192.0   
04-23 21:43:53.190  1951  3251 V MtkLocationExt: sv: 4 snr: 0.0 elev: 37.0 azimuth: 228.0   
04-23 21:43:53.190  1951  3251 V MtkLocationExt: sv: 21 snr: 1.79 elev: 30.0 azimuth: 180.0   
04-23 21:43:53.191  1951  3251 V MtkLocationExt: sv: 17 snr: 0.0 elev: 24.0 azimuth: 279.0   
04-23 21:43:53.191  1951  3251 V MtkLocationExt: sv: 19 snr: 0.0 elev: 23.0 azimuth: 307.0   
04-23 21:43:53.191  1951  3251 V MtkLocationExt: sv: 32 snr: 1.71 elev: 13.0 azimuth: 62.0   
04-23 21:43:53.191  1951  3251 V MtkLocationExt: sv: 25 snr: 0.0 e