04-23 21:33:49.750   778   902 D MtkAgpsNative: [agps][tls]  info_callback  where=[HANDSHAKE_DONE] ret=1 SSL_state=[SSL negotiation finished successfully]
04-23 21:33:49.750   778   902 D MtkAgpsNative: [agps][tls]  info_callback  where=[CONNECT_EXIT] ret=1 SSL_state=[SSL negotiation finished successfully]
04-23 21:33:49.750   778   902 D MtkAgpsNative: SSL_connect() ret:1
04-23 21:33:49.750   778   902 D MtkAgpsNative: ret == 1 && ssl->peer.length && SSL_is_init_finished(ssl->conn) && !SSL_session_reused(ssl->conn)
04-23 21:33:49.751   778   902 D MtkAgpsNative: -> ssl_add_session_entry(): ssl->resume = 2
04-23 21:33:49.751   778   902 I MtkAgpsNative: [SUPL]        -> sec_ssl_connect() ret:1
04-23 21:33:49.751   778   902 I MtkAgpsNative: supl_tls_handshake(): SUPL_CONN_SUCCESS due to TLS_ERR_NONE
04-23 21:33:49.756   778   902 I MtkAgpsNative: Enter supl_conn_send_create_cnf
04-23 21:33:49.756   778   902 D agps    : [agps][n][task] supl  rcv src=[MOD_SUPL_CONN] dest=[MOD_SUPL] msg=[MSG_ID_SUPL_CONN_CREATE_CNF]
04-23 21:33:49.756   778   902 I MtkAgpsNative: supl_int_msg_hdlr(29)(MSG_ID_SUPL_CONN_CREATE_CNF)
04-23 21:33:49.756   778   902 I MtkAgpsNative: supl_os_kill_timer id(-1234165328)
04-23 21:33:49.759   778   902 D MtkAgpsNative: supl_os_kill_timer(): free pNF(0xb67080e0)
04-23 21:33:49.759   778   902 D MtkAgpsNative: supl_os_kill_timer(): free pIT
04-23 21:33:49.759   778   902 I MtkAgpsNative: Enter supl_conn_send_send_req
04-23 21:33:49.759   778   902 D MtkAgpsNative: Enter supl_os_set_timer interval(20)
04-23 21:33:49.759   778   902 D MtkAgpsNative: supl_os_set_timer id(-1234158560) pNF(0xb67080e0)
04-23 21:33:49.759   778   902 D agps    : [agps][n][task] supl  rcv src=[MOD_SUPL] dest=[MOD_SUPL_CONN] msg=[MSG_ID_SUPL_CONN_SEND_REQ]
04-23 21:33:49.760   778   902 I MtkAgpsNative: supl_int_msg_hdlr(30)(MSG_ID_SUPL_CONN_SEND_REQ)
04-23 21:33:49.760   778   902 W MtkAgpsNative: tls_validate_socket_id() always return KAL_TRUE
04-23 21:33:49.763   778   902 D MtkAgpsNative: [SUPL] sec_ssl_write: ret(43) len(43)
04-23 21:33:49.763   778   902 D MtkAgpsNative: [SUPL] -> ret(43) len(43) length(43) sec_ssl_want_write(0)
04-23 21:33:49.763   778   902 I MtkAgpsNative: supl_tls_send(): sent len 43
04-23 21:33:49.764   778   902 I MtkAgpsNative: Enter supl_conn_send_send_cnf
04-23 21:33:49.764   778   902 D agps    : [agps][n][Default] mtk_free_peer_buff  ref_count=1 is not 0 file=[vendor/mediatek/proprietary/frameworks/opt/agps/native/supl2/supl/src/supl_conn.c] line=215
04-23 21:33:49.764   778   902 D agps    : [agps][n][task] supl  rcv src=[MOD_SUPL_CONN] dest=[MOD_SUPL] msg=[MSG_ID_SUPL_CONN_SEND_CNF]
04-23 21:33:49.764   778   902 I MtkAgpsNative: supl_int_msg_hdlr(31)(MSG_ID_SUPL_CONN_SEND_CNF)
04-23 21:33:49.764   778   902 I MtkAgpsNative: supl_os_kill_timer id(-1234158560)
04-23 21:33:49.764   778   902 D MtkAgpsNative: supl_os_kill_timer(): free pNF(0xb67080e0)
04-23 21:33:49.764   778   902 D MtkAgpsNative: supl_os_kill_timer(): free pIT
04-23 21:33:49.764   778   902 D MtkAgpsNative: Enter supl_os_set_timer interval(11)
04-23 21:33:49.765   778   902 D MtkAgpsNative: supl_os_set_timer id(-1234165520) pNF(0xb67080e0)
04-23 21:33:49.789   778   902 D agps    : [agps][n][task] SOC_READ
04-23 21:33:49.790   778   902 I MtkAgpsNative: [SUPL]    -> MSG_ID_APP_SOC_NOTIFY_IND: tls_soc_notify_ind_hdlr()
04-23 21:33:49.790   778   902 W MtkAgpsNative: [SUPL]      -> recv SOC_READ(0x1)
04-23 21:33:49.790   778   902 W MtkAgpsNative: [SUPL]      -> recv SOC_WRITE(0x1)
04-23 21:33:49.790   778   902 D agps    : [agps] WARNING: [SUPL_CONN] SUPL read start++
04-23 21:33:49.790   778   902 W MtkAgpsNative: tls_validate_socket_id() always return KAL_TRUE
04-23 21:33:49.791   778   902 D MtkAgpsNative: [TLS] tls_read() success, return 2
04-23 21:33:49.791   778   902 I MtkAgpsNative: supl_tls_recv(): recv len 2
04-23 21:33:49.791   778   902 D agps    : [agps] WARNING: [SUPL_CONN] get the length ret=2
04-23 21:33:49.791   778   902 D agps    : [agps] WARNING: [SUPL_CONN] get the expected_len=34
04-23 21:33:49.791   778   902 W MtkAgpsNative: tls_validate_socket_id() always return KAL_TRUE
04-23 21:33:49.791   778   902 D MtkAgpsNative: [TLS] tls_read() success, return 32
04-23 21:33:49.791   778   902 I MtkAgpsNative: supl_tls_recv(): recv len 32
04-23 21:33:49.791   778   902 D agps    : [agps] WARNING: [SUPL_CONN] get the payload ret=32
04-23 21:33:49.791   778   902 I MtkAgpsNative: Enter supl_conn_send_recv_ind
04-23 21:33:49.791   778   902 D agps    : [agps] WARNING: [SUPL_CONN] SUPL read end--
04-23 21:33:49.792   778   902 D agps    : [agps][n][task] supl  rcv src=[MOD_SUPL_CONN] dest=[MOD_SUPL] msg=[MSG_ID_SUPL_CONN_RECV_IND]
04-23 21:33:49.792   778   902 I MtkAgpsNative: supl_int_msg_hdlr(32)(MSG_ID_SUPL_CONN_RECV_IND)
04-23 21:33:49.792   778   902 D MtkAgpsNative: [ULP] Rx supl_handle_recv_raw_data (SUPL_ULP_MSG_SUPL_RESPONSE) (Downlink)
04-23 21:33:49.794   778   902 D agps    : [agps] WARNING: [APP] SUPL_RESPONSE [SET_BASE][1.0.0] [Rcv]
04-23 21:33:49.794   778   902 D agps    : [agps][SUPL] dump_support_network is_used=0
04-23 21:33:49.794   778   902 I MtkAgpsNative: supl_os_kill_timer id(-1234165520)
04-23 21:33:49.794   778   902 D MtkAgpsNative: supl_os_kill_timer(): free pNF(0xb67080e0)
04-23 21:33:49.794   778   902 D MtkAgpsNative: supl_os_kill_timer(): free pIT
04-23 21:33:49.794   778   902 I MtkAgpsNative: Enter supl_do_pos_method (1)(SET_BASE)
04-23 21:33:49.794   778   885 D agps    : [agps][SUPL] MMI msg_id=[MSG_ID_SUPL_MMI_START_POS_IND]
04-23 21:33:49.795   778   885 D agps    : [agps][SUPL] qop horacc=22 veracc=0(used=0) maxLocAge=0(used=0) delay=0(used=0)
04-23 21:33:49.795   778   885 D agps    : [agps][n][AGPS] [MNL] write  pmtk  [$PMTK290,1,1*39
04-23 21:33:49.795   778   885 D agps    : ]
04-23 21:33:49.795   784   784 D MNLD    : process: epoll_wait() received 1 events
04-23 21:33:49.795   784   784 D MNLD    : process: mnl2agps_handler: ret = 0
04-23 21:33:49.795   784   784 D MNLD    : rcv_pmtk: rcv_pmtk: $PMTK290,1,1*39
04-23 21:33:49.795   784   784 D MNLD    : rcv_pmtk: mtk_agps_set_param: 0
04-23 21:33:49.795   784  4549 D MNLD    : mtk_gps_sys_agps_disaptcher_callback: agps state mode = 2
04-23 21:33:49.795   778   885 D agps    : [agps][n][AGPS] [MNL] read  pmtk=[$PMTK001,290,3*3B
04-23 21:33:49.795   778   885 D agps    : ]
04-23 21:33:49.795   778   885 D agps    : [agps][SUPL] filter=0x1ff result=1 1 1 1 1 1 1 1 1
04-23 21:33:49.795   778   885 D agps    : [agps] WARNING: [SUPL] fill_position_if_need  no historical position
04-23 21:33:49.799   778   902 D agps    : [agps][n][task] supl  rcv src=[MOD_MMI] dest=[MOD_SUPL] msg=[MSG_ID_SUPL_MMI_START_POS_RSP]
04-23 21:33:49.799   778   902 V MtkAgpsNative: supl_mmi_msg_hdlr msg_id(13)(MSG_ID_SUPL_MMI_START_POS_RSP)
04-23 21:33:49.799   778   902 D MtkAgpsNative: [ULP] Tx supl_ulp_send_msg (SUPL_ULP_MSG_SUPL_POS_INIT) (Uplink)
04-23 21:33:49.800   778   902 D MtkAgpsNative: [agps] WARNING: SUPL_POS_INIT filters  alm=1 utc=1 ion=1 dgps=1 loc=1 time=1 acq=1 real=1 nav=1
04-23 21:33:49.800   778   902 D agps    : [agps] WARNING: [APP] SUPL_POS_INIT [SET_BASE][1.0.0] [Snd]
04-23 21:33:49.800   778   902 D agps    : [agps][n][SUPL] version=1 support_network_used=0 wlan=0 is_associated=1
04-23 21:33:49.800   778   902 D agps    : [agps] WARNING: [APP] WCDMA Cell mcc=250 mnc=1 uc=8089619
04-23 21:33:49.800   778   902 D agps    : [agps][n][SUPL] SUPL_POSINIT: no LPP payload: supl_ver=1, cell_type=1, lpp_enable=1
04-23 21:33:49.800   778   902 I MtkAgpsNative: Enter supl_conn_send_send_req
04-23 21:33:49.800   778   902 D MtkAgpsNative: Enter supl_os_set_timer interval(20)
04-23 21:33:49.801   778   902 D MtkAgpsNative: supl_os_set_timer id(-1234163144) pNF(0xb464db40)
04-23 21:33:49.801   778   902 D agps    : [agps][n][task] supl  rcv src=[MOD_SUPL] dest=[MOD_SUPL_CONN] msg=[MSG_ID_SUPL_CONN_SEND_REQ]
04-23 21:33:49.801   778   902 I MtkAgpsNative: supl_int_msg_hdlr(30)(MSG_ID_SUPL_CONN_SEND_REQ)
04-23 21:33:49.801   778   902 W MtkAgpsNative: tls_validate_socket_id() always return KAL_TRUE
04-23 21:33:49.803   778   902 D MtkAgpsNative: [SUPL] sec_ssl_write: ret(63) len(63)
04-23 21:33:49.803   778   902 D MtkAgpsNative: [SUPL] -> ret(63) len(63) length(63) sec_ssl_want_write(0)
04-23 21:33:49.803   778   902 I MtkAgpsNative: supl_tls_send(): sent len 63
04-23 21:33:49.803   778   902 I MtkAgpsNative: Enter supl_conn_send_send_cnf
04-23 21:33:49.803   778   902 D agps    : [agps][n][Default] mtk_free_peer_buff  ref_count=1 is not 0 file=[vendor/mediatek/proprietary/frameworks/opt/agps/native/supl2/supl/src/supl_conn.c] line=215
04-23 21:33:49.803   778   902 D agps    : [agps][n][task] supl  rcv src=[MOD_SUPL_CONN] dest=[MOD_SUPL] msg=[MSG_ID_SUPL_CONN_SEND_CNF]
04-23 21:33:49.803   778   902 I MtkAgpsNative: supl_int_msg_hdlr(31)(MSG_ID_SUPL_CONN_SEND_CNF)
04-23 21:33:49.803   778   902 I MtkAgpsNative: supl_os_kill_timer id(-1234163144)
04-23 21:33:49.804   778   902 D MtkAgpsNative: supl_os_kill_timer(): free pNF(0xb464db40)
04-23 21:33:49.804   778   902 D MtkAgpsNative: supl_os_kill_timer(): free pIT
04-23 21:33:49.804   778   902 D agps    : [agps][n][Default] SUPL_TIMER_UT2 timeout=[11] sec
04-23 21:33:49.804   778   902 D MtkAgpsNative: Enter supl_os_set_timer interval(11)
04-23 21:33:49.804   778   902 D MtkAgpsNative: supl_os_set_timer id(-1234163168) pNF(0xb464db40)
04-23 21:33:49.833   778   902 D agps    : [agps][n][task] SOC_READ
04-23 21:33:49.833   778   902 I MtkAgpsNative: [SUPL]    -> MSG_ID_APP_SOC_NOTIFY_IND: tls_soc_notify_ind_hdlr()
04-23 21:33:49.833   778   902 W MtkAgpsNative: [SUPL]      -> recv SOC_READ(0x1)
04-23 21:33:49.833   778   902 W MtkAgpsNative: [SUPL]      -> recv SOC_WRITE(0x1)
04-23 21:33:49.833   778   902 D agps    : [agps] WARNING: [SUPL_CONN] SUPL read start++
04-23 21:33:49.834   778   902 W MtkAgpsNative: tls_validate_socket_id() always return KAL_TRUE
04-23 21:33:49.834   778   902 D MtkAgpsNative: [TLS] tls_read() success, return 2
04-23 21:33:49.834   778   902 I MtkAgpsNative: supl_tls_recv(): recv len 2
04-23 21:33:49.834   778   902 D agps    : [agps] WARNING: [SUPL_CONN] get the length ret=2
04-23 21:33:49.834   778   902 D agps    : [agps] WARNING: [SUPL_CONN] get the expected_len=1639
04-23 21:33:49.835   778   902 W MtkAgpsNative: tls_validate_socket_id() always return KAL_TRUE
04-23 21:33:49.835   778   902 D MtkAgpsNative: [TLS] tls_read() success, return 1357
04-23 21:33:49.835   778   902 I MtkAgpsNative: supl_tls_recv(): recv len 1357
04-23 21:33:49.835   778   902 D agps    : [agps] WARNING: [SUPL_CONN] get the payload ret=1357
04-23 21:33:49.835   778   902 W MtkAgpsNative: tls_validate_socket_id() always return KAL_TRUE
04-23 21:33:49.835   778   902 D MtkAgpsNative: [TLS] tls_read() success, return 280
04-23 21:33:49.835   778   902 I MtkAgpsNative: supl_tls_recv(): recv len 280
04-23 21:33:49.835   778   902 D agps    : [agps] WARNING: [SUPL_CONN] get the payload ret=280
04-23 21:33:49.835   778   902 I MtkAgpsNative: Enter supl_conn_send_recv_ind
04-23 21:33:49.835   778   902 D agps    : [agps] WARNING: [SUPL_CONN] SUPL read end--
04-23 21:33:49.835   778   902 D agps    : [agps][n][task] supl  rcv src=[MOD_SUPL_CONN] dest=[MOD_SUPL] msg=[MSG_ID_SUPL_CONN_RECV_IND]
04-23 21:33:49.835   778   902 I MtkAgpsNative: supl_int_msg_hdlr(32)(MSG_ID_SUPL_CONN_RECV_IND)
04-23 21:33:49.835   778   902 D MtkAgpsNative: [ULP] Rx supl_handle_recv_raw_data (SUPL_ULP_MSG_SUPL_POS) (Downlink)
04-23 21:33:49.838   778   902 D agps    : [agps] WARNING: [APP] SUPL_POS [RRLP][1.0.0] [Rcv]
04-23 21:33:49.839   778   902 I MtkAgpsNative: supl_os_kill_timer id(-1234163168)
04-23 21:33:49.839   778   902 D MtkAgpsNative: supl_os_kill_timer(): free pNF(0xb464db40)
04-23 21:33:49.839   778   902 D MtkAgpsNative: supl_os_kill_timer(): free pIT
04-23 21:33:49.839   778   902 I MtkAgpsNative: Enter supl_handle_recv_supl_pos
04-23 21:33:49.839   778   903 D agps    : [agps][n][task] rrlp  rcv src=[MOD_SUPL] dest=[MOD_RRLP] msg=[MSG_ID_LCSP_START_REQ]
04-23 21:33:49.839   778   903 D MtkAgpsNative: rrlp_start_req_hdlr(): gnss_capability: is_used(1), gps_sig(0x80), glonass(0), bGnssQueryFlow(0)
04-23 21:33:49.839   778   903 D agps    : [agps][n][task] rrlp  before poll...
04-23 21:33:49.841   778   903 D agps    : [agps][n][task] rrlp  rcv src=[MOD_SUPL] dest=[MOD_RRLP] msg=[MSG_ID_SUPL_LCSP_DATA_IND]
04-23 21:33:49.842   778   903 D agps    : [agps][n][task] rrlp  before poll...
04-23 21:33:49.842   778   885 D agps    : [agps][SUPL] GPS msg_id=[MSG_ID_GPS_LCSP_ASSIST_DATA_REQ]
04-23 21:33:49.842   778   885 D agps    : [agps][SUPL] ref_time n_sat=0
04-23 21:33:49.842   778   885 D agps    : [agps][SUPL] id=103 req_time=0 type=[REF_TIME] current_mask=0x100
04-23 21:33:49.842   778   885 D agps    : [agps][SUPL] GPS msg_id=[MSG_ID_GPS_LCSP_ASSIST_DATA_REQ]
04-23 21:33:49.842   778   885 D agps    : [agps][SUPL] id=104 req_time=0 type=[REF_LOC] current_mask=0x180
04-23 21:33:49.842   778   885 D agps    : [agps][SUPL] GPS msg_id=[MSG_ID_GPS_LCSP_ASSIST_DATA_REQ]
04-23 21:33:49.842   778   885 D agps    : [agps][SUPL] navigation n_sat=12 new coming n_sat=12
04-23 21:33:49.842   778   885 D agps    : [agps][SUPL] id=105 req_time=0 type=[EPH] current_mask=0x1a0
04-23 21:33:49.842   778   885 D agps    : [agps][SUPL] GPS msg_id=[MSG_ID_GPS_LCSP_ASSIST_DATA_REQ]
04-23 21:33:49.842   778   885 D agps    : [agps][SUPL] almanac n_sat=31 new coming n_sat=31
04-23 21:33:49.842   778   885 D agps    : [agps][SUPL] id=106 req_time=0 type=[ALM] current_mask=0x1a4
04-23 21:33:49.842   778   885 D agps    : [agps][SUPL] GPS msg_id=[MSG_ID_GPS_LCSP_ASSIST_DATA_REQ]
04-23 21:33:49.843   778   885 D agps    : [agps][SUPL] id=107 req_time=0 type=[IONO] current_mask=0x1b4
04-23 21:33:49.843   778   885 D agps    : [agps][SUPL] GPS msg_id=[MSG_ID_GPS_LCSP_ASSIST_DATA_REQ]
04-23 21:33:49.843   778   885 D agps    : [agps][SUPL] id=108 req_time=0 type=[UTC] current_mask=0x1bc
04-23 21:33:49.843   778   885 D agps    : [agps][SUPL] GPS msg_id=[MSG_ID_GPS_LCSP_LAST_ASSIST_DATA_IND]
04-23 21:33:49.843   778   885 D agps    : [agps][SUPL] all assist data are received, start to inject to MNL
04-23 21:33:49.843   778   885 D agps    : [agps][n][AGPS] [MNL] write  pmtk  [$PMTK712,1287,239648.240000,3000,0,0*3F
04-23 21:33:49.843   778   885 D agps    : ]
04-23 21:33:49.843   784   784 D MNLD    : process: epoll_wait() received 1 events
04-23 21:33:49.843   784   784 D MNLD    : process: mnl2agps_handler: ret = 0
04-23 21:33:49.843   784   784 D MNLD    : rcv_pmtk: rcv_pmtk: $PMTK712,1287,239648.240000,3000,0,0*3F
04-23 21:33:49.843   784   784 D MNLD    : rcv_pmtk: mtk_agps_set_param: 0
04-23 21:33:49.844   784  4549 D MNLD    : mtk_gps_sys_agps_disaptcher_callback: agps state mode = 2
04-23 21:33:49.848   778   885 D agps    : [agps][n][AGPS] [MNL] read  pmtk=[$PMTK001,712,3*34
04-23 21:33:49.848   778   885 D agps    : ]
04-23 21:33:49.848   778   885 D agps    : [agps][n][AGPS] [MNL] write  pmtk  [$PMTK710,02,001000,000000,000000,000000,0000DA,013A02,00003A,C53C94,01F09C,2E1092,7F1FF0,F32C08,30C950,1138A1,0DACD3,3A027C,003A68,7A49EC,006727,6BF50B,1B94CF,1EE022,FFABD7,01F228*1D
04-23 21:33:49.848   778   885 D agps    : ]
04-23 21:33:49.848   778   885 D agps    : [agps][SUPL] navigation_index=1 n_sat=12
04-23 21:33:49.848   784   784 D MNLD    : process: epoll_wait() received 1 events
04-23 21:33:49.848   784   784 D MNLD    : process: mnl2agps_handler: ret = 0
04-23 21:33:49.848   784   784 D MNLD    : rcv_pmtk: rcv_pmtk: $PMTK710,02,001000,000000,000000,000000,0000DA,013A02,00003A,C53C94,01F09C,2E1092,7F1FF0,F32C08,30C950,1138A1,0DACD3,3A027C,003A68,7A49EC,006727,6BF50B,1B94CF,1EE022,FFABD7,01F228*1D
04-23 21:33:49.848   784   784 D MNLD    : rcv_pmtk: mtk_agps_set_param: 0
04-23 21:33:49.849   784  4549 D MNLD    : mtk_gps_sys_agps_disaptcher_callback: agps state mode = 2
04-23 21:33:49.849   778   885 D agps    : [agps][n][AGPS] [MNL] read  pmtk=[$PMTK001,710,3*36
04-23 21:33:49.849   778   885 D agps    : ]
04-23 21:33:49.849   778   885 D agps    : [agps][n][AGPS] [MNL] write  pmtk  [$PMTK710,03,001000,000000,000000,000000,000004,543A02,0000B6,2AD30C,540233,2AED02,F786D5,020402,BD3CCD,154BA1,0DE9F9,3A027C,FFF796,A82AEB,002628,181ECB,186D2B,931047,FFAB9E,541288*6A
04-23 21:33:49.849   778   885 D agps    : ]
04-23 21:33:49.850   778   885 D agps    : [agps][SUPL] navigation_index=2 n_sat=12
04-23 21:33:49.850   784   784 D MNLD    : process: epoll_wait() received 1 events
04-23 21:33:49.850   784   784 D MNLD    : process: mnl2agps_handler: ret = 0
04-23 21:33:49.850   784   784 D MNLD    : rcv_pmtk: rcv_pmtk: $PMTK710,03,001000,000000,000000,000000,000004,543A02,0000B6,2AD30C,540233,2AED02,F786D5,020402,BD3CCD,154BA1,0DE9F9,3A027C,FFF796,A82AEB,002628,181ECB,186D2B,931047,FFAB9E,541288*6A
04-23 21:33:49.850   784   784 D MNLD    : rcv_pmtk: mtk_agps_set_param: 0
04-23 21:33:49.850   784  4549 D MNLD    : mtk_gps_sys_agps_disaptcher_callback: agps state mode = 2
04-23 21:33:49.851   778   885 D agps    : [agps][n][AGPS] [MNL] read  pmtk=[$PMTK001,710,3*36
04-23 21:33:49.851   778   885 D agps    : ]
04-23 21:33:49.851   778   885 D agps    : [agps][n][AGPS] [MNL] write  pmtk  [$PMTK710,04,001001,000000,000000,000000,0000F6,613A02,00004C,2D4964,61FFBF,34D07B,2B4387,FFC901,6FB699,092AA1,0DFD3D,3A027C,FFF7C2,9EDE55,FFF727,491F71,252D88,0443EB,FFA636,61FEE8*13
04-23 21:33:49.851   778   885 D agps    : ]
04-23 21:33:49.851   778   885 D agps    : [agps][SUPL] navigation_index=3 n_sat=12
04-23 21:33:49.851   784   784 D MNLD    : process: epoll_wait() received 1 events
04-23 21:33:49.851   784   784 D MNLD    : process: mnl2agps_handler: ret = 0
04-23 21:33:49.851   784   784 D MNLD    : rcv_pmtk: rcv_pmtk: $PMTK710,04,001001,000000,000000,000000,0000F6,613A02,00004C,2D4964,61FFBF,34D07B,2B4387,FFC901,6FB699,092AA1,0DFD3D,3A027C,FFF7C2,9EDE55,FFF727,491F71,252D88,0443EB,FFA636,61FEE8*13
04-23 21:33:49.851   784   784 D MNLD    : rcv_pmtk: mtk_agps_set_param: 0
04-23 21:33:49.851   784  4549 D MNLD    : mtk_gps_sys_agps_disaptcher_callback: agps state mode = 2
04-23 21:33:49.852   778   885 D agps    : [agps][n][AGPS] [MNL] read  pmtk=[$PMTK001,710,3*36
04-23 21:33:49.852   778   885 D agps    : ]
04-23 21:33:49.852   778   885 D agps    : [agps][n][AGPS] [MNL] write  pmtk  [$PMTK710,06,001000,000000,000000,000000,000009,473A02,00FF5D,28568C,47F371,28A237,21A9AA,F51701,8FD7C3,12B3A1,0CDD74,3A027C,00076C,73791F,FFFE28,554327,1B52E3,9C97D4,FFAC58,47EF70*65
04-23 21:33:49.852   778   885 D agps    : ]
04-23 21:33:49.852   778   885 D agps    : [agps][SUPL] navigation_index=4 n_sat=12
04-23 21:33:49.852   784   784 D MNLD    : process: epoll_wait() received 1 events
04-23 21:33:49.852   784   784 D MNLD    : process: mnl2agps_handler: ret = 0
04-23 21:33:49.852   784   784 D MNLD    : rcv_pmtk: rcv_pmtk: $PMTK710,06,001000,000000,000000,000000,000009,473A02,00FF5D,28568C,47F371,28A237,21A9AA,F51701,8FD7C3,12B3A1,0CDD74,3A027C,00076C,73791F,FFFE28,554327,1B52E3,9C97D4,FFAC58,47EF70*65
04-23 21:33:49.852   784   784 D MNLD    : rcv_pmtk: mtk_agps_set_param: 0
04-23 21:33:49.853   784  4549 D MNLD    : mtk_gps_sys_agps_disaptcher_callback: agps state mode = 2
04-23 21:33:49.854   778   885 D agps    : [agps][n][AGPS] [MNL] read  pmtk=[$PMTK001,710,3*36
04-23 21:33:49.854   778   885 D agps    : ]
04-23 21:33:49.854   778   885 D agps    : [agps][n][AGPS] [MNL] write  pmtk  [$PMTK710,0C,001000,000000,000000,000000,0000E5,4C3A02,00FFE2,BE9104,4C0DA6,31A1F6,4A1446,0B9104,8C4061,10C8A1,0D5AEB,3A027C,FFCE19,5655AC,003A27,3C6AFF,1D253A,A69BD6,FFA609,4C112C*13
04-23 21:33:49.854   778   885 D agps    : ]
04-23 21:33:49.855   784   784 D MNLD    : process: epoll_wait() received 1 events
04-23 21:33:49.855   784   784 D MNLD    : process: mnl2agps_handler: ret = 0
04-23 21:33:49.855   784   784 D MNLD    : rcv_pmtk: rcv_pmtk: $PMTK710,0C,001000,000000,000000,000000,0000E5,4C3A02,00FFE2,BE9104,4C0DA6,31A1F6,4A1446,0B9104,8C4061,10C8A1,0D5AEB,3A027C,FFCE19,5655AC,003A27,3C6AFF,1D253A,A69BD6,FFA609,4C112C*13
04-23 21:33:49.855   784   784 D MNLD    : rcv_pmtk: mtk_agps_set_param: 0
04-23 21:33:49.855   784  4549 D MNLD    : mtk_gps_sys_agps_disaptcher_callback: agps state mode = 2
04-23 21:33:49.857   778   885 D agps    : [agps][SUPL] navigation_index=5 n_sat=12
04-23 21:33:49.857   778   885 D agps    : [agps][n][AGPS] [MNL] read  pmtk=[$PMTK001,710,3*36
04-23 21:33:49.857   778   885 D agps    : ]
04-23 21:33:49.857   778   885 D agps    : [agps][n][AGPS] [MNL] write  pmtk  [$PMTK710,11,001000,000000,000000,000000,0000E8,503A02,00FFF4,5D1F48,50FDF5,33ED88,E00CA6,FE9606,DDFFAD,0250A1,0DB108,3A027C,006243,B0617E,006F27,7BE9DD,2D2BCA,05BCDF,FFA619,50FF7C*6A
04-23 21:33:49.857   778   885 D agps    : ]
04-23 21:33:49.857   784   784 D MNLD    : process: epoll_wait() received 1 events
04-23 21:33:49.857   784   784 D MNLD    : process: mnl2agps_handler: ret = 0
04-23 21:33:49.857   784   784 D MNLD    : rcv_pmtk: rcv_pmtk: $PMTK710,11,001000,000000,000000,000000,0000E8,503A02,00FFF4,5D1F48,50FDF5,33ED88,E00CA6,FE9606,DDFFAD,0250A1,0DB108,3A027C,006243,B0617E,006F27,7BE9DD,2D2BCA,05BCDF,FFA619,50FF7C*6A
04-23 21:33:49.857   784   784 D MNLD    : rcv_pmtk: mtk_agps_set_param: 0
04-23 21:33:49.857   784  4549 D MNLD    : mtk_gps_sys_agps_disaptcher_callback: agps state mode = 2
04-23 21:33:49.859   778   885 D agps    : [agps][SUPL] navigation_index=6 n_sat=12
04-23 21:33:49.859   778   885 D agps    : [agps][n][AGPS] [MNL] read  pmtk=[$PMTK001,710,3*36
04-23 21:33:49.859   778   885 D agps    : ]
04-23 21:33:49.859   778   885 D agps    : [agps][n][AGPS] [MNL] write  pmtk  [$PMTK710,13,001000,000000,000000,000000,0000DF,373A02,00002F,3DE8C8,37FC7A,347FDA,EA3A41,FD0804,FB3AAC,0402A1,0D94B9,3A027C,FFF745,7F3353,FFC327,735868,2B6366,82F175,FFA282,370034*10
04-23 21:33:49.859   778   885 D agps    : ]
04-23 21:33:49.859   784   784 D MNLD    : process: epoll_wait() received 1 events
04-23 21:33:49.860   784   784 D MNLD    : process: mnl2agps_handler: ret = 0
04-23 21:33:49.860   784   784 D MNLD    : rcv_pmtk: rcv_pmtk: $PMTK710,13,001000,000000,000000,000000,0000DF,373A02,00002F,3DE8C8,37FC7A,347FDA,EA3A41,FD0804,FB3AAC,0402A1,0D94B9,3A027C,FFF745,7F3353,FFC327,735868,2B6366,82F175,FFA282,370034*10
04-23 21:33:49.860   784   784 D MNLD    : rcv_pmtk: mtk_agps_set_param: 0
04-23 21:33:49.860   784  4549 D MNLD    : mtk_gps_sys_agps_disaptcher_callback: agps state mode = 2
04-23 21:33:49.862   778   885 D agps    : [agps][SUPL] navigation_index=7 n_sat=12
04-23 21:33:49.862   778   885 D agps    : [agps][n][AGPS] [MNL] read  pmtk=[$PMTK001,710,3*36
04-23 21:33:49.862   778   885 D agps    : ]
04-23 21:33:49.862   778   885 D agps    : [agps][n][AGPS] [MNL] write  pmtk  [$PMTK710,15,001000,000000,000000,000000,0000EA,203A01,00FFED,1077F0,20EF80,2E1F82,F9EB9C,F26D0C,E5D0BB,11C1A1,0DA79B,3A017C,FFA568,31654F,00A427,301DBF,1AE5E8,31A259,FFAC8F,20EFBC*65
04-23 21:33:49.862   778   885 D agps    : ]
04-23 21:33:49.862   784   784 D MNLD    : process: epoll_wait() received 1 events
04-23 21:33:49.862   784   784 D MNLD    : process: mnl2agps_handler: ret = 0
04-23 21:33:49.862   784   784 D MNLD    : rcv_pmtk: rcv_pmtk: $PMTK710,15,001000,000000,000000,000000,0000EA,203A01,00FFED,1077F0,20EF80,2E1F82,F9EB9C,F26D0C,E5D0BB,11C1A1,0DA79B,3A017C,FFA568,31654F,00A427,301DBF,1AE5E8,31A259,FFAC8F,20EFBC*65
04-23 21:33:49.862   784   784 D MNLD    : rcv_pmtk: mtk_agps_set_param: 0
04-23 21:33:49.862   784  4549 D MNLD    : mtk_gps_sys_agps_disaptcher_callback: agps state mode = 2
04-23 21:33:49.864   778   885 D agps    : [agps][SUPL] navigation_index=8 n_sat=12
04-23 21:33:49.864   778   885 D agps    : [agps][n][AGPS] [MNL] read  pmtk=[$PMTK001,710,3*36
04-23 21:33:49.864   778   885 D agps    : ]
04-23 21:33:49.864   778   885 D agps    : [agps][n][AGPS] [MNL] write  pmtk  [$PMTK710,19,001000,000000,000000,000000,00000C,1F3A02,000007,40CCA8,1F0E3E,342AF4,59F9F5,0C8C06,06C766,12A0A1,0CB4F7,3A027C,FFF715,D395F0,006026,BF1026,1A552C,544533,FFA462,1F0F7C*1D
04-23 21:33:49.864   778   885 D agps    : ]
04-23 21:33:49.864   784   784 D MNLD    : process: epoll_wait() received 1 events
04-23 21:33:49.864   784   784 D MNLD    : process: mnl2agps_handler: ret = 0
04-23 21:33:49.864   784   784 D MNLD    : rcv_pmtk: rcv_pmtk: $PMTK710,19,001000,000000,000000,000000,00000C,1F3A02,000007,40CCA8,1F0E3E,342AF4,59F9F5,0C8C06,06C766,12A0A1,0CB4F7,3A027C,FFF715,D395F0,006026,BF1026,1A552C,544533,FFA462,1F0F7C*1D
04-23 21:33:49.865   784   784 D MNLD    : rcv_pmtk: mtk_agps_set_param: 0
04-23 21:33:49.865   784  4549 D MNLD    : mtk_gps_sys_agps_disaptcher_callback: agps state mode = 2
04-23 21:33:49.867   778   885 D agps    : [agps][SUPL] navigation_index=9 n_sat=12
04-23 21:33:49.867   778   885 D agps    : [agps][n][AGPS] [MNL] read  pmtk=[$PMTK001,710,3*36
04-23 21:33:49.867   778   885 D agps    : ]
04-23 21:33:49.867   778   885 D agps    : [agps][n][AGPS] [MNL] write  pmtk  [$PMTK710,1C,001001,000000,000000,000000,0000EC,233A02,00FF78,E3CC54,23FD90,2E96D9,0325CA,FDF800,36D0A1,166AA1,0D2048,3A027C,000AEA,8AB4FD,FFF927,2DFB60,15A646,CD8D5D,FFAA17,23EBFC*67
04-23 21:33:49.867   778   885 D agps    : ]
04-23 21:33:49.867   784   784 D MNLD    : process: epoll_wait() received 1 events
04-23 21:33:49.867   784   784 D MNLD    : process: mnl2agps_handler: ret = 0
04-23 21:33:49.867   784   784 D MNLD    : rcv_pmtk: rcv_pmtk: $PMTK710,1C,001001,000000,000000,000000,0000EC,233A02,00FF78,E3CC54,23FD90,2E96D9,0325CA,FDF800,36D0A1,166AA1,0D2048,3A027C,000AEA,8AB4FD,FFF927,2DFB60,15A646,CD8D5D,FFAA17,23EBFC*67
04-23 21:33:49.867   784   784 D MNLD    : rcv_pmtk: mtk_agps_set_param: 0
04-23 21:33:49.867   784  4549 D MNLD    : mtk_gps_sys_agps_disaptcher_callback: agps state mode = 2
04-23 21:33:49.869   778   902 D agps    : [agps][n][task] supl  rcv src=[MOD_RRLP] dest=[MOD_SUPL] msg=[MSG_ID_SUPL_LCSP_DATA_RSP]
04-23 21:33:49.869   778   902 D MtkAgpsNative: Enter supl_os_set_timer interval(130)
04-23 21:33:49.869   778   902 D MtkAgpsNative: supl_os_set_timer id(-1234165520) pNF(0xb464db50)
04-23 21:33:49.869   778   902 D agps    : [agps][n][task] supl  rcv src=[MOD_RRLP] dest=[MOD_SUPL] msg=[MSG_ID_SUPL_LCSP_DATA_REQ]
04-23 21:33:49.869   778   902 I MtkAgpsNative: supl_os_kill_timer id(-1234165520)
04-23 21:33:49.869   778   902 D MtkAgpsNative: supl_os_kill_timer(): free pNF(0xb464db50)
04-23 21:33:49.869   778   902 D MtkAgpsNative: supl_os_kill_timer(): free pIT
04-23 21:33:49.870   778   902 D MtkAgpsNative: [ULP] Tx supl_ulp_send_msg (SUPL_ULP_MSG_SUPL_POS) (Uplink)
04-23 21:33:49.870   778   902 D agps    : [agps] WARNING: [APP] SUPL_POS [RRLP][1.0.0] [Snd]
04-23 21:33:49.870   778   902 I MtkAgpsNative: Enter supl_conn_send_send_req
04-23 21:33:49.870   778   902 D MtkAgpsNative: Enter supl_os_set_timer interval(20)
04-23 21:33:49.871   778   902 D MtkAgpsNative: supl_os_set_timer id(-1234163192) pNF(0xb464db50)
04-23 21:33:49.871   778   902 D agps    : [agps][n][task] supl  rcv src=[MOD_SUPL] dest=[MOD_SUPL_CONN] msg=[MSG_ID_SUPL_CONN_SEND_REQ]
04-23 21:33:49.871   778   902 I MtkAgpsNative: supl_int_msg_hdlr(30)(MSG_ID_SUPL_CONN_SEND_REQ)
04-23 21:33:49.871   778   902 W MtkAgpsNative: tls_validate_socket_id() always return KAL_TRUE
04-23 21:33:49.872   778   902 D MtkAgpsNative: [SUPL] sec_ssl_write: ret(36) len(36)
04-23 21:33:49.872   778   902 D MtkAgpsNative: [SUPL] -> ret(36) len(36) length(36) sec_ssl_want_write(0)
04-23 21:33:49.872   778   902 I MtkAgpsNative: supl_tls_send(): sent len 36
04-23 21:33:49.872   778   902 I MtkAgpsNative: Enter supl_conn_send_send_cnf
04-23 21:33:49.872   778   902 D agps    : [agps][n][Default] mtk_free_peer_buff  ref_count=1 is not 0 file=[vendor/mediatek/proprietary/frameworks/opt/agps/native/supl2/supl/src/supl_conn.c] line=215
04-23 21:33:49.872   778   902 D agps    : [agps][n][task] supl  rcv src=[MOD_SUPL_CONN] dest=[MOD_SUPL] msg=[MSG_ID_SUPL_CONN_SEND_CNF]
04-23 21:33:49.872   778   902 I MtkAgpsNative: supl_int_msg_hdlr(31)(MSG_ID_SUPL_CONN_SEND_CNF)
04-23 21:33:49.872   778   902 I MtkAgpsNative: supl_os_kill_timer id(-1234163192)
04-23 21:33:49.872   778   902 D MtkAgpsNative: supl_os_kill_timer(): free pNF(0xb464db50)
04-23 21:33:49.872   778   902 D MtkAgpsNative: supl_os_kill_timer(): free pIT
04-23 21:33:49.872   778   903 D agps    : [agps][n][task] rrlp  rcv src=[MOD_SUPL] dest=[MOD_RRLP] msg=[MSG_ID_SUPL_LCSP_DATA_CNF]
04-23 21:33:49.873   778   903 D agps    : [agps][n][task] rrlp  before poll...
04-23 21:33:49.876   778   885 D agps    : [agps][SUPL] navigation_index=10 n_sat=12
04-23 21:33:49.876   778   885 D agps    : [agps][n][AGPS] [MNL] read  pmtk=[$PMTK001,710,3*36
04-23 21:33:49.876   778   885 D agps    : ]
04-23 21:33:49.876   778   885 D agps    : [agps][n][AGPS] [MNL] write  pmtk  [$PMTK710,1F,001000,000000,000000,000000,0000E4,523A02,000000,E21E58,52FE27,3130F0,A01303,FEEA05,5FD5F0,16DBA1,0DB7F3,3A027C,002CEC,C69E25,003526,E43C65,14C21B,4E97D4,FFA75E,52EE2C*16
04-23 21:33:49.876   778   885 D agps    : ]
04-23 21:33:49.876   784   784 D MNLD    : process: epoll_wait() received 1 events
04-23 21:33:49.876   784   784 D MNLD    : process: mnl2agps_handler: ret = 0
04-23 21:33:49.876   784   784 D MNLD    : rcv_pmtk: rcv_pmtk: $PMTK710,1F,001000,000000,000000,000000,0000E4,523A02,000000,E21E58,52FE27,3130F0,A01303,FEEA05,5FD5F0,16DBA1,0DB7F3,3A027C,002CEC,C69E25,003526,E43C65,14C21B,4E97D4,FFA75E,52EE2C*16
04-23 21:33:49.876   784   784 D MNLD    : rcv_pmtk: mtk_agps_set_param: 0
04-23 21:33:49.877   784  4549 D MNLD    : mtk_gps_sys_agps_disaptcher_callback: agps state mode = 2
04-23 21:33:49.877   778   885 D agps    : [agps][SUPL] navigation_index=11 n_sat=12
04-23 21:33:49.878   778   885 D agps    : [agps][n][AGPS] [MNL] read  pmtk=[$PMTK001,710,3*36
04-23 21:33:49.878   778   885 D agps    : ]
04-23 21:33:49.878   778   885 D agps    : [agps][n][AGPS] [MNL] write  pmtk  [$PMTK710,20,001000,000000,000000,000000,000002,1A3A01,00FFFE,AEF37C,1AFF94,34B8A5,9A42D4,FFB503,F6992F,08E4A1,0D3AA4,3A017C,0019C0,CB9995,FFC427,29D479,255CA8,DCC072,FFA74F,1A0178*19
04-23 21:33:49.878   778   885 D agps    : ]
04-23 21:33:49.878   784   784 D MNLD    : process: epoll_wait() received 1 events
04-23 21:33:49.878   784   784 D MNLD    : process: mnl2agps_handler: ret = 0
04-23 21:33:49.878   784   784 D MNLD    : rcv_pmtk: rcv_pmtk: $PMTK710,20,001000,000000,000000,000000,000002,1A3A01,00FFFE,AEF37C,1AFF94,34B8A5,9A42D4,FFB503,F6992F,08E4A1,0D3AA4,3A017C,0019C0,CB9995,FFC427,29D479,255CA8,DCC072,FFA74F,1A0178*19
04-23 21:33:49.878   784   784 D MNLD    : rcv_pmtk: mtk_agps_set_param: 0
04-23 21:33:49.878   784  4549 D MNLD    : mtk_gps_sys_agps_disaptcher_callback: agps state mode = 2
04-23 21:33:49.879   778   885 D agps    : [agps][SUPL] navigation_index=12 n_sat=12
04-23 21:33:49.879   778   885 D agps    : [agps][n][AGPS] [MNL] read  pmtk=[$PMTK001,710,3*36
04-23 21:33:49.879   778   885 D agps    : ]
04-23 21:33:49.879   778   885 D agps    : [agps][n][AGPS] [MNL] write  pmtk  [$PMTK711,2,7,428310,4E1054,FD4E00,A10D43,687344,CF2482,791C2D,C50048*4E
04-23 21:33:49.879   778   885 D agps    : ]
04-23 21:33:49.879   784   784 D MNLD    : process: epoll_wait() received 1 events
04-23 21:33:49.879   784   784 D MNLD    : process: mnl2agps_handler: ret = 0
04-23 21:33:49.879   784   784 D MNLD    : rcv_pmtk: rcv_pmtk: $PMTK711,2,7,428310,4E1054,FD4E00,A10D43,687344,CF2482,791C2D,C50048*4E
04-23 21:33:49.879   784   784 D MNLD    : rcv_pmtk: mtk_agps_set_param: 0
04-23 21:33:49.879   784  4549 D MNLD    : mtk_gps_sys_agps_disaptcher_callback: agps state mode = 2
04-23 21:33:49.880   778   885 D agps    : [agps][SUPL] almanac_index=1 n_sat=31
04-23 21:33:49.880   778   885 D agps    : [agps][n][AGPS] [MNL] read  pmtk=[$PMTK001,711,3*37
04-23 21:33:49.880   778   885 D agps    : ]
04-23 21:33:49.880   778   885 D agps    : [agps][n][AGPS] [MNL] write  pmtk  [$PMTK711,3,7,432BE6,4E1B23,FD7400,A10D96,96A1C0,2B973B,E992C4,2B00C0*3C
04-23 21:33:49.880   778   885 D agps    : ]
04-23 21:33:49.880   784   784 D MNLD    : process: epoll_wait() received 1 events
04-23 21:33:49.880   784   784 D MNLD    : process: mnl2agps_handler: ret = 0
04-23 21:33:49.880   784   784 D MNLD    : rcv_pmtk: rcv_pmtk: $PMTK711,3,7,432BE6,4E1B23,FD7400,A10D96,96A1C0,2B973B,E992C4,2B00C0*3C
04-23 21:33:49.880   784   784 D MNLD    : rcv_pmtk: mtk_agps_set_param: 0
04-23 21:33:49.880   784  4549 D MNLD    : mtk_gps_sys_agps_disaptcher_callback: agps state mode = 2
04-23 21:33:49.881   778   885 D agps    : [agps][SUPL] almanac_index=2 n_sat=31
04-23 21:33:49.881   778   885 D agps    : [agps][n][AGPS] [MNL] read  pmtk=[$PMTK001,711,3*37
04-23 21:33:49.881   778   885 D agps    : ]
04-23 21:33:49.881   778   885 D agps    : [agps][n][AGPS] [MNL] write  pmtk  [$PMTK711,4,7,441703,4E0E2F,FD4500,A10D8E,C297E7,880FA6,61BFDF,2D004C*35
04-23 21:33:49.881   778   885 D agps    : ]
04-23 21:33:49.881   784   784 D MNLD    : process: epoll_wait() received 1 events
04-23 21:33:49.881   784   784 D MNLD    : process: mnl2agps_handler: ret = 0
04-23 21:33:49.881   784   784 D MNLD    : rcv_pmtk: rcv_pmtk: $PMTK711,4,7,441703,4E0E2F,FD4500,A10D8E,C297E7,880FA6,61BFDF,2D004C*35
04-23 21:33:49.882   784   784 D MNLD    : rcv_pmtk: mtk_agps_set_param: 0
04-23 21:33:49.882   784  4549 D MNLD    : mtk_gps_sys_agps_disaptcher_callback: agps state mode = 2
04-23 21:33:49.887   778   885 D agps    : [agps][SUPL] almanac_index=3 n_sat=31
04-23 21:33:49.887   778   885 D agps    : [agps][n][AGPS] [MNL] read  pmtk=[$PMTK001,711,3*37
04-23 21:33:49.887   778   885 D agps    : ]
04-23 21:33:49.887   778   885 D agps    : [agps][n][AGPS] [MNL] write  pmtk  [$PMTK711,5,7,452F45,4E12A9,FD6900,A10C74,948EE8,326ED9,7DC3DA,E90014*39
04-23 21:33:49.887   778   885 D agps    : ]
04-23 21:33:49.887   784   784 D MNLD    : process: epoll_wait() received 1 events
04-23 21:33:49.888   784   784 D MNLD    : process: mnl2agps_handler: ret = 0
04-23 21:33:49.888   784   784 D MNLD    : rcv_pmtk: rcv_pmtk: $PMTK711,5,7,452F45,4E12A9,FD6900,A10C74,948EE8,326ED9,7DC3DA,E90014*39
04-23 21:33:49.888   784   784 D MNLD    : rcv_pmtk: mtk_agps_set_param: 0
04-23 21:33:49.888   784  4549 D MNLD    : mtk_gps_sys_agps_disaptcher_callback: agps state mode = 2
04-23 21:33:49.889   778   885 D agps    : [agps][SUPL] almanac_index=4 n_sat=31
04-23 21:33:49.889   778   885 D agps    : [agps][n][AGPS] [MNL] read  pmtk=[$PMTK001,711,3*37
04-23 21:33:49.889   778   885 D agps    : ]
04-23 21:33:49.889   778   885 D agps    : [agps][n][AGPS] [MNL] write  pmtk  [$PMTK711,6,7,4618F6,4E1EE9,FD6300,A10C86,6C6CBE,E3A135,1DC646,28FF64*31
04-23 21:33:49.889   778   885 D agps    : ]
04-23 21:33:49.889   784   784 D MNLD    : process: epoll_wait() received 1 events
04-23 21:33:49.889   784   784 D MNLD    : process: mnl2agps_handler: ret = 0
04-23 21:33:49.889   784   784 D MNLD    : rcv_pmtk: rcv_pmtk: $PMTK711,6,7,4618F6,4E1EE9,FD6300,A10C86,6C6CBE,E3A135,1DC646,28FF64*31
04-23 21:33:49.889   784   784 D MNLD    : rcv_pmtk: mtk_agps_set_param: 0
04-23 21:33:49.889   784  4549 D MNLD    : mtk_gps_sys_agps_disaptcher_callback: agps state mode = 2
04-23 21:33:49.890   778   902 D agps    : [agps][n][Default] SUPL_TIMER_UT3 timeout=[10] sec
04-23 21:33:49.890   778   902 D MtkAgpsNative: Enter supl_os_set_timer interval(10)
04-23 21:33:49.891   778   902 D MtkAgpsNative: supl_os_set_timer id(-1234165328) pNF(0xb464db50)
04-23 21:33:49.891   778   885 D agps    : [agps][SUPL] almanac_index=5 n_sat=31
04-23 21:33:49.891   778   885 D agps    : [agps][n][AGPS] [MNL] read  pmtk=[$PMTK001,711,3*37
04-23 21:33:49.891   778   885 D agps    : ]
04-23 21:33:49.892   778   885 D agps    : [agps][n][AGPS] [MNL] write  pmtk  [$PMTK711,7,7,4796C3,4E0538,FD5300,A10CBE,EBE108,A9315D,FA849D,F1FFC0*34
04-23 21:33:49.892   778   885 D agps    : ]
04-23 21:33:49.892   784   784 D MNLD    : process: epoll_wait() received 1 events
04-23 21:33:49.892   784   784 D MNLD    : process: mnl2agps_handler: ret = 0
04-23 21:33:49.892   784   784 D MNLD    : rcv_pmtk: rcv_pmtk: $PMTK711,7,7,4796C3,4E0538,FD5300,A10CBE,EBE108,A9315D,FA849D,F1FFC0*34
04-23 21:33:49.892   784   784 D MNLD    : rcv_pmtk: mtk_agps_set_param: 0
04-23 21:33:49.892   784  4549 D MNLD    : mtk_gps_sys_agps_disaptcher_callback: agps state mode = 2
04-23 21:33:49.893   778   885 D agps    : [agps][SUPL] almanac_index=6 n_sat=31
04-23 21:33:49.893   778   885 D agps    : [agps][n][AGPS] [MNL] read  pmtk=[$PMTK001,711,3*37
04-23 21:33:49.893   778   885 D agps    : ]
04-23 21:33:49.893   778   885 D agps    : [agps][n][AGPS] [MNL] write  pmtk  [$PMTK711,8,7,484D86,4E0718,FD2400,A10C84,3FD1D3,0E88C6,6E6124,1200D0*4E
04-23 21:33:49.893   778   885 D agps    : ]
04-23 21:33:49.893   784   784 D MNLD    : process: epoll_wait() received 1 events
04-23 21:33:49.893   784   784 D MNLD    : process: mnl2agps_handler: ret = 0
04-23 21:33:49.894   784   784 D MNLD    : rcv_pmtk: rcv_pmtk: $PMTK711,8,7,484D86,4E0718,FD2400,A10C84,3FD1D3,0E88C6,6E6124,1200D0*4E
04-23 21:33:49.894   784   784 D MNLD    : rcv_pmtk: mtk_agps_set_param: 0
04-23 21:33:49.894   784  4549 D MNLD    : mtk_gps_sys_agps_disaptcher_callback: agps state mode = 2
04-23 21:33:49.895   778   885 D agps    : [agps][SUPL] almanac_index=7 n_sat=31
04-23 21:33:49.895   778   885 D agps    : [agps][n][AGPS] [MNL] read  pmtk=[$PMTK001,711,3*37
04-23 21:33:49.895   778   885 D agps    : ]
04-23 21:33:49.895   778   885 D agps    : [agps][n][AGPS] [MNL] write  pmtk  [$PMTK711,9,7,4915E4,4E09FE,FD3F00,A10CED,C02D57,5163C7,80E9C7,160094*35
04-23 21:33:49.895   778   885 D agps    : ]
04-23 21:33:49.895   784   784 D MNLD    : process: epoll_wait() received 1 events
04-23 21:33:49.895   784   784 D MNLD    : process: mnl2agps_handler: ret = 0
04-23 21:33:49.895   784   784 D MNLD    : rcv_pmtk: rcv_pmtk: $PMTK711,9,7,4915E4,4E09FE,FD3F00,A10CED,C02D57,5163C7,80E9C7,160094*35
04-23 21:33:49.895   784   784 D MNLD    : rcv_pmtk: mtk_agps_set_param: 0
04-23 21:33:49.895   784  4549 D MNLD    : mtk_gps_sys_agps_disaptcher_callback: agps state mode = 2
04-23 21:33:49.897   778   885 D agps    : [agps][SUPL] almanac_index=8 n_sat=31
04-23 21:33:49.897   778   885 D agps    : [agps][n][AGPS] [MNL] read  pmtk=[$PMTK001,711,3*37
04-23 21:33:49.897   778   885 D agps    : ]
04-23 21:33:49.897   778   885 D agps    : [agps][n][AGPS] [MNL] write  pmtk  [$PMTK711,A,7,4A4C3E,4E1AEC,FD7700,A10D2B,9686EA,9F83CA,BF69F0,FEFFE8*36
04-23 21:33:49.897   778   885 D agps    : ]
04-23 21:33:49.897   784   784 D MNLD    : process: epoll_wait() received 1 events
04-23 21:33:49.897   784   784 D MNLD    : process: mnl2agps_handler: ret = 0
04-23 21:33:49.897   784   784 D MNLD    : rcv_pmtk: rcv_pmtk: $PMTK711,A,7,4A4C3E,4E1AEC,FD7700,A10D2B,9686EA,9F83CA,BF69F0,FEFFE8*36
04-23 21:33:49.897   784   784 D MNLD    : rcv_pmtk: mtk_agps_set_param: 0
04-23 21:33:49.897   784  4549 D MNLD    : mtk_gps_sys_agps_disaptcher_callback: agps state mode = 2
04-23 21:33:49.899   778   885 D agps    : [agps][SUPL] almanac_index=9 n_sat=31
04-23 21:33:49.899   778   885 D agps    : [agps][n][AGPS] [MNL] read  pmtk=[$PMTK001,711,3*37
04-23 21:33:49.899   778   885 D agps    : ]
04-23 21:33:49.899   778   885 D agps    : [agps][n][AGPS] [MNL] write  pmtk  [$PMTK711,B,7,4B0A20,4E0F99,FD5100,A10D37,6DCD13,985454,5115F7,ABFFAC*42
04-23 21:33:49.899   778   885 D agps    : ]
04-23 21:33:49.899   784   784 D MNLD    : process: epoll_wait() received 1 events
04-23 21:33:49.899   784   784 D MNLD    : process: mnl2agps_handler: ret = 0
04-23 21:33:49.899   784   784 D MNLD    : rcv_pmtk: rcv_pmtk: $PMTK711,B,7,4B0A20,4E0F99,FD5100,A10D37,6DCD13,985454,5115F7,ABFFAC*42
04-23 21:33:49.899   784   784 D MNLD    : rcv_pmtk: mtk_agps_set_param: 0
04-23 21:33:49.900   784  4549 D MNLD    : mtk_gps_sys_agps_disaptcher_callback: agps state mode = 2
04-23 21:33:49.901   778   885 D agps    : [agps][SUPL] almanac_index=10 n_sat=31
04-23 21:33:49.901   778   885 D agps    : [agps][n][AGPS] [MNL] read  pmtk=[$PMTK001,711,3*37
04-23 21:33:49.901   778   885 D agps    : ]
04-23 21:33:49.901   778   885 D agps    : [agps][n][AGPS] [MNL] write  pmtk  [$PMTK711,C,7,4C48B9,4E0D62,FD5800,A10CFD,194F9F,3AAA11,DCEB74,BEFFF0*4B
04-23 21:33:49.901   778   885 D agps    : ]
04-23 21:33:49.901   784   784 D MNLD    : process: epoll_wait() received 1 events
04-23 21:33:49.901   784   784 D MNLD    : process: mnl2agps_handler: ret = 0
04-23 21:33:49.901   784   784 D MNLD    : rcv_pmtk: rcv_pmtk: $PMTK711,C,7,4C48B9,4E0D62,FD5800,A10CFD,194F9F,3AAA11,DCEB74,BEFFF0*4B
04-23 21:33:49.902   784   784 D MNLD    : rcv_pmtk: mtk_agps_set_param: 0
04-23 21:33:49.902   784  4549 D MNLD    : mtk_gps_sys_agps_disaptcher_callback: agps state mode = 2
04-23 21:33:49.904   778   902 D agps    : [agps][n][task] SOC_READ
04-23 21:33:49.904   778   902 I MtkAgpsNative: [SUPL]    -> MSG_ID_APP_SOC_NOTIFY_IND: tls_soc_notify_ind_hdlr()
04-23 21:33:49.904   778   902 W MtkAgpsNative: [SUPL]      -> recv SOC_READ(0x1)
04-23 21:33:49.904   778   902 W MtkAgpsNative: [SUPL]      -> recv SOC_WRITE(0x1)
04-23 21:33:49.904   778   902 D agps    : [agps] WARNING: [SUPL_CONN] SUPL read start++
04-23 21:33:49.904   778   902 W MtkAgpsNative: tls_validate_socket_id() always return KAL_TRUE
04-23 21:33:49.905   778   902 D MtkAgpsNative: [TLS] tls_read() success, return 2
04-23 21:33:49.905   778   902 I MtkAgpsNative: supl_tls_recv(): recv len 2
04-23 21:33:49.905   778   902 D agps    : [agps] WARNING: [SUPL_CONN] get the length ret=2
04-23 21:33:49.905   778   902 D agps    : [agps] WARNING: [SUPL_CONN] get the expected_len=34
04-23 21:33:49.905   778   902 W MtkAgpsNative: tls_validate_socket_id() always return KAL_TRUE
04-23 21:33:49.905   778   902 D MtkAgpsNative: [TLS] tls_read() success, return 32
04-23 21:33:49.905   778   902 I MtkAgpsNative: supl_tls_recv(): recv len 32
04-23 21:33:49.905   778   902 D agps    : [agps] WARNING: [SUPL_CONN] get the payload ret=32
04-23 21:33:49.905   778   902 I MtkAgpsNative: Enter supl_conn_send_recv_ind
04-23 21:33:49.905   778   902 D agps    : [agps] WARNING: [SUPL_CONN] SUPL read end--
04-23 21:33:49.905   778   902 D agps    : [agps][n][task] supl  rcv src=[MOD_SUPL_CONN] dest=[MOD_SUPL] msg=[MSG_ID_SUPL_CONN_RECV_IND]
04-23 21:33:49.905   778   902 I MtkAgpsNative: supl_int_msg_hdlr(32)(MSG_ID_SUPL_CONN_RECV_IND)
04-23 21:33:49.905   778   902 D MtkAgpsNative: [ULP] Rx supl_handle_recv_raw_data (SUPL_ULP_MSG_SUPL_END) (Downlink)
04-23 21:33:49.906   778   902 D agps    : [agps] WARNING: [APP] SUPL_END w/o POS [NORMAL][1.0.0] [Rcv]
04-23 21:33:49.906   778   902 I MtkAgpsNative: supl_os_kill_timer id(-1234165328)
04-23 21:33:49.907   778   902 D MtkAgpsNative: supl_os_kill_timer(): free pNF(0xb464db50)
04-23 21:33:49.907   778   902 D MtkAgpsNative: supl_os_kill_timer(): free pIT
04-23 21:33:49.907   778   903 D agps    : [agps][n][task] rrlp  rcv src=[MOD_SUPL] dest=[MOD_RRLP] msg=[MSG_ID_LCSP_END_REQ]
04-23 21:33:49.907   778   903 D agps    : [agps][n][task] rrlp  before poll...
04-23 21:33:49.907   778   902 I MtkAgpsNative: Enter supl_handle_recv_supl_end
04-23 21:33:49.907   778   902 I MtkAgpsNative: Enter supl_handle_recv_supl_end_int
04-23 21:33:49.907   778   902 D agps    : [agps][n][task] supl  rcv src=[MOD_SUPL] dest=[MOD_SUPL_CONN] msg=[MSG_ID_SUPL_CONN_CLOSE_REQ]
04-23 21:33:49.907   778   902 I MtkAgpsNative: supl_int_msg_hdlr(34)(MSG_ID_SUPL_CONN_CLOSE_REQ)
04-23 21:33:49.907   778   902 W MtkAgpsNative: tls_validate_socket_id() always return KAL_TRUE
04-23 21:33:49.908   778   902 D MtkAgpsNative: [agps][tls]  info_callback  where=[WRITE_ALERT] ret=256 SSL_state=[SSL negotiation finished successfully]
04-23 21:33:49.908   778   902 D MtkAgpsNative: [agps][tls]  info_callback  Alert type=[warning] desc=[close notify]
04-23 21:33:49.908   778   902 I MtkAgpsNative: supl_tls_close(): tls_shutdown: err -100
04-23 21:33:49.909   778   902 D MtkAgpsNative: sec_ssl_unregister(): 0, 0xb46c21c0, 0xb6726a00
04-23 21:33:49.909   778   902 D agps    : [agps] WARNING: [APP] Close Connection
04-23 21:33:49.909   778   902 D agps    : [agps][n][task] agps_remove_soc_fd  fd=28
04-23 21:33:49.909   778   902 D agps    : [agps][n][task] soc_event_handler  SOC_FD_REMOVE fd=28
04-23 21:33:49.911   778   885 D agps    : [agps][SUPL] almanac_index=11 n_sat=31
04-23 21:33:49.911   778   885 D agps    : [agps][n][AGPS] [MNL] read  pmtk=[$PMTK001,711,3*37
04-23 21:33:49.911   778   885 D agps    : ]
04-23 21:33:49.911   778   885 D agps    : [agps][SUPL] MMI msg_id=[MSG_ID_SUPL_MMI_CLOSE_IND]
04-23 21:33:49.911   778   885 D agps    : [agps][SUPL] req_id=1 case=[SUPL_MMI_CAUSE_NONE]
04-23 21:33:49.911   778   885 D agps    : [agps][SUPL] destroy_session_if_possible is_supl_ongoing=0 is_injecting=1 is_gps_req=0 is_meas_req=0
04-23 21:33:49.911   778   885 D agps    : [agps][n][AGPS] [MNL] write  pmtk  [$PMTK711,D,7,4D411D,4E127B,FD4A00,A10CC2,C6EB9D,25AE8D,635FA3,540034*36
04-23 21:33:49.911   778   885 D agps    : ]
04-23 21:33:49.911   784   784 D MNLD    : process: epoll_wait() received 1 events
04-23 21:33:49.911   784   784 D MNLD    : process: mnl2agps_handler: ret = 0
04-23 21:33:49.911   784   784 D MNLD    : rcv_pmtk: rcv_pmtk: $PMTK711,D,7,4D411D,4E127B,FD4A00,A10CC2,C6EB9D,25AE8D,635FA3,540034*36
04-23 21:33:49.911   784   784 D MNLD    : rcv_pmtk: mtk_agps_set_param: 0
04-23 21:33:49.911   784  4549 D MNLD    : mtk_gps_sys_agps_disaptcher_callback: agps state mode = 2
04-23 21:33:49.914   778   885 D agps    : [agps][SUPL] almanac_index=12 n_sat=31
04-23 21:33:49.914   778   885 D agps    : [agps][n][AGPS] [MNL] read  pmtk=[$PMTK001,711,3*37
04-23 21:33:49.914   778   885 D agps    : ]
04-23 21:33:49.914   778   885 D agps    : [agps][n][AGPS] [MNL] write  pmtk  [$PMTK711,E,7,4E2372,4E0289,FD4D00,A10D38,17857D,889129,DD22C9,32006C*48
04-23 21:33:49.914   778   885 D agps    : ]
04-23 21:33:49.914   784   784 D MNLD    : process: epoll_wait() received 1 events
04-23 21:33:49.914   784   784 D MNLD    : process: mnl2agps_handler: ret = 0
04-23 21:33:49.914   784   784 D MNLD    : rcv_pmtk: rcv_pmtk: $PMTK711,E,7,4E2372,4E0289,FD4D00,A10D38,17857D,889129,DD22C9,32006C*48
04-23 21:33:49.914   784   784 D MNLD    : rcv_pmtk: mtk_agps_set_param: 0
04-23 21:33:49.914   784  4549 D MNLD    : mtk_gps_sys_agps_disaptcher_callback: agps state mode = 2
04-23 21:33:49.916   778   885 D agps    : [agps][SUPL] almanac_index=13 n_sat=31
04-23 21:33:49.916   778   885 D agps    : [agps][n][AGPS] [MNL] read  pmtk=[$PMTK001,711,3*37
04-23 21:33:49.916   778   885 D agps    : ]
04-23 21:33:49.916   778   885 D agps    : [agps][n][AGPS] [MNL] write  pmtk  [$PMTK711,F,7,4F7F35,4EFAE5,FD2C00,A10C91,BAFF66,35234F,47E872,13003C*40
04-23 21:33:49.916   778   885 D agps    : ]
04-23 21:33:49.916   784   784 D MNLD    : process: epoll_wait() received 1 events
04-23 21:33:49.916   784   784 D MNLD    : process: mnl2agps_handler: ret = 0
04-23 21:33:49.916   784   784 D MNLD    : rcv_pmtk: rcv_pmtk: $PMTK711,F,7,4F7F35,4EFAE5,FD2C00,A10C91,BAFF66,35234F,47E872,13003C*40
04-23 21:33:49.916   784   784 D MNLD    : rcv_pmtk: mtk_agps_set_param: 0
04-23 21:33:49.917   784  4549 D MNLD    : mtk_gps_sys_agps_disaptcher_callback: agps state mode = 2
04-23 21:33:49.918   778   885 D agps    : [agps][SUPL] almanac_index=14 n_sat=31
04-23 21:33:49.918   778   885 D agps    : [agps][n][AGPS] [MNL] read  pmtk=[$PMTK001,711,3*37
04-23 21:33:49.918   778   885 D agps    : ]
04-23 21:33:49.918   778   885 D agps    : [agps][n][AGPS] [MNL] write  pmtk  [$PMTK711,10,7,507243,4E0D0C,FD5600,A10DCD,1A0A50,2217DE,94AD0C,D70070*7C
04-23 21:33:49.918   778   885 D agps    : ]
04-23 21:33:49.918   784   784 D MNLD    : process: epoll_wait() received 1 events
04-23 21:33:49.918   784   784 D MNLD    : process: mnl2agps_handler: ret = 0
04-23 21:33:49.919   784   784 D MNLD    : rcv_pmtk: rcv_pmtk: $PMTK711,10,7,507243,4E0D0C,FD5600,A10DCD,1A0A50,2217DE,94AD0C,D70070*7C
04-23 21:33:49.919   784   784 D MNLD    : rcv_pmtk: mtk_agps_set_param: 0
04-23 21:33:49.919   784  4549 D MNLD    : mtk_gps_sys_agps_disaptcher_callback: agps state mode = 2
04-23 21:33:49.920   778   885 D agps    : [agps][SUPL] almanac_index=15 n_sat=31
04-23 21:33:49.920   778   885 D agps    : [agps][n][AGPS] [MNL] read  pmtk=[$PMTK001,711,3*37
04-23 21:33:49.920   778   885 D agps    : ]
04-23 21:33:49.921   778   885 D agps    : [agps][n][AGPS] [MNL] write  pmtk  [$PMTK711,11,7,516DE1,4E115A,FD3200,A10D49,43A929,CA0A30,6F7DD9,5D0004*00
04-23 21:33:49.921   778   885 D agps    : ]
04-23 21:33:49.921   784   784 D MNLD    : process: epoll_wait() received 1 events
04-23 21:33:49.921   784   784 D MNLD    : process: mnl2agps_handler: ret = 0
04-23 21:33:49.921   784   784 D MNLD    : rcv_pmtk: rcv_pmtk: $PMTK711,11,7,516DE1,4E115A,FD3200,A10D49,43A929,CA0A30,6F7DD9,5D0004*00
04-23 21:33:49.921   784   784 D MNLD    : rcv_pmtk: mtk_agps_set_param: 0
04-23 21:33:49.921   784  4549 D MNLD    : mtk_gps_sys_agps_disaptcher_callback: agps state mode = 2
04-23 21:33:49.922   778   885 D agps    : [agps][SUPL] almanac_index=16 n_sat=31
