04-23 21:43:48.584 11570 11636 V SQLiteTime: /data/user/0/ru.atol.tabletpos/no_backup/metrica_data.db: "SELECT * FROM binary_data WHERE data_key = ?" took 1.000 ms
04-23 21:43:48.584 11570 11636 D SQLiteCursor: received count(*) from native_fill_window: 1
04-23 21:43:48.589 11570 11633 I CursorWindowStats: Created a new Cursor. # Open Cursors=1 (# cursors opened by this proc=1)
04-23 21:43:48.589 11570 11633 V SQLiteStatements: /data/user/0/ru.atol.tabletpos/no_backup/metrica_data.db: "SELECT * FROM binary_data WHERE data_key = 'provided_request_state'"
04-23 21:43:48.590 11570 11633 V SQLiteTime: /data/user/0/ru.atol.tabletpos/no_backup/metrica_data.db: "SELECT * FROM binary_data WHERE data_key = ?" took 1.000 ms
04-23 21:43:48.590 11570 11633 D SQLiteCursor: received count(*) from native_fill_window: 1
04-23 21:43:48.592 11570 11636 I CursorWindowStats: Created a new Cursor. # Open Cursors=1 (# cursors opened by this proc=1)
04-23 21:43:48.592 11570 11636 V SQLiteStatements: /data/user/0/ru.atol.tabletpos/no_backup/metrica_data.db: "SELECT * FROM binary_data WHERE data_key = 'preload_info_data'"
04-23 21:43:48.592 11570 11636 V SQLiteTime: /data/user/0/ru.atol.tabletpos/no_backup/metrica_data.db: "SELECT * FROM binary_data WHERE data_key = ?" took 0.000 ms
04-23 21:43:48.593 11570 11636 D SQLiteCursor: received count(*) from native_fill_window: 1
04-23 21:43:48.603 11570 11636 I CursorWindowStats: Created a new Cursor. # Open Cursors=1 (# cursors opened by this proc=1)
04-23 21:43:48.603 11570 11636 V SQLiteStatements: /data/user/0/ru.atol.tabletpos/no_backup/metrica_data.db: "SELECT count() FROM l_dat"
04-23 21:43:48.604 11570 11636 V SQLiteTime: /data/user/0/ru.atol.tabletpos/no_backup/metrica_data.db: "SELECT count() FROM l_dat" took 1.000 ms
04-23 21:43:48.604 11570 11636 D SQLiteCursor: received count(*) from native_fill_window: 1
04-23 21:43:48.605 11570 11636 I CursorWindowStats: Created a new Cursor. # Open Cursors=1 (# cursors opened by this proc=1)
04-23 21:43:48.605 11570 11636 V SQLiteStatements: /data/user/0/ru.atol.tabletpos/no_backup/metrica_data.db: "Select min(timestamp) from l_dat"
04-23 21:43:48.605 11570 11636 V SQLiteTime: /data/user/0/ru.atol.tabletpos/no_backup/metrica_data.db: "Select min(timestamp) from l_dat" took 0.000 ms
04-23 21:43:48.605 11570 11636 D SQLiteCursor: received count(*) from native_fill_window: 1
04-23 21:43:48.607 11570 11634 V SQLiteStatements: /data/user/0/ru.atol.tabletpos/no_backup/metrica_data.db: "BEGIN EXCLUSIVE;"
04-23 21:43:48.607 11570 11634 V SQLiteTime: /data/user/0/ru.atol.tabletpos/no_backup/metrica_data.db: "BEGIN EXCLUSIVE;" took 0.000 ms
04-23 21:43:48.607 11570 11634 V SQLiteStatements: /data/user/0/ru.atol.tabletpos/no_backup/metrica_data.db: "INSERT OR REPLACE  INTO preferences(value,type,key) VALUES ('{"device_id":"3446ab8ef0f0c152349a542922def4ab","device_id_hash":"17908368446266418513","referrer_checked":true,"location_id":-1,"lbs_id":-1,"location_request_id":-1,"last_migration_api_level":105}',4,'VITAL_DATA')"
04-23 21:43:48.608 11570 11634 V SQLiteTime: /data/user/0/ru.atol.tabletpos/no_backup/metrica_data.db: "INSERT OR REPLACE  INTO preferences(value,type,key) VALUES (?,?,?)" took 1.000 ms
04-23 21:43:48.608 11570 11634 V SQLiteStatements: /data/user/0/ru.atol.tabletpos/no_backup/metrica_data.db: "COMMIT;"
04-23 21:43:48.614 11570 11634 V SQLiteTime: /data/user/0/ru.atol.tabletpos/no_backup/metrica_data.db: "COMMIT;" took 6.000 ms
04-23 21:43:48.615 11570 11636 I CursorWindowStats: Created a new Cursor. # Open Cursors=1 (# cursors opened by this proc=1)
04-23 21:43:48.615 11570 11636 V SQLiteStatements: /data/user/0/ru.atol.tabletpos/no_backup/metrica_data.db: "SELECT count() FROM lbs_dat"
04-23 21:43:48.615 11570 11636 V SQLiteTime: /data/user/0/ru.atol.tabletpos/no_backup/metrica_data.db: "SELECT count() FROM lbs_dat" took 0.000 ms
04-23 21:43:48.615 11570 11636 D SQLiteCursor: received count(*) from native_fill_window: 1
04-23 21:43:48.616 11570 11636 I CursorWindowStats: Created a new Cursor. # Open Cursors=1 (# cursors opened by this proc=1)
04-23 21:43:48.616 11570 11636 V SQLiteStatements: /data/user/0/ru.atol.tabletpos/no_backup/metrica_data.db: "Select min(timestamp) from lbs_dat"
04-23 21:43:48.617 11570 11636 V SQLiteTime: /data/user/0/ru.atol.tabletpos/no_backup/metrica_data.db: "Select min(timestamp) from lbs_dat" took 1.000 ms
04-23 21:43:48.617 11570 11636 D SQLiteCursor: received count(*) from native_fill_window: 1
04-23 21:43:48.621 11570 11636 I CursorWindowStats: Created a new Cursor. # Open Cursors=1 (# cursors opened by this proc=1)
04-23 21:43:48.621 11570 11636 V SQLiteStatements: /data/user/0/ru.atol.tabletpos/no_backup/metrica_data.db: "SELECT * FROM binary_data WHERE data_key = 'startup_state'"
04-23 21:43:48.621 11570 11636 V SQLiteTime: /data/user/0/ru.atol.tabletpos/no_backup/metrica_data.db: "SELECT * FROM binary_data WHERE data_key = ?" took 0.000 ms
04-23 21:43:48.621 11570 11636 D SQLiteCursor: received count(*) from native_fill_window: 1
04-23 21:43:48.652 11570 11636 I CursorWindowStats: Created a new Cursor. # Open Cursors=1 (# cursors opened by this proc=1)
04-23 21:43:48.652 11570 11636 V SQLiteStatements: /data/user/0/ru.atol.tabletpos/no_backup/metrica_data.db: "SELECT * FROM binary_data WHERE data_key = 'startup_state'"
04-23 21:43:48.653 11570 11636 V SQLiteTime: /data/user/0/ru.atol.tabletpos/no_backup/metrica_data.db: "SELECT * FROM binary_data WHERE data_key = ?" took 1.000 ms
04-23 21:43:48.653 11570 11636 D SQLiteCursor: received count(*) from native_fill_window: 1
04-23 21:43:48.656 11570 11636 D WifiManager: Enter init, sThreadRefCount:0
04-23 21:43:48.656  1951  3159 D WifiService: getWifiServiceMessenger, pid:11570, uid:1000
04-23 21:43:48.657 11570 11636 D WifiManager: Create WifiManager handlerthread
04-23 21:43:48.659  1951  2284 D WifiService: New client listening to asynchronous messages
04-23 21:43:48.660  1951  1951 E WifiTrafficPoller: ADD_CLIENT: 10
04-23 21:43:48.663  1951  2296 D PerfServiceManager: [PerfService] MESSAGE_TIMER_RENDER_AWARE_DURATION timeout 
04-23 21:43:48.677 11570 11636 I CursorWindowStats: Created a new Cursor. # Open Cursors=1 (# cursors opened by this proc=1)
04-23 21:43:48.677 11570 11636 V SQLiteStatements: /data/user/0/ru.atol.tabletpos/no_backup/metrica_data.db: "SELECT * FROM binary_data WHERE data_key = 'startup_state'"
04-23 21:43:48.677 11570 11636 V SQLiteTime: /data/user/0/ru.atol.tabletpos/no_backup/metrica_data.db: "SELECT * FROM binary_data WHERE data_key = ?" took 0.000 ms
04-23 21:43:48.677 11570 11636 D SQLiteCursor: received count(*) from native_fill_window: 1
04-23 21:43:48.729 11570 11635 I CursorWindowStats: Created a new Cursor. # Open Cursors=1 (# cursors opened by this proc=1)
04-23 21:43:48.730 11570 11635 V SQLiteStatements: /data/user/0/ru.atol.tabletpos/no_backup/metrica_data.db: "SELECT * FROM binary_data WHERE data_key = 'clids_info'"
04-23 21:43:48.730 11570 11635 V SQLiteTime: /data/user/0/ru.atol.tabletpos/no_backup/metrica_data.db: "SELECT * FROM binary_data WHERE data_key = ?" took 0.000 ms
04-23 21:43:48.730 11570 11635 D SQLiteCursor: received count(*) from native_fill_window: 1
04-23 21:43:48.733 11570 11635 I CursorWindowStats: Created a new Cursor. # Open Cursors=1 (# cursors opened by this proc=1)
04-23 21:43:48.733 11570 11635 V SQLiteStatements: /data/user/0/ru.atol.tabletpos/no_backup/metrica_data.db: "SELECT * FROM binary_data WHERE data_key = 'startup_state'"
04-23 21:43:48.733 11570 11635 V SQLiteTime: /data/user/0/ru.atol.tabletpos/no_backup/metrica_data.db: "SELECT * FROM binary_data WHERE data_key = ?" took 0.000 ms
04-23 21:43:48.734 11570 11635 D SQLiteCursor: received count(*) from native_fill_window: 1
04-23 21:43:48.802 11570 11635 W GooglePlayServicesUtil: ru.atol.tabletpos requires the Google Play Store, but it is missing.
04-23 21:43:48.816 11570 11634 V SQLiteStatements: /data/user/0/ru.atol.tabletpos/no_backup/metrica_data.db: "BEGIN EXCLUSIVE;"
04-23 21:43:48.816 11570 11634 V SQLiteTime: /data/user/0/ru.atol.tabletpos/no_backup/metrica_data.db: "BEGIN EXCLUSIVE;" took 0.000 ms
04-23 21:43:48.816 11570 11634 V SQLiteStatements: /data/user/0/ru.atol.tabletpos/no_backup/metrica_data.db: "INSERT OR REPLACE  INTO preferences(value,type,key) VALUES ('{"device_id":"3446ab8ef0f0c152349a542922def4ab","device_id_hash":"17908368446266418513","referrer_checked":true,"location_id":-1,"lbs_id":-1,"location_request_id":-1,"last_migration_api_level":105}',4,'VITAL_DATA')"
04-23 21:43:48.817 11570 11634 V SQLiteTime: /data/user/0/ru.atol.tabletpos/no_backup/metrica_data.db: "INSERT OR REPLACE  INTO preferences(value,type,key) VALUES (?,?,?)" took 1.000 ms
04-23 21:43:48.817 11570 11634 V SQLiteStatements: /data/user/0/ru.atol.tabletpos/no_backup/metrica_data.db: "COMMIT;"
04-23 21:43:48.818 11570 11641 W GooglePlayServicesUtil: ru.atol.tabletpos requires the Google Play Store, but it is missing.
04-23 21:43:48.820 11570 11641 W GoogleApiManager: The service for com.google.android.gms.internal.appset.zzd is not available: ConnectionResult{statusCode=SERVICE_INVALID, resolution=null, message=null}
04-23 21:43:48.828 11570 11634 V SQLiteTime: /data/user/0/ru.atol.tabletpos/no_backup/metrica_data.db: "COMMIT;" took 11.000 ms
04-23 21:43:48.829 11570 11634 V SQLiteStatements: /data/user/0/ru.atol.tabletpos/no_backup/metrica_data.db: "BEGIN EXCLUSIVE;"
04-23 21:43:48.829 11570 11634 V SQLiteTime: /data/user/0/ru.atol.tabletpos/no_backup/metrica_data.db: "BEGIN EXCLUSIVE;" took 0.000 ms
04-23 21:43:48.829 11570 11634 V SQLiteStatements: /data/user/0/ru.atol.tabletpos/no_backup/metrica_data.db: "INSERT OR REPLACE  INTO preferences(value,type,key) VALUES ('{"device_id":"3446ab8ef0f0c152349a542922def4ab","device_id_hash":"17908368446266418513","referrer_checked":true,"location_id":-1,"lbs_id":-1,"location_request_id":-1,"last_migration_api_level":105}',4,'VITAL_DATA')"
04-23 21:43:48.830 11570 11634 V SQLiteTime: /data/user/0/ru.atol.tabletpos/no_backup/metrica_data.db: "INSERT OR REPLACE  INTO preferences(value,type,key) VALUES (?,?,?)" took 1.000 ms
04-23 21:43:48.830 11570 11634 V SQLiteStatements: /data/user/0/ru.atol.tabletpos/no_backup/metrica_data.db: "COMMIT;"
04-23 21:43:48.835 11570 11634 V SQLiteTime: /data/user/0/ru.atol.tabletpos/no_backup/metrica_data.db: "COMMIT;" took 5.000 ms
04-23 21:43:48.837 11570 11635 V SQLiteStatements: /data/user/0/ru.atol.tabletpos/no_backup/metrica_data.db: "INSERT OR REPLACE  INTO binary_data(value,data_key) VALUES (x'3f4293f5961c6c07d92f679acbb9e870b114eecba41b21ddf4448f5c0533585b8436c710375d3bbb62b3e9cfaecd63bd7d0317eb41890d217e88ddc6262b72aefbaeac5d180280c86082b8319669163ef3a6318083c5c477d59d0faacc11d3c3efc185af5d8fac84dc791c8f0d9da538859fc4963a643d480aa68f50002f7364aca9b35d8cc1fedb1aaa4a7fb5cd7c71023d773104376ab7a14a46116e6eaf1977651cffa05f442424a10b526fc1a9cdb7ea8bf9c772751bd6de76fa24dcfee103ff91af15905607416b7097f54f0b9a1799090047ea0138f80c6b38a445a822bef297296a3ca252bfda47b05eef9348c017971e5cf2397bb06688058189f3c5d8b613e4ba3c3875c6d594eb74ec11f87243773b7153d4c2155242c37bba30e25cad3b3a10bd7ba1b9b9a380ccf0d143dad71e4b85f9ff4fa605832a8ca4bde1f4e804e73cf48dbcde09d0751c854bd805e8a5222c6a858694e19b67daeb5e45d16f11a0f27e315cad853f8c4d02d0f7d153ff8b4fb1a6f3756c44b85c7ab15d97d722ad877877e69af157b0d593bfc48180801202dfee2091406181881e1e8ced2fd3d4d90714d7341bd672e0ef6fa8cd9073459222ee48c9d53db05d3f5c1599a980
04-23 21:43:48.849 11570 11635 V SQLiteTime: /data/user/0/ru.atol.tabletpos/no_backup/metrica_data.db: "INSERT OR REPLACE  INTO binary_data(value,data_key) VALUES (?,?)" took 13.000 ms
04-23 21:43:48.853 11570 11631 W ContextImpl: Calling a method in the system process without a qualified user: android.app.ContextImpl.bindService:1290 android.content.ContextWrapper.bindService:604 com.yandex.metrica.impl.ob.wh.f:23 com.yandex.metrica.impl.ob.wh$e.run:-1 com.yandex.metrica.coreutils.services.a.onWaitFinished:8 
04-23 21:43:48.855 11570 11633 V SQLiteStatements: /data/user/0/ru.atol.tabletpos/no_backup/metrica_data.db: "INSERT OR REPLACE  INTO binary_data(value,data_key) VALUES (x'10f086d8cd3f54333c967ebd9c527a3b1bef363a7bf7b6d73ce8355470c01463ceae393740c7489f6e03a1cf69e759a2e563fcd0a535a51207eceaad8b329e9dd6907000695682d25a7a1d11bca07769187f38ba7b4830861284dde353a860e6b791650face31252626a38936dc94f77','provided_request_state')"
04-23 21:43:48.856 11570 11570 V ActivityThread: handleBindService s=com.yandex.metrica.MetricaService@89bd153 rebind=false
04-23 21:43:48.859 11570 11570 D ActivityThread: SVC-BIND_SERVICE handled : 0 / BindServiceData{token=android.os.BinderProxy@2764bb6 intent=Intent { act=com.yandex.metrica.ACTION_BIND_TO_LOCAL_SERVER cmp=ru.atol.tabletpos/com.yandex.metrica.MetricaService }}
04-23 21:43:48.863 11570 11628 V SQLiteStatements: /data/user/0/ru.atol.tabletpos/no_backup/metrica_client_data.db: "PRAGMA page_size"
04-23 21:43:48.863 11570 11628 V SQLiteStatements: /data/user/0/ru.atol.tabletpos/no_backup/metrica_client_data.db: "PRAGMA foreign_keys"
04-23 21:43:48.864 11570 11628 V SQLiteStatements: /data/user/0/ru.atol.tabletpos/no_backup/metrica_client_data.db: "PRAGMA journal_mode"
04-23 21:43:48.865 11570 11628 V SQLiteStatements: /data/user/0/ru.atol.tabletpos/no_backup/metrica_client_data.db: "PRAGMA journal_mode=PERSIST"
04-23 21:43:48.865 11570 11628 V SQLiteStatements: /data/user/0/ru.atol.tabletpos/no_backup/metrica_client_data.db: "PRAGMA synchronous"
04-23 21:43:48.865 11570 11628 V SQLiteStatements: /data/user/0/ru.atol.tabletpos/no_backup/metrica_client_data.db: "PRAGMA journal_size_limit"
04-23 21:43:48.865 11570 11628 V SQLiteStatements: /data/user/0/ru.atol.tabletpos/no_backup/metrica_client_data.db: "PRAGMA journal_size_limit=524288"
04-23 21:43:48.865 11570 11628 V SQLiteStatements: /data/user/0/ru.atol.tabletpos/no_backup/metrica_client_data.db: "PRAGMA wal_autocheckpoint"
04-23 21:43:48.866 11570 11628 V SQLiteStatements: /data/user/0/ru.atol.tabletpos/no_backup/metrica_client_data.db: "PRAGMA wal_autocheckpoint=100"
04-23 21:43:48.867 11570 11628 V SQLiteStatements: /data/user/0/ru.atol.tabletpos/no_backup/metrica_client_data.db: "CREATE TABLE IF NOT EXISTS android_metadata (locale TEXT)"
04-23 21:43:48.867 11570 11628 V SQLiteTime: /data/user/0/ru.atol.tabletpos/no_backup/metrica_client_data.db: "CREATE TABLE IF NOT EXISTS android_metadata (locale TEXT)" took 0.000 ms
04-23 21:43:48.867 11570 11628 V SQLiteStatements: /data/user/0/ru.atol.tabletpos/no_backup/metrica_client_data.db: "SELECT locale FROM android_metadata UNION SELECT NULL ORDER BY locale DESC LIMIT 1"
04-23 21:43:48.869 11570 11628 V SQLiteStatements: /data/user/0/ru.atol.tabletpos/no_backup/metrica_client_data.db: "PRAGMA user_version;"
04-23 21:43:48.869 11570 11628 V SQLiteStatements: /data/user/0/ru.atol.tabletpos/no_backup/metrica_client_data.db: "BEGIN EXCLUSIVE;"
04-23 21:43:48.870 11570 11628 V SQLiteTime: /data/user/0/ru.atol.tabletpos/no_backup/metrica_client_data.db: "BEGIN EXCLUSIVE;" took 1.000 ms
04-23 21:43:48.870 11570 11628 V SQLiteStatements: /data/user/0/ru.atol.tabletpos/no_backup/metrica_client_data.db: "INSERT OR REPLACE  INTO preferences(value,type,key) VALUES ('{"ID":"6fb58cf5ffac4c1693ba99e0096f935b","STATUS":"OK"}',4,'UUID_RESULT')"
04-23 21:43:48.871 11570 11628 V SQLiteTime: /data/user/0/ru.atol.tabletpos/no_backup/metrica_client_data.db: "INSERT OR REPLACE  INTO preferences(value,type,key) VALUES (?,?,?)" took 1.000 ms
04-23 21:43:48.871 11570 11628 V SQLiteStatements: /data/user/0/ru.atol.tabletpos/no_backup/metrica_client_data.db: "COMMIT;"
04-23 21:43:48.875 11570 11633 V SQLiteTime: /data/user/0/ru.atol.tabletpos/no_backup/metrica_data.db: "INSERT OR REPLACE  INTO binary_data(value,data_key) VALUES (?,?)" took 20.000 ms
04-23 21:43:48.876 11570 11634 V SQLiteStatements: /data/user/0/ru.atol.tabletpos/no_backup/metrica_data.db: "BEGIN EXCLUSIVE;"
04-23 21:43:48.876 11570 11634 V SQLiteTime: /data/user/0/ru.atol.tabletpos/no_backup/metrica_data.db: "BEGIN EXCLUSIVE;" took 0.000 ms
04-23 21:43:48.877 11570 11634 V SQLiteStatements: /data/user/0/ru.atol.tabletpos/no_backup/metrica_data.db: "INSERT OR REPLACE  INTO preferences(value,type,key) VALUES ('false',1,'LOCATION_TRACKING_ENABLED')"
04-23 21:43:48.877 11570 11634 V SQLiteTime: /data/user/0/ru.atol.tabletpos/no_backup/metrica_data.db: "INSERT OR REPLACE  INTO preferences(value,type,key) VALUES (?,?,?)" took 0.000 ms
04-23 21:43:48.877 11570 11634 V SQLiteStatements: /data/user/0/ru.atol.tabletpos/no_backup/metrica_data.db: "INSERT OR REPLACE  INTO preferences(value,type,key) VALUES ('false',1,'STATISTICS_RESTRICTED_IN_MAIN')"
04-23 21:43:48.877 11570 11634 V SQLiteTime: /data/user/0/ru.atol.tabletpos/no_backup/metrica_data.db: "INSERT OR REPLACE  INTO preferences(value,type,key) VALUES (?,?,?)" took 0.000 ms
04-23 21:43:48.878 11570 11634 V SQLiteStatements: /data/user/0/ru.atol.tabletpos/no_backup/metrica_data.db: "COMMIT;"
04-23 21:43:48.883 11570 11628 V SQLiteTime: /data/user/0/ru.atol.tabletpos/no_backup/metrica_client_data.db: "COMMIT;" took 12.000 ms
04-23 21:43:48.885 11570 11628 V SQLiteStatements: /data/user/0/ru.atol.tabletpos/no_backup/metrica_client_data.db: "PRAGMA page_size"
04-23 21:43:48.885 11570 11628 V SQLiteStatements: /data/user/0/ru.atol.tabletpos/no_backup/metrica_client_data.db: "PRAGMA foreign_keys"
04-23 21:43:48.886 11570 11628 V SQLiteStatements: /data/user/0/ru.atol.tabletpos/no_backup/metrica_client_data.db: "PRAGMA journal_mode"
04-23 21:43:48.887 11570 11634 V SQLiteTime: /data/user/0/ru.atol.tabletpos/no_backup/metrica_data.db: "COMMIT;" took 8.000 ms
04-23 21:43:48.887 11570 11628 V SQLiteStatements: /data/user/0/ru.atol.tabletpos/no_backup/metrica_client_data.db: "PRAGMA journal_mode=PERSIST"
04-23 21:43:48.887 11570 11635 V SQLiteStatements: /data/user/0/ru.atol.tabletpos/no_backup/metrica_data.db: "INSERT OR REPLACE  INTO binary_data(value,data_key) VALUES (x'478ac84890b8c8040a241f98b993ccc9','clids_info')"
04-23 21:43:48.887 11570 11628 V SQLiteStatements: /data/user/0/ru.atol.tabletpos/no_backup/metrica_client_data.db: "PRAGMA synchronous"
04-23 21:43:48.887 11570 11628 V SQLiteStatements: /data/user/0/ru.atol.tabletpos/no_backup/metrica_client_data.db: "PRAGMA journal_size_limit"
04-23 21:43:48.888 11570 11628 V SQLiteStatements: /data/user/0/ru.atol.tabletpos/no_backup/metrica_client_data.db: "PRAGMA journal_size_limit=524288"
04-23 21:43:48.888 11570 11628 V SQLiteStatements: /data/user/0/ru.atol.tabletpos/no_backup/metrica_client_data.db: "PRAGMA wal_autocheckpoint"
04-23 21:43:48.888 11570 11628 V SQLiteStatements: /data/user/0/ru.atol.tabletpos/no_backup/metrica_client_data.db: "PRAGMA wal_autocheckpoint=100"
04-23 21:43:48.889 11570 11628 V SQLiteStatements: /data/user/0/ru.atol.tabletpos/no_backup/metrica_client_data.db: "CREATE TABLE IF NOT EXISTS android_metadata (locale TEXT)"
04-23 21:43:48.890 11570 11628 V SQLiteTime: /data/user/0/ru.atol.tabletpos/no_backup/metrica_client_data.db: "CREATE TABLE IF NOT EXISTS android_metadata (locale TEXT)" took 1.000 ms
04-23 21:43:48.890 11570 11628 V SQLiteStatements: /data/user/0/ru.atol.tabletpos/no_backup/metrica_client_data.db: "SELECT locale FROM android_metadata UNION SELECT NULL ORDER BY locale DESC LIMIT 1"
04-23 21:43:48.891 11570 11628 V SQLiteStatements: /data/user/0/ru.atol.tabletpos/no_backup/metrica_client_data.db: "PRAGMA user_version;"
04-23 21:43:48.892 11570 11628 V SQLiteStatements: /data/user/0/ru.atol.tabletpos/no_backup/metrica_client_data.db: "BEGIN EXCLUSIVE;"
04-23 21:43:48.892 11570 11628 V SQLiteTime: /data/user/0/ru.atol.tabletpos/no_backup/metrica_client_data.db: "BEGIN EXCLUSIVE;" took 0.000 ms
04-23 21:43:48.893 11570 11628 V SQLiteStatements: /data/user/0/ru.atol.tabletpos/no_backup/metrica_client_data.db: "INSERT OR REPLACE  INTO preferences(value,type,key) VALUES ('{"STATUS":"IDENTIFIER_PROVIDER_UNAVAILABLE","ERROR_EXPLANATION":"could not resolve google services"}',4,'GAID')"
04-23 21:43:48.894 11570 11628 V SQLiteTime: /data/user/0/ru.atol.tabletpos/no_backup/metrica_client_data.db: "INSERT OR REPLACE  INTO preferences(value,type,key) VALUES (?,?,?)" took 1.000 ms
04-23 21:43:48.894 11570 11628 V SQLiteStatements: /data/user/0/ru.atol.tabletpos/no_backup/metrica_client_data.db: "INSERT OR REPLACE  INTO preferences(value,type,key) VALUES ('{}',4,'DIAGNOSTICS_CONFIGS_HOLDER')"
04-23 21:43:48.894 11570 11628 V SQLiteTime: /data/user/0/ru.atol.tabletpos/no_backup/metrica_client_data.db: "INSERT OR REPLACE  INTO preferences(value,type,key) VALUES (?,?,?)" took 0.000 ms
04-23 21:43:48.894 11570 11628 V SQLiteStatements: /data/user/0/ru.atol.tabletpos/no_backup/metrica_client_data.db: "INSERT OR REPLACE  INTO preferences(value,type,key) VALUES (0,3,'SERVER_TIME_OFFSET')"
04-23 21:43:48.895 11570 11628 V SQLiteTime: /data/user/0/ru.atol.tabletpos/no_backup/metrica_client_data.db: "INSERT OR REPLACE  INTO preferences(value,type,key) VALUES (?,?,?)" took 1.000 ms
04-23 21:43:48.895 11570 11628 V SQLiteStatements: /data/user/0/ru.atol.tabletpos/no_backup/metrica_client_data.db: "INSERT OR REPLACE  INTO preferences(value,type,key) VALUES ('{"ID":"https:\/\/mobile.yandexadexchange.net","STATUS":"OK"}',4,'AD_URL_GET_RESULT')"
04-23 21:43:48.895 11570 11635 V SQLiteTime: /data/user/0/ru.atol.tabletpos/no_backup/metrica_data.db: "INSERT OR REPLACE  INTO binary_data(value,data_key) VALUES (?,?)" took 8.000 ms
04-23 21:43:48.895 11570 11628 V SQLiteTime: /data/user/0/ru.atol.tabletpos/no_backup/metrica_client_data.db: "INSERT OR REPLACE  INTO preferences(value,type,key) VALUES (?,?,?)" took 0.000 ms
04-23 21:43:48.896 11570 11628 V SQLiteStatements: /data/user/0/ru.atol.tabletpos/no_backup/metrica_client_data.db: "INSERT OR REPLACE  INTO preferences(value,type,key) VALUES ('{"ID":"3446ab8ef0f0c152349a542922def4ab","STATUS":"OK"}',4,'DEVICE_ID_RESULT')"
04-23 21:43:48.896 11570 11635 I AppMetrica-Attribution: Choosing distribution data: ClidsInfo(chosen=Candidate(clids=null, source=APP), candidates=[Candidate(clids=null, source=APP)])
04-23 21:43:48.896 11570 11628 V SQLiteTime: /data/user/0/ru.atol.tabletpos/no_backup/metrica_client_data.db: "INSERT OR REPLACE  INTO preferences(value,type,key) VALUES (?,?,?)" took 0.000 ms
04-23 21:43:48.896 11570 11628 V SQLiteStatements: /data/user/0/ru.atol.tabletpos/no_backup/metrica_client_data.db: "INSERT OR REPLACE  INTO preferences(value,type,key) VALUES ('{"libSslEnabled":false,"STATUS":"OK"}',4,'FEATURES')"
04-23 21:43:48.897 11570 11628 V SQLiteTime: /data/user/0/ru.atol.tabletpos/no_backup/metrica_client_data.db: "INSERT OR REPLACE  INTO preferences(value,type,key) VALUES (?,?,?)" took 1.000 ms
04-23 21:43:48.897 11570 11628 V SQLiteStatements: /data/user/0/ru.atol.tabletpos/no_backup/metrica_client_data.db: "INSERT OR REPLACE  INTO preferences(value,type,key) VALUES ('{"STATUS":"IDENTIFIER_PROVIDER_UNAVAILABLE","ERROR_EXPLANATION":"could not resolve yandex services"}',4,'YANDEX_ADV_ID')"
04-23 21:43:48.897 11570 11628 V SQLiteTime: /data/user/0/ru.atol.tabletpos/no_backup/metrica_client_data.db: "INSERT OR REPLACE  INTO preferences(value,type,key) VALUES (?,?,?)" took 0.000 ms
04-23 21:43:48.897 11570 11628 V SQLiteStatements: /data/user/0/ru.atol.tabletpos/no_backup/metrica_client_data.db: "INSERT OR REPLACE  INTO preferences(value,type,key) VALUES ('',4,'CLIENT_CLIDS')"
04-23 21:43:48.898 11570 11628 V SQLiteTime: /data/user/0/ru.atol.tabletpos/no_backup/metrica_client_data.db: "INSERT OR REPLACE  INTO preferences(value,type,key) VALUES (?,?,?)" took 1.000 ms
04-23 21:43:48.898 11570 11628 V SQLiteStatements: /data/user/0/ru.atol.tabletpos/no_backup/metrica_client_data.db: "INSERT OR REPLACE  INTO preferences(value,type,key) VALUES ('{"ID":"","STATUS":"UNKNOWN","ERROR_EXPLANATION":"no identifier in startup state"}',4,'RESPONSE_CLIDS_RESULT')"
04-23 21:43:48.898 11570 11628 V SQLiteTime: /data/user/0/ru.atol.tabletpos/no_backup/metrica_client_data.db: "INSERT OR REPLACE  INTO preferences(value,type,key) VALUES (?,?,?)" took 0.000 ms
04-23 21:43:48.899 11570 11628 V SQLiteStatements: /data/user/0/ru.atol.tabletpos/no_backup/metrica_client_data.db: "INSERT OR REPLACE  INTO preferences(value,type,key) VALUES ('false',1,'CLIENT_CLIDS_CHANGED_AFTER_LAST_IDENTIFIERS_UPDATE')"
04-23 21:43:48.899 11570 11628 V SQLiteTime: /data/user/0/ru.atol.tabletpos/no_backup/metrica_client_data.db: "INSERT OR REPLACE  INTO preferences(value,type,key) VALUES (?,?,?)" took 0.000 ms
04-23 21:43:48.899 11570 11628 V SQLiteStatements: /data/user/0/ru.atol.tabletpos/no_backup/metrica_client_data.db: "INSERT OR REPLACE  INTO preferences(value,type,key) VALUES ('{"upe":true,"uece":false,"ruece":false,"ucfbe":true,"upc":{"tltb":10000,"ttb":1000,"mvcl":500,"act":5000,"rtsc":true,"er":false,"pabd":true,"f":[]},"uecc":{"tsc":true,"rtsc1":true,"tvc":true,"tsc1":true,"ic":true,"ncvc":false,"tlc":true,"vh":false,"if":false,"wvuc":false,"tltb":250,"ttb":250,"mec":1000,"mfcl":200000,"wvul":4000,"f":[]},"ruecc":{"tsc":true,"rtsc1":true,"tvc":true,"tsc1":true,"ic":false,"ncvc":false,"tlc":false,"vh":false,"if":false,"wvuc":false,"tltb":10000,"ttb":1000,"mec":1000,"mfcl":200000,"wvul":4000,"f":[]},"ucfbc":{"tsc":false,"rtsc1":false,"tvc":true,"tsc1":false,"ic":false,"ncvc":false,"tlc":false,"vh":false,"if":true,"wvuc":false,"tltb":10000,"ttb":100,"mec":1000,"mfcl":5000,"wvul":4000,"f":[]}}',4,'ACCESS_CONFIG')"
04-23 21:43:48.899 11570 11634 V SQLiteStatements: /data/user/0/ru.atol.tabletpos/no_backup/metrica_data.db: "BEGIN EXCLUSIVE;"
04-23 21:43:48.899 11570 11628 V SQLiteTime: /data/user/0/ru.atol.tabletpos/no_backup/metrica_client_data.db: "INSERT OR REPLACE  INTO preferences(value,type,key) VALUES (?,?,?)" took 0.000 ms
04-23 21:43:48.900 11570 11628 V SQLiteStatements: /data/user/0/ru.atol.tabletpos/no_backup/metrica_client_data.db: "INSERT OR REPLACE  INTO preferences(value,type,key) VALUES ('{"ID":"https:\/\/mobile.yandexadexchange.net","STATUS":"OK"}',4,'AD_URL_REPORT_RESULT')"
04-23 21:43:48.900 11570 11628 V SQLiteTime: /data/user/0/ru.atol.tabletpos/no_backup/metrica_client_data.db: "INSERT OR REPLACE  INTO preferences(value,type,key) VALUES (?,?,?)" took 0.000 ms
04-23 21:43:48.900 11570 11634 V SQLiteTime: /data/user/0/ru.atol.tabletpos/no_backup/metrica_data.db: "BEGIN EXCLUSIVE;" took 1.000 ms
04-23 21:43:48.900 11570 11628 V SQLiteStatements: /data/user/0/ru.atol.tabletpos/no_backup/metrica_client_data.db: "INSERT OR REPLACE  INTO preferences(value,type,key) VALUES (1713975171,3,'NEXT_STARTUP_TIME')"
04-23 21:43:48.900 11570 11634 V SQLiteStatements: /data/user/0/ru.atol.tabletpos/no_backup/metrica_data.db: "INSERT OR REPLACE  INTO preferences(value,type,key) VALUES ('false',1,'LOCATION_TRACKING_ENABLED')"
04-23 21:43:48.900 11570 11628 V SQLiteTime: /data/user/0/ru.atol.tabletpos/no_backup/metrica_client_data.db: "INSERT OR REPLACE  INTO preferences(value,type,key) VALUES (?,?,?)" took 0.000 ms
04-23 21:43:48.900 11570 11628 V SQLiteStatements: /data/user/0/ru.atol.tabletpos/no_backup/metrica_client_data.db: "INSERT OR REPLACE  INTO preferences(value,type,key) VALUES ('{"STATUS":"FEATURE_DISABLED","ERROR_EXPLANATION":"startup forbade ads identifiers collecting"}',4,'HOAID')"
04-23 21:43:48.900 11570 11628 V SQLiteTime: /data/user/0/ru.atol.tabletpos/no_backup/metrica_client_data.db: "INSERT OR REPLACE  INTO preferences(value,type,key) VALUES (?,?,?)" took 0.000 ms
04-23 21:43:48.901 11570 11628 V SQLiteStatements: /data/user/0/ru.atol.tabletpos/no_backup/metrica_client_data.db: "INSERT OR REPLACE  INTO preferences(value,type,key) VALUES ('{"ID":"{\"ssl_pinning\":\"[\\\"https:\\\\\\\/\\\\\\\/certificate.mobile.yandex.net\\\"]\",\"check_updates\":\"[\\\"https:\\\\\\\/\\\\\\\/analytics.mobile.yandex.net\\\"]\",\"apple_tracking\":\"[\\\"https:\\\\\\\/\\\\\\\/tracking.appmetrica.yandex.net\\\"]\",\"redirect\":\"[\\\"https:\\\\\\\/\\\\\\\/redirect.appmetrica.yandex.com\\\"]\"}","STATUS":"OK"}',4,'CUSTOM_SDK_HOSTS')"
04-23 21:43:48.901 11570 11628 V SQLiteTime: /data/user/0/ru.atol.tabletpos/no_backup/metrica_client_data.db: "INSERT OR REPLACE  INTO preferences(value,type,key) VALUES (?,?,?)" took 0.000 ms
04-23 21:43:48.901 11570 11634 V SQLiteTime: /data/user/0/ru.atol.tabletpos/no_backup/metrica_data.db: "INSERT OR REPLACE  INTO preferences(value,type,key) VALUES (?,?,?)" took 0.000 ms
04-23 21:43:48.901 11570 11628 V SQLiteStatements: /data/user/0/ru.atol.tabletpos/no_backup/metrica_client_data.db: "INSERT OR REPLACE  INTO preferences(value,type,key) VALUES ('{"ID":"17908368446266418513","STATUS":"OK"}',4,'DEVICE_ID_HASH_RESULT')"
04-23 21:43:48.901 11570 11628 V SQLiteTime: /data/user/0/ru.atol.tabletpos/no_backup/metrica_client_data.db: "INSERT OR REPLACE  INTO preferences(value,type,key) VALUES (?,?,?)" took 0.000 ms
04-23 21:43:48.901 11570 11634 V SQLiteStatements: /data/user/0/ru.atol.tabletpos/no_backup/metrica_data.db: "COMMIT;"
04-23 21:43:48.901 11570 11628 V SQLiteStatements: /data/user/0/ru.atol.tabletpos/no_backup/metrica_client_data.db: "COMMIT;"
04-23 21:43:48.904  3258  3287 D SettingsInterface:  from settings cache , name = multi_sim_voice_call , value = null
04-23 21:43:48.911 11570 11646 V SQLiteStatements: /data/user/0/ru.atol.tabletpos/no_backup/db_metrica_ru.atol.tabletpos: "PRAGMA page_size"
04-23 21:43:48.911 11570 11646 V SQLiteStatements: /data/user/0/ru.atol.tabletpos/no_backup/db_metrica_ru.atol.tabletpos: "PRAGMA foreign_keys"
04-23 21:43:48.911 11570 11634 V SQLiteTime: /data/user/0/ru.atol.tabletpos/no_backup/metrica_data.db: "COMMIT;" took 10.000 ms
04-23 21:43:48.912 11570 11628 V SQLiteTime: /data/user/0/ru.atol.tabletpos/no_backup/metrica_client_data.db: "COMMIT;" took 11.000 ms
04-23 21:43:48.913 11570 11646 V SQLiteStatements: /data/user/0/ru.atol.tabletpos/no_backup/db_metrica_ru.atol.tabletpos: "PRAGMA journal_mode"
04-23 21:43:48.914 11570 11646 V SQLiteStatements: /data/user/0/ru.atol.tabletpos/no_backup/db_metrica_ru.atol.tabletpos: "PRAGMA journal_mode=PERSIST"
04-23 21:43:48.914 11570 11646 V SQLiteStatements: /data/user/0/ru.atol.tabletpos/no_backup/db_metrica_ru.atol.tabletpos: "PRAGMA synchronous"
04-23 21:43:48.914 11570 11646 V SQLiteStatements: /data/user/0/ru.atol.tabletpos/no_backup/db_metrica_ru.atol.tabletpos: "PRAGMA journal_size_limit"
04-23 21:43:48.914 11570 11646 V SQLiteStatements: /data/user/0/ru.atol.tabletpos/no_backup/db_metrica_ru.atol.tabletpos: "PRAGMA journal_size_limit=524288"
04-23 21:43:48.914 11570 11646 V SQLiteStatements: /data/user/0/ru.atol.tabletpos/no_backup/db_metrica_ru.atol.tabletpos: "PRAGMA wal_autocheckpoint"
04-23 21:43:48.914 11570 11646 V SQLiteStatements: /data/user/0/ru.atol.tabletpos/no_backup/db_metrica_ru.atol.tabletpos: "PRAGMA wal_autocheckpoint=100"
04-23 21:43:48.915 11570 11646 V SQLiteStatements: /data/user/0/ru.atol.tabletpos/no_backup/db_metrica_ru.atol.tabletpos: "CREATE TABLE IF NOT EXISTS android_metadata (locale TEXT)"
04-23 21:43:48.915 11570 11646 V SQLiteTime: /data/user/0/ru.atol.tabletpos/no_backup/db_metrica_ru.atol.tabletpos: "CREATE TABLE IF NOT EXISTS android_metadata (locale TEXT)" took 0.000 ms
04-23 21:43:48.915 11570 11646 V SQLiteStatements: /data/user/0/ru.atol.tabletpos/no_backup/db_metrica_ru.atol.tabletpos: "SELECT locale FROM android_metadata UNION SELECT NULL ORDER BY locale DESC LIMIT 1"
04-23 21:43:48.916  1951  1951 E WifiTrafficPoller: TRAFFIC_STATS_POLL true Token 58 num clients 10
04-23 21:43:48.916 11570 11646 V SQLiteStatements: /data/user/0/ru.atol.tabletpos/no_backup/db_metrica_ru.atol.tabletpos: "PRAGMA user_version;"
04-23 21:43:48.917  1951  1951 E WifiTrafficPoller:  packet count Tx=197771 Rx=268775
04-23 21:43:48.919 11570 11646 I CursorWindowStats: Created a new Cursor. # Open Cursors=1 (# cursors opened by this proc=1)
04-23 21:43:48.919 11570 11646 V SQLiteStatements: /data/user/0/ru.atol.tabletpos/no_backup/db_metrica_ru.atol.tabletpos: "SELECT key, value, type FROM preferences"
04-23 21:43:48.919 11570 11646 V SQLiteTime: /data/user/0/ru.atol.tabletpos/no_backup/db_metrica_ru.atol.tabletpos: "SELECT key, value, type FROM preferences" took 0.000 ms
04-23 21:43:48.919 11570 11646 D SQLiteCursor: received count(*) from native_fill_window: 10
04-23 21:43:48.944 11570 11635 I CursorWindowStats: Created a new Cursor. # Open Cursors=1 (# cursors opened by this proc=1)
04-23 21:43:48.944 11570 11635 V SQLiteStatements: /data/user/0/ru.atol.tabletpos/no_backup/db_metrica_ru.atol.tabletpos: "SELECT count() FROM reports"
04-23 21:43:48.945 11570 11635 V SQLiteTime: /data/user/0/ru.atol.tabletpos/no_backup/db_metrica_ru.atol.tabletpos: "SELECT count() FROM reports" took 1.000 ms
04-23 21:43:48.945 11570 11635 D SQLiteCursor: received count(*) from native_fill_window: 1
04-23 21:43:48.951 11570 11635 I CursorWindowStats: Created a new Cursor. # Open Cursors=1 (# cursors opened by this proc=1)
04-23 21:43:48.951 11570 11635 V SQLiteStatements: /data/user/0/ru.atol.tabletpos/no_backup/db_metrica_ru.atol.tabletpos: "SELECT count() FROM reports WHERE type == 0 OR type == 8224 OR type == 4097 OR type == 1792 OR type == 6145"
04-23 21:43:48.952 11570 11635 V SQLiteTime: /data/user/0/ru.atol.tabletpos/no_backup/db_metrica_ru.atol.tabletpos: "SELECT count() FROM reports WHERE type == 0 OR type == 8224 OR type == 4097 OR type == 1792 OR type == 6145" took 1.000 ms
04-23 21:43:48.952 11570 11635 D SQLiteCursor: received count(*) from native_fill_window: 1
04-23 21:43:48.955 11570 11646 V SQLiteStatements: /data/user/0/ru.atol.tabletpos/no_backup/db_metrica_ru.atol.tabletpos: "BEGIN EXCLUSIVE;"
04-23 21:43:48.956 11570 11646 V SQLiteTime: /data/user/0/ru.atol.tabletpos/no_backup/db_metrica_ru.atol.tabletpos: "BEGIN EXCLUSIVE;" took 1.000 ms
04-23 21:43:48.956 11570 11646 V SQLiteStatements: /data/user/0/ru.atol.tabletpos/no_backup/db_metrica_ru.atol.tabletpos: "INSERT OR REPLACE  INTO preferences(value,type,key) VALUES ('{"first_event_done":true,"init_event_done":true,"report_request_id":857,"global_number":4366,"session_id":10000001496,"referrer_handled":false,"numbers_of_type":{"6145":1,"6400":1497,"7":1497,"0":1,"1792":80,"12288":29,"12289":1,"1":1260},"open_id":1,"attribution_id":1,"last_migration_api_level":105}',4,'VITAL_DATA')"
04-23 21:43:48.957 11570 11646 V SQLiteTime: /data/user/0/ru.atol.tabletpos/no_backup/db_metrica_ru.atol.tabletpos: "INSERT OR REPLACE  INTO preferences(value,type,key) VALUES (?,?,?)" took 1.000 ms
04-23 21:43:48.957 11570 11646 V SQLiteStatements: /data/user/0/ru.atol.tabletpos/no_backup/db_metrica_ru.atol.tabletpos: "COMMIT;"
04-23 21:43:48.972 11570 11646 V SQLiteTime: /data/user/0/ru.atol.tabletpos/no_backup/db_metrica_ru.atol.tabletpos: "COMMIT;" took 15.000 ms
04-23 21:43:48.986  4180  4410 I System.out: [CDS]EAGAIN in Recvfrom
04-23 21:43:48.986  4180  4410 I System.out: [CDS]read byte is 0
04-23 21:43:49.023 11570 11635 V SQLiteStatements: /data/user/0/ru.atol.tabletpos/no_backup/metrica_aip.db: "PRAGMA page_size"
04-23 21:43:49.023 11570 11635 V SQLiteStatements: /data/user/0/ru.atol.tabletpos/no_backup/metrica_aip.db: "PRAGMA foreign_keys"
04-23 21:43:49.024 11570 11635 V SQLiteStatements: /data/user/0/ru.atol.tabletpos/no_backup/metrica_aip.db: "PRAGMA journal_mode"
04-23 21:43:49.024 11570 11635 V SQLiteStatements: /data/user/0/ru.atol.tabletpos/no_backup/metrica_aip.db: "PRAGMA journal_mode=PERSIST"
04-23 21:43:49.024 11570 11635 V SQLiteStatements: /data/user/0/ru.atol.tabletpos/no_backup/metrica_aip.db: "PRAGMA synchronous"
04-23 21:43:49.024 11570 11635 V SQLiteStatements: /data/user/0/ru.atol.tabletpos/no_backup/metrica_aip.db: "PRAGMA journal_size_limit"
04-23 21:43:49.024 11570 11635 V SQLiteStatements: /data/user/0/ru.atol.tabletpos/no_backup/metrica_aip.db: "PRAGMA journal_size_limit=524288"
04-23 21:43:49.024 11570 11635 V SQLiteStatements: /data/user/0/ru.atol.tabletpos/no_backup/metrica_aip.db: "PRAGMA wal_autocheckpoint"
04-23 21:43:49.025 11570 11635 V SQLiteStatements: /data/user/0/ru.atol.tabletpos/no_backup/metrica_aip.db: "PRAGMA wal_autocheckpoint=100"
04-23 21:43:49.025 11570 11635 V SQLiteStatements: /data/user/0/ru.atol.tabletpos/no_backup/metrica_aip.db: "CREATE TABLE IF NOT EXISTS android_metadata (locale TEXT)"
04-23 21:43:49.025 11570 11635 V SQLiteTime: /data/user/0/ru.atol.tabletpos/no_backup/metrica_aip.db: "CREATE TABLE IF NOT EXISTS android_metadata (locale TEXT)" took 0.000 ms
04-23 21:43:49.026 11570 11635 V SQLiteStatements: /data/user/0/ru.atol.tabletpos/no_backup/metrica_aip.db: "SELECT locale FROM android_metadata UNION SELECT NULL ORDER BY locale DESC LIMIT 1"
04-23 21:43:49.026 11570 11635 V SQLiteStatements: /data/user/0/ru.atol.tabletpos/no_backup/metrica_aip.db: "PRAGMA user_version;"
04-23 21:43:49.028 11570 11635 I CursorWindowStats: Created a new Cursor. # Open Cursors=1 (# cursors opened by this proc=1)
04-23 21:43:49.028 11570 11635 V SQLiteStatements: /data/user/0/ru.atol.tabletpos/no_backup/metrica_aip.db: "SELECT * FROM binary_data WHERE data_key = 'auto_inapp_collecting_info_data'"
04-23 21:43:49.028 11570 11635 V SQLiteTime: /data/user/0/ru.atol.tabletpos/no_backup/metrica_aip.db: "SELECT * FROM binary_data WHERE data_key = ?" took 0.000 ms
04-23 21:43:49.028 11570 11635 D SQLiteCursor: received count(*) from native_fill_window: 0
04-23 21:43:49.032 11570 11634 V SQLiteStatements: /data/user/0/ru.atol.tabletpos/no_backup/metrica_data.db: "BEGIN EXCLUSIVE;"
04-23 21:43:49.032 11570 11634 V SQLiteTime: /data/user/0/ru.atol.tabletpos/no_backup/metrica_data.db: "BEGIN EXCLUSIVE;" took 0.000 ms
04-23 21:43:49.032 11570 11634 V SQLiteStatements: /data/user/0/ru.atol.tabletpos/no_backup/metrica_data.db: "INSERT OR REPLACE  INTO preferences(value,type,key) VALUES ('false',1,'STATISTICS_RESTRICTED_IN_MAIN')"
04-23 21:43:49.033 11570 11634 V SQLiteTime: /data/user/0/ru.atol.tabletpos/no_backup/metrica_data.db: "INSERT OR REPLACE  INTO preferences(value,type,key) VALUES (?,?,?)" took 1.000 ms
04-23 21:43:49.033 11570 11634 V SQLiteStatements: /data/user/0/ru.atol.tabletpos/no_backup/metrica_data.db: "COMMIT;"
04-23 21:43:49.033 11570 11646 V SQLiteStatements: /data/user/0/ru.atol.tabletpos/no_backup/db_metrica_ru.atol.tabletpos: "BEGIN EXCLUSIVE;"
04-23 21:43:49.034 11570 11646 V SQLiteTime: /data/user/0/ru.atol.tabletpos/no_backup/db_metrica_ru.atol.tabletpos: "BEGIN EXCLUSIVE;" took 1.000 ms
04-23 21:43:49.035 11570 11646 V SQLiteStatements: /data/user/0/ru.atol.tabletpos/no_backup/db_metrica_ru.atol.tabletpos: "INSERT OR REPLACE  INTO preferences(value,type,key) VALUES ('356645112009453',4,'PROFILE_ID')"
04-23 21:43:49.035 11570 11646 V SQLiteTime: /data/user/0/ru.atol.tabletpos/no_backup/db_metrica_ru.atol.tabletpos: "INSERT OR REPLACE  INTO preferences(value,type,key) VALUES (?,?,?)" took 0.000 ms
04-23 21:43:49.035 11570 11646 V SQLiteStatements: /data/user/0/ru.atol.tabletpos/no_backup/db_metrica_ru.atol.tabletpos: "COMMIT;"
04-23 21:43:49.041 11570 11634 V SQLiteTime: /data/user/0/ru.atol.tabletpos/no_backup/metrica_data.db: "COMMIT;" took 8.000 ms
04-23 21:43:49.041 11570 11646 V SQLiteTime: /data/user/0/ru.atol.tabletpos/no_backup/db_metrica_ru.atol.tabletpos: "COMMIT;" took 6.000 ms
04-23 21:43:49.041 11570 11635 V SQLiteStatements: /data/user/0/ru.atol.tabletpos/no_backup/metrica_data.db: "INSERT OR REPLACE  INTO binary_data(value,data_key) VALUES (x'478ac84890b8c8040a241f98b993ccc9','clids_info')"
04-23 21:43:49.047 11570 11635 V SQLiteTime: /data/user/0/ru.atol.tabletpos/no_backup/metrica_data.db: "INSERT OR REPLACE  INTO binary_data(value,data_key) VALUES (?,?)" took 6.000 ms
04-23 21:43:49.047 11570 11635 I AppMetrica-Attribution: Choosing distribution data: ClidsInfo(chosen=Candidate(clids=null, source=APP), candidates=[Candidate(clids=null, source=APP)])
04-23 21:43:49.051 11570 11649 V SQLiteStatements: /data/user/0/ru.atol.tabletpos/no_backup/db_metrica_ru.atol.tabletpos_20799a27-fa80-4b36-b2db-0f8141f24180: "PRAGMA page_size"
04-23 21:43:49.051 11570 11649 V SQLiteStatements: /data/user/0/ru.atol.tabletpos/no_backup/db_metrica_ru.atol.tabletpos_20799a27-fa80-4b36-b2db-0f8141f24180: "PRAGMA foreign_keys"
04-23 21:43:49.052 11570 11649 V SQLiteStatements: /data/user/0/ru.atol.tabletpos/no_backup/db_metrica_ru.atol.tabletpos_20799a27-fa80-4b36-b2db-0f8141f24180: "PRAGMA journal_mode"
04-23 21:43:49.053 11570 11649 V SQLiteStatements: /data/user/0/ru.atol.tabletpos/no_backup/db_metrica_ru.atol.tabletpos_20799a27-fa80-4b36-b2db-0f8141f24180: "PRAGMA journal_mode=PERSIST"
04-23 21:43:49.053 11570 11649 V SQLiteStatements: /data/user/0/ru.atol.tabletpos/no_backup/db_metrica_ru.atol.tabletpos_20799a27-fa80-4b36-b2db-0f8141f24180: "PRAGMA synchronous"
04-23 21:43:49.053 11570 11649 V SQLiteStatements: /data/user/0/ru.atol.tabletpos/no_backup/db_metrica_ru.atol.tabletpos_20799a27-fa80-4b36-b2db-0f8141f24180: "PRAGMA journal_size_limit"
04-23 21:43:49.053 11570 11649 V SQLiteStatements: /data/user/0/ru.atol.tabletpos/no_backup/db_metrica_ru.atol.tabletpos_20799a27-fa80-4b36-b2db-0f8141f24180: "PRAGMA journal_size_limit=524288"
04-23 21:43:49.053 11570 11649 V SQLiteStatements: /data/user/0/ru.atol.tabletpos/no_backup/db_metrica_ru.atol.tabletpos_20799a27-fa80-4b36-b2db-0f8141f24180: "PRAGMA wal_autocheckpoint"
04-23 21:43:49.053 11570 11649 V SQLiteStatements: /data/user/0/ru.atol.tabletpos/no_backup/db_metrica_ru.atol.tabletpos_20799a27-fa80-4b36-b2db-0f8141f24180: "PRAGMA wal_autocheckpoint=100"
04-23 21:43:49.054 11570 11649 V SQLiteStatements: /data/user/0/ru.atol.tabletpos/no_backup/db_metrica_ru.atol.tabletpos_20799a27-fa80-4b36-b2db-0f8141f24180: "CREATE TABLE IF NOT EXISTS android_metadata (locale TEXT)"
04-23 21:43:49.054 11570 11649 V SQLiteTime: /data/user/0/ru.atol.tabletpos/no_backup/db_metrica_ru.atol.tabletpos_20799a27-fa80-4b36-b2db-0f8141f24180: "CREATE TABLE IF NOT EXISTS android_metadata (locale TEXT)" took 0.000 ms
04-23 21:43:49.054 11570 11649 V SQLiteStatements: /data/user/0/ru.atol.tabletpos/no_backup/db_metrica_ru.atol.tabletpos_20799a27-fa80-4b36-b2db-0f8141f24180: "SELECT locale FROM android_metadata UNION SELECT NULL ORDER BY locale DESC LIMIT 1"
04-23 21:43:49.055 11570 11649 V SQLiteStatements: /data/user/0/ru.atol.tabletpos/no_backup/db_metrica_ru.atol.tabletpos_20799a27-fa80-4b36-b2db-0f8141f24180: "PRAGMA user_version;"
04-23 21:43:49.057 11570 11649 I CursorWindowStats: Created a new Cursor. # Open Cursors=1 (# cursors opened by this proc=1)
04-23 21:43:49.058 11570 11649 V SQLiteStatements: /data/user/0/ru.atol.tabletpos/no_backup/db_metrica_ru.atol.tabletpos_20799a27-fa80-4b36-b2db-0f8141f24180: "SELECT key, value, type FROM preferences"
04-23 21:43:49.058 11570 11649 V SQLiteTime: /data/user/0/ru.atol.tabletpos/no_backup/db_metrica_ru.atol.tabletpos_20799a27-fa80-4b36-b2db-0f8141f24180: "SELECT key, value, type FROM preferences" took 0.000 ms
04-23 21:43:49.058 11570 11649 D SQLiteCursor: received count(*) from native_fill_window: 5
04-23 21:43:49.066 11570 11635 I CursorWindowStats: Created a new Cursor. # Open Cursors=1 (# cursors opened by this proc=1)
04-23 21:43:49.066 11570 11635 V SQLiteStatements: /data/user/0/ru.atol.tabletpos/no_backup/db_metrica_ru.atol.tabletpos_20799a27-fa80-4b36-b2db-0f8141f24180: "SELECT count() FROM reports"
04-23 21:43:49.066 11570 11635 V SQLiteTime: /data/user/0/ru.atol.tabletpos/no_backup/db_metrica_ru.atol.tabletpos_20799a27-fa80-4b36-b2db-0f8141f24180: "SELECT count() FROM reports" took 0.000 ms
04-23 21:43:49.066 11570 11635 D SQLiteCursor: received count(*) from native_fill_window: 1
04-23 21:43:49.068 11570 11635 I CursorWindowStats: Created a new Cursor. # Open Cursors=1 (# cursors opened by this proc=1)
04-23 21:43:49.068 11570 11635 V SQLiteStatements: /data/user/0/ru.atol.tabletpos/no_backup/db_metrica_ru.atol.tabletpos_20799a27-fa80-4b36-b2db-0f8141f24180: "SELECT count() FROM reports WHERE type == 0 OR type == 8224 OR type == 4097 OR type == 1792 OR type == 6145"
04-23 21:43:49.068 11570 11635 V SQLiteTime: /data/user/0/ru.atol.tabletpos/no_backup/db_metrica_ru.atol.tabletpos_20799a27-fa80-4b36-b2db-0f8141f24180: "SELECT count() FROM reports WHERE type == 0 OR type == 8224 OR type == 4097 OR type == 1792 OR type == 6145" took 0.000 ms
04-23 21:43:49.068 11570 11635 D SQLiteCursor: received count(*) from native_fill_window: 1
04-23 21:43:49.070 11570 11649 V SQLiteStatements: /data/user/0/ru.atol.tabletpos/no_backup/db_metrica_ru.atol.tabletpos_20799a27-fa80-4b36-b2db-0f8141f24180: "BEGIN EXCLUSIVE;"
04-23 21:43:49.071 11570 11649 V SQLiteTime: /data/user/0/ru.atol.tabletpos/no_backup/db_metrica_ru.atol.tabletpos_20799a27-fa80-4b36-b2db-0f8141f24180: "BEGIN EXCLUSIVE;" took 1.000 ms
04-23 21:43:49.071 11570 11649 V SQLiteStatements: /data/user/0/ru.atol.tabletpos/no_backup/db_metrica_ru.atol.tabletpos_20799a27-fa80-4b36-b2db-0f8141f24180: "INSERT OR REPLACE  INTO preferences(value,type,key) VALUES ('{"first_event_done":true,"init_event_done":true,"report_request_id":1528,"global_number":6848,"session_id":10000001838,"referrer_handled":false,"numbers_of_type":{"6145":1,"6400":1839,"1":1977,"2304":3,"1793":955,"1792":234,"7":1838,"0":1},"open_id":1,"attribution_id":1,"last_migration_api_level":105}',4,'VITAL_DATA')"
04-23 21:43:49.072 11570 11649 V SQLiteTime: /data/user/0/ru.atol.tabletpos/no_backup/db_metrica_ru.atol.tabletpos_20799a27-fa80-4b36-b2db-0f8141f24180: "INSERT OR REPLACE  INTO preferences(value,type,key) VALUES (?,?,?)" took 1.000 ms
04-23 21:43:49.073 11570 11649 V SQLiteStatements: /data/user/0/ru.atol.tabletpos/no_backup/db_metrica_ru.atol.tabletpos_20799a27-fa80-4b36-b2db-0f8141f24180: "COMMIT;"
04-23 21:43:49.079 11570 11649 V SQLiteTime: /data/user/0/ru.atol.tabletpos/no_backup/db_metrica_ru.atol.tabletpos_20799a27-fa80-4b36-b2db-0f8141f24180: "COMMIT;" took 6.000 ms
04-23 21:43:49.185   784 10580 D mnl_linux: mtk_gps_sys_nmea_output_to_app: $GPGGA,184350.510,5540.4814,N,03745.5568,E,0,0,,-14.3,M,14.3,M,,*57
04-23 21:43:49.185   784 10580 D mnl_linux: $GPGSA,A,1,,,,,,,,,,,,,99.99,99.99,1.00*01
04-23 21:43:49.185   784 10580 D mnl_linux: $GPGSV,3,1,12,03,72,283,,31,44,119,,28,43,074,,02,42,192,18.1*6A
04-23 21:43:49.185   784 10580 D mnl_linux: $GPGSV,3,2,12,04,37,228,,21,30,180,16.2,17,24,279,,19,23,307,*60
04-23 21:43:49.185   784 10580 D mnl_linux: $GPGSV,3,3,12,32,13,062,18.1,25,11,036,,06,08,323,,12,08,009,*67
04-23 21:43:49.185   784 10580 D mnl_linux: $GPRMC,184350.510,V,5540.4814,N,03745.5568,E,0.000,0.00,070904,,,N*45
04-23 21:43:49.185   784 10580 D mnl_linux: $GPVTG,0.00,T,,M,0.000,N,0.000,K,N*32
04-23 21:43:49.185   784 10580 D mnl_linux: $GPACCURACY,531.8*07
04-23 21:43:49.185  1951  3251 D gps_mtk : gps_state_thread: line = 3911received 443 bytes:
04-23 21:43:49.185   784 10580 D MNLD    : send_cmd_ex: slf_send_cmd (9, 0x30)
04-23 21:43:49.185   784 10580 D MNLD    : mtk_gps_sys_gps_mnl_callback: MTK_GPS_MSG_FIX_READY,GET_RTC_FAIL
04-23 21:43:49.185  1951  3251 D gps_mtk : nmea_reader_update_time: line = 1584fix_time: 1713897830
04-23 21:43:49.186  1951  3251 D gps_mtk : nmea_reader_addc: line = 2455start nmea_cb
04-23 21:43:49.186   784   784 D MNLD    : process: epoll_wait() received 1 events
04-23 21:43:49.186   784   784 D MNLD    : sigrcv_handler: args from mnld: 48
04-23 21:43:49.186  1951  3251 D gps_mtk : nmea_reader_addc: line = 2455start nmea_cb
04-23 21:43:49.186   784   784 D MNLD    : mnl_set_alarm: (0, 0xB6A46048, 5)
04-23 21:43:49.186   784   784 D MNLD    : process: sigrc_handler: ret = 0
04-23 21:43:49.186  1951  3251 D gps_mtk : nmea_reader_addc: line = 2455start nmea_cb
04-23 21:43:49.186  1951  3251 D gps_mtk : nmea_reader_addc: line = 2455start nmea_cb
04-23 21:43:49.186  1951  3251 D gps_mtk : nmea_reader_parse: line = 2270r->sv_count = 12
04-23 21:43:49.186  1951  3251 D gps_mtk : nmea_reader_addc: line = 2455start nmea_cb
04-23 21:43:49.186  1951  3251 D gps_mtk : nmea_reader_addc: line = 2455start nmea_cb
04-23 21:43:49.186  1951  3251 D gps_mtk : nmea_reader_addc: line = 2455start nmea_cb
04-23 21:43:49.186  1951  3251 D gps_mtk : nmea_reader_parse: line = 2342GPS get accuracy failed, fix mode:1
04-23 21:43:49.186  1951  3251 D gps_mtk : nmea_reader_parse: line = 2406r->sv_status_gnss.num_svs = 12, gps_nmea_end_tag = 1
04-23 21:43:49.186   784 10580 D MNLD    : mtk_gps_sys_gps_mnl_callback: gps_measurement_state = 255 ,state = 2
04-23 21:43:49.186  1951  3251 V MtkLocationExt: GNSS SV count: 12
04-23 21:43:49.187  1951  3251 V MtkLocationExt: sv: 3 snr: 0.0 elev: 72.0 azimuth: 283.0   
04-23 21:43:49.187  1951  3251 V MtkLocationExt: sv: 31 snr: 0.0 elev: 44.0 azimuth: 119.0   
04-23 21:43:49.187  1951  3251 V MtkLocationExt: sv: 28 snr: 0.0 elev: 43.0 azimuth: 74.0   
04-23 21:43:49.187  1951  3251 V MtkLocationExt: sv: 2 snr: 1.8100001 elev: 42.0 azimuth: 192.0   
04-23 21:43:49.187  1951  3251 V MtkLocationExt: sv: 4 snr: 0.0 elev: 37.0 azimuth: 228.0   
04-23 21:43:49.187  1951  3251 V MtkLocationExt: sv: 21 snr: 1.6200001 elev: 30.0 azimuth: 180.0   
04-23 21:43:49.187  1951  3251 V MtkLocationExt: sv: 17 snr: 0.0 elev: 24.0 azimuth: 279.0   
04-23 21:43:49.187  1951  3251 V MtkLocationExt: sv: 19 snr: 0.0 elev: 23.0 azimuth: 307.0   
04-23 21:43:49.187  1951  3251 V MtkLocationExt: sv: 32 snr: 1.8100001 elev: 13.0 azimuth: 62.0   
04-23 21:43:49.187  1951  3251 V MtkLocationExt: sv: 25 snr: 0.0 elev: 11.0 azimuth: 36.0   
04-23 21:43:49.187  1951  3251 V MtkLocationExt: sv: 6 snr: 0.0 elev: 8.0 azimuth: 323.0   
04-23 21:43:49.187  1951  3251 V MtkLocationExt: sv: 12 snr: 0.0 elev: 8.0 azimuth: 9.0   
04-23 21:43:49.187  1951  3251 D gps_mtk : nmea_reader_addc: line = 2455start nmea_cb
