--------- beginning of main
04-23 21:43:32.950 11480 11480 I sh      : type=1400 audit(0.0:3648): avc: denied { module_request } for kmod="personality-8" scontext=u:r:shell:s0 tcontext=u:r:kernel:s0 tclass=system permissive=1
04-23 21:43:33.187  1951  3251 D gps_mtk : gps_state_thread: line = 3911received 439 bytes:
04-23 21:43:33.188  1951  3251 D gps_mtk : nmea_reader_update_time: line = 1584fix_time: 1713897814
04-23 21:43:33.188  1951  3251 D gps_mtk : nmea_reader_addc: line = 2455start nmea_cb
04-23 21:43:33.188  1951  3251 D gps_mtk : nmea_reader_addc: line = 2455start nmea_cb
04-23 21:43:33.188  1951  3251 D gps_mtk : nmea_reader_addc: line = 2455start nmea_cb
04-23 21:43:33.188  1951  3251 D gps_mtk : nmea_reader_addc: line = 2455start nmea_cb
04-23 21:43:33.189  1951  3251 D gps_mtk : nmea_reader_parse: line = 2270r->sv_count = 12
04-23 21:43:33.189  1951  3251 D gps_mtk : nmea_reader_addc: line = 2455start nmea_cb
04-23 21:43:33.189  1951  3251 D gps_mtk : nmea_reader_addc: line = 2455start nmea_cb
04-23 21:43:33.189  1951  3251 D gps_mtk : nmea_reader_addc: line = 2455start nmea_cb
04-23 21:43:33.189  1951  3251 D gps_mtk : nmea_reader_parse: line = 2342GPS get accuracy failed, fix mode:1
04-23 21:43:33.189  1951  3251 D gps_mtk : nmea_reader_parse: line = 2406r->sv_status_gnss.num_svs = 12, gps_nmea_end_tag = 1
04-23 21:43:33.189  1951  3251 V MtkLocationExt: GNSS SV count: 12
04-23 21:43:33.189  1951  3251 V MtkLocationExt: sv: 3 snr: 0.0 elev: 72.0 azimuth: 283.0   
04-23 21:43:33.190  1951  3251 V MtkLocationExt: sv: 31 snr: 0.0 elev: 44.0 azimuth: 119.0   
04-23 21:43:33.190  1951  3251 V MtkLocationExt: sv: 28 snr: 0.0 elev: 43.0 azimuth: 74.0   
04-23 21:43:33.190  1951  3251 V MtkLocationExt: sv: 2 snr: 1.6700001 elev: 42.0 azimuth: 192.0   
04-23 21:43:33.190  1951  3251 V MtkLocationExt: sv: 4 snr: 0.0 elev: 37.0 azimuth: 228.0   
04-23 21:43:33.190  1951  3251 V MtkLocationExt: sv: 21 snr: 1.9200001 elev: 30.0 azimuth: 180.0   
04-23 21:43:33.190  1951  3251 V MtkLocationExt: sv: 17 snr: 0.0 elev: 24.0 azimuth: 279.0   
04-23 21:43:33.190  1951  3251 V MtkLocationExt: sv: 19 snr: 0.0 elev: 23.0 azimuth: 307.0   
04-23 21:43:33.190  1951  3251 V MtkLocationExt: sv: 32 snr: 0.0 elev: 13.0 azimuth: 62.0   
04-23 21:43:33.190  1951  3251 V MtkLocationExt: sv: 25 snr: 0.0 elev: 11.0 azimuth: 36.0   
04-23 21:43:33.190  1951  3251 V MtkLocationExt: sv: 6 snr: 0.0 elev: 8.0 azimuth: 323.0   
04-23 21:43:33.190  1951  3251 V MtkLocationExt: sv: 12 snr: 0.0 elev: 8.0 azimuth: 9.0   
04-23 21:43:33.191  1951  3251 D gps_mtk : nmea_reader_addc: line = 2455start nmea_cb
04-23 21:43:33.198   784 10580 D mnl_linux: mtk_gps_sys_nmea_output_to_app: $GPGGA,184334.510,5540.4814,N,03745.5568,E,0,0,,-14.3,M,14.3,M,,*55
04-23 21:43:33.198   784 10580 D mnl_linux: $GPGSA,A,1,,,,,,,,,,,,,99.99,99.99,1.00*01
04-23 21:43:33.198   784 10580 D mnl_linux: $GPGSV,3,1,12,03,72,283,,31,44,119,,28,43,074,,02,42,192,16.7*62
04-23 21:43:33.198   784 10580 D mnl_linux: $GPGSV,3,2,12,04,37,228,,21,30,180,19.2,17,24,279,,19,23,307,*6F
04-23 21:43:33.198   784 10580 D mnl_linux: $GPGSV,3,3,12,32,13,062,,25,11,036,,06,08,323,,12,08,009,*71
04-23 21:43:33.198   784 10580 D mnl_linux: $GPRMC,184334.510,V,5540.4814,N,03745.5568,E,0.000,0.00,070904,,,N*47
04-23 21:43:33.198   784 10580 D mnl_linux: $GPVTG,0.00,T,,M,0.000,N,0.000,K,N*32
04-23 21:43:33.198   784 10580 D mnl_linux: $GPACCURACY,531.8*07
04-23 21:43:33.198   784 10580 D MNLD    : send_cmd_ex: slf_send_cmd (9, 0x30)
04-23 21:43:33.198   784   784 D MNLD    : process: epoll_wait() received 1 events
04-23 21:43:33.198   784   784 D MNLD    : sigrcv_handler: args from mnld: 48
04-23 21:43:33.198   784   784 D MNLD    : mnl_set_alarm: (0, 0xB6A46048, 5)
04-23 21:43:33.198   784   784 D MNLD    : process: sigrc_handler: ret = 0
04-23 21:43:33.202   784 10580 D MNLD    : mtk_gps_sys_gps_mnl_callback: MTK_GPS_MSG_FIX_READY,GET_RTC_FAIL
04-23 21:43:33.202   784 10580 D MNLD    : mtk_gps_sys_gps_mnl_callback: gps_measurement_state = 255 ,state = 2
04-23 21:43:33.292  2916  3137 V ProviderLeakDetecter: Cursor Open:57158033 Total Opened Cursor Count:1.
04-23 21:43:33.295  2916  3137 V ProviderLeakDetecter: Cursor Close:57158033 Total Opened Cursor Count:0.
04-23 21:43:33.466  4180  4410 I System.out: [CDS]EAGAIN in Recvfrom
04-23 21:43:33.466  4180  4410 I System.out: [CDS]read byte is 0
04-23 21:43:33.534  1951  2296 D PerfServiceManager: [PerfService] MESSAGE_TIMER_RENDER_AWARE_DURATION timeout 
04-23 21:43:33.541  3760  3782 I PerfService: PerfServiceNative_getPackName
04-23 21:43:33.542  1951  3086 I libPerfService: perfGetLastBoostPid 3288
04-23 21:43:33.542  1951  3086 D PerfServiceManager: [PerfService] getLastBoostPid 3288 
04-23 21:43:33.542  1951  3086 I libPerfService: perfGetLastBoostPid 3288
04-23 21:43:33.887  1951  1951 E WifiTrafficPoller: TRAFFIC_STATS_POLL true Token 58 num clients 9
04-23 21:43:33.889  1951  1951 E WifiTrafficPoller:  packet count Tx=196413 Rx=267583
04-23 21:43:34.187  1951  3251 D gps_mtk : gps_state_thread: line = 3911received 439 bytes:
04-23 21:43:34.187  1951  3251 D gps_mtk : nmea_reader_update_time: line = 1584fix_time: 1713897815
04-23 21:43:34.188  1951  3251 D gps_mtk : nmea_reader_addc: line = 2455start nmea_cb
04-23 21:43:34.188  1951  3251 D gps_mtk : nmea_reader_addc: line = 2455start nmea_cb
04-23 21:43:34.188  1951  3251 D gps_mtk : nmea_reader_addc: line = 2455start nmea_cb
04-23 21:43:34.188  1951  3251 D gps_mtk : nmea_reader_addc: line = 2455start nmea_cb
04-23 21:43:34.188  1951  3251 D gps_mtk : nmea_reader_parse: line = 2270r->sv_count = 12
04-23 21:43:34.188  1951  3251 D gps_mtk : nmea_reader_addc: line = 2455start nmea_cb
04-23 21:43:34.188  1951  3251 D gps_mtk : nmea_reader_addc: line = 2455start nmea_cb
04-23 21:43:34.189  1951  3251 D gps_mtk : nmea_reader_addc: line = 2455start nmea_cb
04-23 21:43:34.189  1951  3251 D gps_mtk : nmea_reader_parse: line = 2342GPS get accuracy failed, fix mode:1
04-23 21:43:34.189  1951  3251 D gps_mtk : nmea_reader_parse: line = 2406r->sv_status_gnss.num_svs = 12, gps_nmea_end_tag = 1
04-23 21:43:34.189  1951  3251 V MtkLocationExt: GNSS SV count: 12
04-23 21:43:34.189  1951  3251 V MtkLocationExt: sv: 3 snr: 0.0 elev: 72.0 azimuth: 283.0   
04-23 21:43:34.189  1951  3251 V MtkLocationExt: sv: 31 snr: 0.0 elev: 44.0 azimuth: 119.0   
04-23 21:43:34.189  1951  3251 V MtkLocationExt: sv: 28 snr: 0.0 elev: 43.0 azimuth: 74.0   
04-23 21:43:34.189  1951  3251 V MtkLocationExt: sv: 2 snr: 1.6700001 elev: 42.0 azimuth: 192.0   
04-23 21:43:34.189  1951  3251 V MtkLocationExt: sv: 4 snr: 0.0 elev: 37.0 azimuth: 228.0   
04-23 21:43:34.190  1951  3251 V MtkLocationExt: sv: 21 snr: 1.8399999 elev: 30.0 azimuth: 180.0   
04-23 21:43:34.190  1951  3251 V MtkLocationExt: sv: 17 snr: 0.0 elev: 24.0 azimuth: 279.0   
04-23 21:43:34.190  1951  3251 V MtkLocationExt: sv: 19 snr: 0.0 elev: 23.0 azimuth: 307.0   
04-23 21:43:34.190  1951  3251 V MtkLocationExt: sv: 32 snr: 0.0 elev: 13.0 azimuth: 62.0   
04-23 21:43:34.190  1951  3251 V MtkLocationExt: sv: 25 snr: 0.0 elev: 11.0 azimuth: 36.0   
04-23 21:43:34.190  1951  3251 V MtkLocationExt: sv: 6 snr: 0.0 elev: 8.0 azimuth: 323.0   
04-23 21:43:34.190  1951  3251 V MtkLocationExt: sv: 12 snr: 0.0 elev: 8.0 azimuth: 9.0   
04-23 21:43:34.190  1951  3251 D gps_mtk : nmea_reader_addc: line = 2455start nmea_cb
04-23 21:43:34.197   784 10580 D mnl_linux: mtk_gps_sys_nmea_output_to_app: $GPGGA,184335.510,5540.4814,N,03745.5568,E,0,0,,-14.3,M,14.3,M,,*54
04-23 21:43:34.197   784 10580 D mnl_linux: $GPGSA,A,1,,,,,,,,,,,,,99.99,99.99,1.00*01
04-23 21:43:34.197   784 10580 D mnl_linux: $GPGSV,3,1,12,03,72,283,,31,44,119,,28,43,074,,02,42,192,16.7*62
04-23 21:43:34.197   784 10580 D mnl_linux: $GPGSV,3,2,12,04,37,228,,21,30,180,18.4,17,24,279,,19,23,307,*68
04-23 21:43:34.197   784 10580 D mnl_linux: $GPGSV,3,3,12,32,13,062,,25,11,036,,06,08,323,,12,08,009,*71
04-23 21:43:34.197   784 10580 D mnl_linux: $GPRMC,184335.510,V,5540.4814,N,03745.5568,E,0.000,0.00,070904,,,N*46
04-23 21:43:34.197   784 10580 D mnl_linux: $GPVTG,0.00,T,,M,0.000,N,0.000,K,N*32
04-23 21:43:34.197   784 10580 D mnl_linux: $GPACCURACY,531.8*07
04-23 21:43:34.197   784 10580 D MNLD    : send_cmd_ex: slf_send_cmd (9, 0x30)
04-23 21:43:34.197   784   784 D MNLD    : process: epoll_wait() received 1 events
04-23 21:43:34.197   784   784 D MNLD    : sigrcv_handler: args from mnld: 48
04-23 21:43:34.197   784   784 D MNLD    : mnl_set_alarm: (0, 0xB6A46048, 5)
04-23 21:43:34.197   784   784 D MNLD    : process: sigrc_handler: ret = 0
04-23 21:43:34.199   784 10580 D MNLD    : mtk_gps_sys_gps_mnl_callback: MTK_GPS_MSG_FIX_READY,GET_RTC_FAIL
04-23 21:43:34.199   784 10580 D MNLD    : mtk_gps_sys_gps_mnl_callback: gps_measurement_state = 255 ,state = 2
04-23 21:43:34.312  2916  3137 V ProviderLeakDetecter: Cursor Open:120197366 Total Opened Cursor Count:1.
04-23 21:43:34.315  2916  3137 V ProviderLeakDetecter: Cursor Close:120197366 Total Opened Cursor Count:0.
04-23 21:43:34.506  1951  5542 D NetlinkSocketObserver: RtNetlinkNeighborMessage{ nlmsghdr{StructNlMsgHdr{ nlmsg_len{76}, nlmsg_type{28(RTM_NEWNEIGH)}, nlmsg_flags{0())}, nlmsg_seq{0}, nlmsg_pid{0} }}, ndmsg{StructNdMsg{ family{AF_INET}, ifindex{10}, state{4 (NUD_STALE)}, flags{0 ()}, type{1} }}, destination{192.168.0.1} linklayeraddr{10A3B83A1FD8} probes{1} cacheinfo{NdaCacheInfo{ ndm_used{16490}, ndm_confirmed{31600}, ndm_updated{0}, ndm_refcnt{1} }} }
04-23 21:43:34.542  3760  3782 I PerfService: PerfServiceNative_getPackName
04-23 21:43:34.543  1951  3156 I libPerfService: perfGetLastBoostPid 3288
04-23 21:43:34.543  1951  3156 D PerfServiceManager: [PerfService] getLastBoostPid 3288 
04-23 21:43:34.543  1951  3156 I libPerfService: perfGetLastBoostPid 3288
04-23 21:43:34.890  1951  1951 E WifiTrafficPoller: TRAFFIC_STATS_POLL true Token 58 num clients 9
04-23 21:43:34.891  1951  1951 E WifiTrafficPoller:  packet count Tx=196439 Rx=267599
04-23 21:43:34.976  4180  4410 I System.out: [CDS]EAGAIN in Recvfrom
04-23 21:43:34.976  4180  4410 I System.out: [CDS]read byte is 0
04-23 21:43:35.108  1951  2282 D WifiStateMachine:  ConnectedState (when=-3ms what=131155 arg1=33!CMD_RSSI_POLL  rt=2033001/2033001 33 0 "RT-WiFi-1FD8" 10:a3:b8:3a:1f:d9 rssi=-64 f=2432 sc=60 link=39 tx=63,2, 0,0, 0,0  rx=39,6 bcn=0 [on:0 tx:0 rx:0 period:2997] from screen [on:0 period:205864004] gl hn rssi=-59 ag=0 hr ticks 0,0,0 ls-=0 [56,56,60,60,65] brc=0 lrc=0 offload-stopped
04-23 21:43:35.110  1951  2282 D WifiStateMachine:  L2ConnectedState (when=-5ms what=131155 arg1=33!CMD_RSSI_POLL  rt=2033003/2033003 33 0 "RT-WiFi-1FD8" 10:a3:b8:3a:1f:d9 rssi=-64 f=2432 sc=60 link=39 tx=63,2, 0,0, 0,0  rx=39,6 bcn=0 [on:0 tx:0 rx:0 period:2] from screen [on:0 period:205864006] gl hn rssi=-59 ag=0 hr ticks 0,0,0 ls-=0 [56,56,60,60,65] brc=0 lrc=0 offload-stopped
04-23 21:43:35.110  1951  2282 D WifiStateMachine:  get link layer stats 0
04-23 21:43:35.111  1951  2282 D WifiHW  : enter -->wifi_send_command cmd=IFNAME=wlan0 SIGNAL_POLL
04-23 21:43:35.111  3024  3024 D wpa_supplicant: wlan0: Control interface command 'SIGNAL_POLL'
04-23 21:43:35.115  1951  2282 D WifiHW  : leave --> reply=RSSI=-64
04-23 21:43:35.115  1951  2282 D WifiHW  : LINKSPEED=39
04-23 21:43:35.115  1951  2282 D WifiHW  : NOISE=9999
04-23 21:43:35.115  1951  2282 D WifiHW  : FREQUENCY=2432
04-23 21:43:35.115  1951  2282 D WifiHW  : 
04-23 21:43:35.116  1951  2282 I WifiStateMachine: fetchRssiLinkSpeedAndFrequencyNative, newRssi:-64, newLinkSpeed:39, SSID:"RT-WiFi-1FD8"
04-23 21:43:35.116  1951  2282 D WifiStateMachine: mLastSignalLevel:4, newSignalLevel:4
04-23 21:43:35.116  1951  2282 E WifiConfigStore: updateConfiguration freq=2432 BSSID=10:a3:b8:3a:1f:d9 RSSI=-63 "RT-WiFi-1FD8"WPA_PSK
--------- beginning of system
04-23 21:43:35.117  1951  2282 V ActivityManager: Broadcast sticky: Intent { act=android.net.wifi.RSSI_CHANGED flg=0x4000010 (has extras) } ordered=false userid=-1 callerApp=ProcessRecord{aed79c9 1951:system/1000}
04-23 21:43:35.121  1951  2301 D WifiWatchdogStateMachine: RSSI current: 4 new: -64, 4
04-23 21:43:35.125  2327  2867 D NetworkController: onReceive: intent=Intent { act=android.net.wifi.RSSI_CHANGED flg=0x4000010 (has extras) }
04-23 21:43:35.186  1951  3251 D gps_mtk : gps_state_thread: line = 3911received 443 bytes:
04-23 21:43:35.187  1951  3251 D gps_mtk : nmea_reader_update_time: line = 1584fix_time: 1713897816
04-23 21:43:35.187  1951  3251 D gps_mtk : nmea_reader_addc: line = 2455start nmea_cb
04-23 21:43:35.187  1951  3251 D gps_mtk : nmea_reader_addc: line = 2455start nmea_cb
04-23 21:43:35.187  1951  3251 D gps_mtk : nmea_reader_addc: line = 2455start nmea_cb
04-23 21:43:35.187  1951  3251 D gps_mtk : nmea_reader_addc: line = 2455start nmea_cb
04-23 21:43:35.187  1951  3251 D gps_mtk : nmea_reader_parse: line = 2270r->sv_count = 12
04-23 21:43:35.187  1951  3251 D gps_mtk : nmea_reader_addc: line = 2455start nmea_cb
04-23 21:43:35.188  1951  3251 D gps_mtk : nmea_reader_addc: line = 2455start nmea_cb
04-23 21:43:35.188  1951  3251 D gps_mtk : nmea_reader_addc: line = 2455start nmea_cb
04-23 21:43:35.188  1951  3251 D gps_mtk : nmea_reader_parse: line = 2342GPS get accuracy failed, fix mode:1
04-23 21:43:35.188  1951  3251 D gps_mtk : nmea_reader_parse: line = 2406r->sv_status_gnss.num_svs = 12, gps_nmea_end_tag = 1
04-23 21:43:35.188  1951  3251 V MtkLocationExt: GNSS SV count: 12
04-23 21:43:35.188  1951  3251 V MtkLocationExt: sv: 3 snr: 0.0 elev: 72.0 azimuth: 283.0   
04-23 21:43:35.188  1951  3251 V MtkLocationExt: sv: 31 snr: 0.0 elev: 44.0 azimuth: 119.0   
04-23 21:43:35.188  1951  3251 V MtkLocationExt: sv: 28 snr: 0.0 elev: 43.0 azimuth: 74.0   
04-23 21:43:35.188  1951  3251 V MtkLocationExt: sv: 2 snr: 1.6200001 elev: 42.0 azimuth: 192.0   
04-23 21:43:35.189  1951  3251 V MtkLocationExt: sv: 4 snr: 0.0 elev: 37.0 azimuth: 228.0   
04-23 21:43:35.189  1951  3251 V MtkLocationExt: sv: 21 snr: 1.74 elev: 30.0 azimuth: 180.0   
04-23 21:43:35.189  1951  3251 V MtkLocationExt: sv: 17 snr: 0.0 elev: 24.0 azimuth: 279.0   
04-23 21:43:35.189  1951  3251 V MtkLocationExt: sv: 19 snr: 0.0 elev: 23.0 azimuth: 307.0   
04-23 21:43:35.189  1951  3251 V MtkLocationExt: sv: 32 snr: 1.6600001 elev: 13.0 azimuth: 62.0   
04-23 21:43:35.189  1951  3251 V MtkLocationExt: sv: 25 snr: 0.0 elev: 11.0 azimuth: 36.0   
04-23 21:43:35.189  1951  3251 V MtkLocationExt: sv: 6 snr: 0.0 elev: 8.0 azimuth: 323.0   
04-23 21:43:35.189  1951  3251 V MtkLocationExt: sv: 12 snr: 0.0 elev: 8.0 azimuth: 9.0   
04-23 21:43:35.189  1951  3251 D gps_mtk : nmea_reader_addc: line = 2455start nmea_cb
04-23 21:43:35.194   784 10580 D mnl_linux: mtk_gps_sys_nmea_output_to_app: $GPGGA,184336.510,5540.4814,N,03745.5568,E,0,0,,-14.3,M,14.3,M,,*57
04-23 21:43:35.194   784 10580 D mnl_linux: $GPGSA,A,1,,,,,,,,,,,,,99.99,99.99,1.00*01
04-23 21:43:35.194   784 10580 D mnl_linux: $GPGSV,3,1,12,03,72,283,,31,44,119,,28,43,074,,02,42,192,16.2*67
04-23 21:43:35.194   784 10580 D mnl_linux: $GPGSV,3,2,12,04,37,228,,21,30,180,17.4,17,24,279,,19,23,307,*67
04-23 21:43:35.194   784 10580 D mnl_linux: $GPGSV,3,3,12,32,13,062,16.6,25,11,036,,06,08,323,,12,08,009,*6E
04-23 21:43:35.194   784 10580 D mnl_linux: $GPRMC,184336.510,V,5540.4814,N,03745.5568,E,0.000,0.00,070904,,,N*45
04-23 21:43:35.194   784 10580 D mnl_linux: $GPVTG,0.00,T,,M,0.000,N,0.000,K,N*32
04-23 21:43:35.194   784 10580 D mnl_linux: $GPACCURACY,531.8*07
04-23 21:43:35.194   784 10580 D MNLD    : send_cmd_ex: slf_send_cmd (9, 0x30)
04-23 21:43:35.194   784   784 D MNLD    : process: epoll_wait() received 1 events
04-23 21:43:35.195   784   784 D MNLD    : sigrcv_handler: args from mnld: 48
04-23 21:43:35.195   784   784 D MNLD    : mnl_set_alarm: (0, 0xB6A46048, 5)
04-23 21:43:35.195   784   784 D MNLD    : process: sigrc_handler: ret = 0
04-23 21:43:35.196   784 10580 D MNLD    : mtk_gps_sys_gps_mnl_callback: MTK_GPS_MSG_FIX_READY,GET_RTC_FAIL
04-23 21:43:35.197   784 10580 D MNLD    : mtk_gps_sys_gps_mnl_callback: gps_measurement_state = 255 ,state = 2
04-23 21:43:35.245  3258  3258 D SettingsInterface:  from settings cache , name = multi_sim_voice_call , value = null
04-23 21:43:35.248  3258  3258 D SettingsInterface:  from settings cache , name = multi_sim_voice_call , value = null
04-23 21:43:35.250  3258  3258 D SettingsInterface:  from settings cache , name = multi_sim_voice_call , value = null
04-23 21:43:35.255  1951  2390 V ActivityManager: Broadcast sticky: Intent { act=android.intent.action.SIG_STR flg=0x20000010 (has extras) } ordered=false userid=-1 callerApp=ProcessRecord{aed79c9 1951:system/1000}
04-23 21:43:35.330  2916  3137 V ProviderLeakDetecter: Cursor Open:39345399 Total Opened Cursor Count:1.
04-23 21:43:35.333  2916  3137 V ProviderLeakDetecter: Cursor Close:39345399 Total Opened Cursor Count:0.
04-23 21:43:35.545  3760  3782 I PerfService: PerfServiceNative_getPackName
04-23 21:43:35.546  1951  3155 I libPerfService: perfGetLastBoostPid 3288
04-23 21:43:35.546  1951  3155 D PerfServiceManager: [PerfService] getLastBoostPid 3288 
04-23 21:43:35.546  1951  3155 I libPerfService: perfGetLastBoostPid 3288
04-23 21:43:35.696  1951  4049 D DhcpStateMachine: PollingState{ when=-30ms what=196616 target=com.android.internal.util.StateMachine$SmHandler }
04-23 21:43:35.696  1951  4049 D DhcpStateMachine: GET_DHCP_RESULTS on wlan0
04-23 21:43:35.696  1951  4049 D DhcpUtils: [dhcpv6_get_results] result_prop_name = dhcp.ipv6.wlan0.result; isrenew = 0
04-23 21:43:35.696  1951  4049 D DhcpUtils: [dhcpv6_get_results] prop_value = 
04-23 21:43:35.696  1951  4049 D NetUtils: dhcpv6_get_results failed : wlan0 ()
04-23 21:43:35.697  1951  4049 D DhcpStateMachine: getDhcpv6Results failed, isRenew = false
04-23 21:43:35.803  1951  1951 D SettingsInterface:  from settings cache , name = sys_free_storage_log_interval , value = null
04-23 21:43:35.803  1951  1951 D SettingsInterface:  from settings cache , name = disk_free_change_reporting_threshold , value = null
04-23 21:43:35.891  1951  1951 E WifiTrafficPoller: TRAFFIC_STATS_POLL true Token 58 num clients 9
04-23 21:43:35.892  1951  1951 E WifiTrafficPoller:  packet count Tx=196470 Rx=267616
04-23 21:43:36.102  1951  3086 D BatteryService: Processing new values: chargerAcOnline=false, chargerUsbOnline=true, chargerWirelessOnline=false, batteryStatus=5, batteryHealth=2, batteryPresent=true, batteryLevel=100, batteryTechnology=Li-ion, batteryVoltage=4204, batteryTemperature=250, mBatteryLevelCritical=false, mPlugType=2
04-23 21:43:36.109  1951  3157 D BatteryService: Processing new values: chargerAcOnline=false, chargerUsbOnline=true, chargerWirelessOnline=false, batteryStatus=5, batteryHealth=2, batteryPresent=true, batteryLevel=100, batteryTechnology=Li-ion, batteryVoltage=4204, batteryTemperature=250, mBatteryLevelCritical=false, mPlugType=2
04-23 21:43:36.117  1951  1974 D BatteryService: Processing new values: chargerAcOnline=false, chargerUsbOnline=true, chargerWirelessOnline=false, batteryStatus=5, batteryHealth=2, batteryPresent=true, batteryLevel=100, batteryTechnology=Li-ion, batteryVoltage=4204, batteryTemperature=250, mBatteryLevelCritical=false, mPlugType=2
04-23 21:43:36.120  1951  3344 D BatteryService: Processing new values: chargerAcOnline=false, chargerUsbOnline=true, chargerWirelessOnline=false, batteryStatus=5, batteryHealth=2, batteryPresent=true, batteryLevel=100, batteryTechnology=Li-ion, batteryVoltage=4204, batteryTemperature=250, mBatteryLevelCritical=false, mPlugType=2
04-23 21:43:36.187  1951  3251 D gps_mtk : gps_state_thread: line = 3911received 443 bytes:
04-23 21:43:36.187  1951  3251 D gps_mtk : nmea_reader_update_time: line = 1584fix_time: 1713897817
04-23 21:43:36.187  1951  3251 D gps_mtk : nmea_reader_addc: line = 2455start nmea_cb
04-23 21:43:36.187  1951  3251 D gps_mtk : nmea_reader_addc: line = 2455start nmea_cb
04-23 21:43:36.188  1951  3251 D gps_mtk : nmea_reader_addc: line = 2455start nmea_cb
04-23 21:43:36.188  1951  3251 D gps_mtk : nmea_reader_addc: line = 2455start nmea_cb
04-23 21:43:36.188  1951  3251 D gps_mtk : nmea_reader_parse: line = 2270r->sv_count = 12
04-23 21:43:36.188  1951  3251 D gps_mtk : nmea_reader_addc: line = 2455start nmea_cb
04-23 21:43:36.188  1951  3251 D gps_mtk : nmea_reader_addc: line = 2455start nmea_cb
04-23 21:43:36.188  1951  3251 D gps_mtk : nmea_reader_addc: line = 2455start nmea_cb
04-23 21:43:36.188  1951  3251 D gps_mtk : nmea_reader_parse: line = 2342GPS get accuracy failed, fix mode:1
04-23 21:43:36.188  1951  3251 D gps_mtk : nmea_reader_parse: line = 2406r->sv_status_gnss.num_svs = 12, gps_nmea_end_tag = 1
04-23 21:43:36.188  1951  3251 V MtkLocationExt: GNSS SV count: 12
04-23 21:43:36.189  1951  3251 V MtkLocationExt: sv: 3 snr: 0.0 elev: 72.0 azimuth: 283.0   
04-23 21:43:36.189  1951  3251 V MtkLocationExt: sv: 31 snr: 0.0 elev: 44.0 azimuth: 119.0   
04-23 21:43:36.189  1951  3251 V MtkLocationExt: sv: 28 snr: 0.0 elev: 43.0 azimuth: 74.0   
04-23 21:43:36.189  1951  3251 V MtkLocationExt: sv: 2 snr: 1.9100001 elev: 42.0 azimuth: 192.0   
04-23 21:43:36.189  1951  3251 V MtkLocationExt: sv: 4 snr: 0.0 elev: 37.0 azimuth: 228.0   
04-23 21:43:36.194  1951  3251 V MtkLocationExt: sv: 21 snr: 1.8399999 elev: 30.0 azimuth: 180.0   
04-23 21:43:36.194  1951  3251 V MtkLocationExt: sv: 17 snr: 0.0 elev: 24.0 azimuth: 279.0   
04-23 21:43:36.194  1951  3251 V MtkLocationExt: sv: 19 snr: 0.0 elev: 23.0 azimuth: 307.0   
04-23 21:43:36.194  1951  3251 V MtkLocationExt: sv: 32 snr: 1.89 elev: 13.0 azimuth: 62.0   
04-23 21:43:36.194  1951  3251 V MtkLocationExt: sv: 25 snr: 0.0 elev: 11.0 azimuth: 36.0   
04-23 21:43:36.194  1951  3251 V MtkLocationExt: sv: 6 snr: 0.0 elev: 8.0 azimuth: 323.0   
04-23 21:43:36.194  1951  3251 V MtkLocationExt: sv: 12 snr: 0.0 elev: 8.0 azimuth: 9.0   
04-23 21:43:36.194  1951  3251 D gps_mtk : nmea_reader_addc: line = 2455start nmea_cb
04-23 21:43:36.196   784 10580 D mnl_linux: mtk_gps_sys_nmea_output_to_app: $GPGGA,184337.510,5540.4814,N,03745.5568,E,0,0,,-14.3,M,14.3,M,,*56
04-23 21:43:36.196   784 10580 D mnl_linux: $GPGSA,A,1,,,,,,,,,,,,,99.99,99.99,1.00*01
04-23 21:43:36.196   784 10580 D mnl_linux: $GPGSV,3,1,12,03,72,283,,31,44,119,,28,43,074,,02,42,192,19.1*6B
04-23 21:43:36.196   784 10580 D mnl_linux: $GPGSV,3,2,12,04,37,228,,21,30,180,18.4,17,24,279,,19,23,307,*68
04-23 21:43:36.196   784 10580 D mnl_linux: $GPGSV,3,3,12,32,13,062,18.9,25,11,036,,06,08,323,,12,08,009,*6F
04-23 21:43:36.196   784 10580 D mnl_linux: $GPRMC,184337.510,V,5540.4814,N,03745.5568,E,0.000,0.00,070904,,,N*44
04-23 21:43:36.196   784 10580 D mnl_linux: $GPVTG,0.00,T,,M,0.000,N,0.000,K,N*32
04-23 21:43:36.196   784 10580 D mnl_linux: $GPACCURACY,531.8*07
04-23 21:43:36.196   784 10580 D MNLD    : send_cmd_ex: slf_send_cmd (9, 0x30)
04-23 21:43:36.196   784   784 D MNLD    : process: epoll_wait() received 1 events
04-23 21:43:36.196   784   784 D MNLD    : sigrcv_handler: args from mnld: 48
04-23 21:43:36.196   784   784 D MNLD    : mnl_set_alarm: (0, 0xB6A46048, 5)
04-23 21:43:36.197   784   784 D MNLD    : process: sigrc_handler: ret = 0
04-23 21:43:36.198   784 10580 D MNLD    : mtk_gps_sys_gps_mnl_callback: MTK_GPS_MSG_FIX_READY,GET_RTC_FAIL
04-23 21:43:36.198   784 10580 D MNLD    : mtk_gps_sys_gps_mnl_callback: gps_measurement_state = 255 ,state = 2
04-23 21:43:36.351  2916  3137 V ProviderLeakDetecter: Cursor Open:167577444 Total Opened Cursor Count:1.
04-23 21:43:36.354  2916  3137 V ProviderLeakDetecter: Cursor Close:167577444 Total Opened Cursor Count:0.
04-23 21:43:36.476  4180  4410 I System.out: [CDS]EAGAIN in Recvfrom
04-23 21:43:36.476  4180  4410 I System.out: [CDS]read byte is 0
04-23 21:43:36.549  3760  3782 I PerfService: PerfServiceNative_getPackName
04-23 21:43:36.549  1951  3159 I libPerfService: perfGetLastBoostPid 3288
04-23 21:43:36.549  1951  3159 D PerfServiceManager: [PerfService] getLastBoostPid 3288 
04-23 21:43:36.549  1951  3159 I libPerfService: perfGetLastBoostPid 3288
04-23 21:43:36.894  1951  1951 E WifiTrafficPoller: TRAFFIC_STATS_POLL true Token 58 num clients 9
04-23 21:43:36.895  1951  1951 E WifiTrafficPoller:  packet count Tx=196492 Rx=267629
04-23 21:43:37.187  1951  3251 D gps_mtk : gps_state_thread: line = 3911received 443 bytes:
04-23 21:43:37.188  1951  3251 D gps_mtk : nmea_reader_update_time: line = 1584fix_time: 1713897818
04-23 21:43:37.188  1951  3251 D gps_mtk : nmea_reader_addc: line = 2455start nmea_cb
04-23 21:43:37.188  1951  3251 D gps_mtk : nmea_reader_addc: line = 2455start nmea_cb
04-23 21:43:37.188  1951  3251 D gps_mtk : nmea_reader_addc: line = 2455start nmea_cb
04-23 21:43:37.188  1951  3251 D gps_mtk : nmea_reader_addc: line = 2455start nmea_cb
04-23 21:43:37.189  1951  3251 D gps_mtk : nmea_reader_parse: line = 2270r->sv_count = 12
04-23 21:43:37.189  1951  3251 D gps_mtk : nmea_reader_addc: line = 2455start nmea_cb
04-23 21:43:37.189  1951  3251 D gps_mtk : nmea_reader_addc: line = 2455start nmea_cb
04-23 21:43:37.189  1951  3251 D gps_mtk : nmea_reader_addc: line = 2455start nmea_cb
04-23 21:43:37.189  1951  3251 D gps_mtk : nmea_reader_parse: line = 2342GPS get accuracy failed, fix mode:1
04-23 21:43:37.189  1951  3251 D gps_mtk : nmea_reader_parse: line = 2406r->sv_status_gnss.num_svs = 12, gps_nmea_end_tag = 1
04-23 21:43:37.189  1951  3251 V MtkLocationExt: GNSS SV count: 12
04-23 21:43:37.189  1951  3251 V MtkLocationExt: sv: 3 snr: 0.0 elev: 72.0 azimuth: 283.0   
04-23 21:43:37.189  1951  3251 V MtkLocationExt: sv: 31 snr: 0.0 elev: 44.0 azimuth: 119.0   
04-23 21:43:37.190  1951  3251 V MtkLocationExt: sv: 28 snr: 0.0 elev: 43.0 azimuth: 74.0   
04-23 21:43:37.190  1951  3251 V MtkLocationExt: sv: 2 snr: 1.89 elev: 42.0 azimuth: 192.0   
04-23 21:43:37.190  1951  3251 V MtkLocationExt: sv: 4 snr: 0.0 elev: 37.0 azimuth: 228.0   
04-23 21:43:37.190  1951  3251 V MtkLocationExt: sv: 21 snr: 1.86 elev: 30.0 azimuth: 180.0   
04-23 21:43:37.190  1951  3251 V MtkLocationExt: sv: 17 snr: 0.0 elev: 24.0 azimuth: 279.0   
04-23 21:43:37.190  1951  3251 V MtkLocationExt: sv: 19 snr: 0.0 elev: 23.0 azimuth: 307.0   
04-23 21:43:37.190  1951  3251 V MtkLocationExt: sv: 32 snr: 1.9799999 elev: 13.0 azimuth: 62.0   
04-23 21:43:37.190  1951  3251 V MtkLocationExt: sv: 25 snr: 0.0 elev: 11.0 azimuth: 36.0   
04-23 21:43:37.190  1951  3251 V MtkLocationExt: sv: 6 snr: 0.0 elev: 8.0 azimuth: 323.0   
04-23 21:43:37.190  1951  3251 V MtkLocationExt: sv: 12 snr: 0.0 elev: 8.0 azimuth: 9.0   
04-23 21:43:37.191  1951  3251 D gps_mtk : nmea_reader_addc: line = 2455start nmea_cb
04-23 21:43:37.197   784 10580 D mnl_linux: mtk_gps_sys_nmea_output_to_app: $GPGGA,184338.510,5540.4814,N,03745.5568,E,0,0,,-14.3,M,14.3,M,,*59
04-23 21:43:37.197   784 10580 D mnl_linux: $GPGSA,A,1,,,,,,,,,,,,,99.99,99.99,1.00*01
04-23 21:43:37.197   784 10580 D mnl_linux: $GPGSV,3,1,12,03,72,283,,31,44,119,,28,43,074,,02,42,192,18.9*62
04-23 21:43:37.197   784 10580 D mnl_linux: $GPGSV,3,2,12,04,37,228,,21,30,180,18.6,17,24,279,,19,23,307,*6A
04-23 21:43:37.197   784 10580 D mnl_linux: $GPGSV,3,3,12,32,13,062,19.8,25,11,036,,06,08,323,,12,08,009,*6F
04-23 21:43:37.197   784 10580 D mnl_linux: $GPRMC,184338.510,V,5540.4814,N,03745.5568,E,0.000,0.00,070904,,,N*4B
04-23 21:43:37.197   784 10580 D mnl_linux: $GPVTG,0.00,T,,M,0.000,N,0.000,K,N*32
04-23 21:43:37.197   784 10580 D mnl_linux: $GPACCURACY,531.8*07
04-23 21:43:37.197   784 10580 D MNLD    : send_cmd_ex: slf_send_cmd (9, 0x30)
04-23 21:43:37.197   784   784 D MNLD    : process: epoll_wait() received 1 events
04-23 21:43:37.197   784   784 D MNLD    : sigrcv_handler: args from mnld: 48
04-23 21:43:37.197   784   784 D MNLD    : mnl_set_alarm: (0, 0xB6A46048, 5)
04-23 21:43:37.198   784   784 D MNLD    : process: sigrc_handler: ret = 0
04-23 21:43:37.199   784 10580 D MNLD    : mtk_gps_sys_gps_mnl_callback: MTK_GPS_MSG_FIX_READY,GET_RTC_FAIL
04-23 21:43:37.200   784 10580 D MNLD    : mtk_gps_sys_gps_mnl_callback: gps_measurement_state = 255 ,state = 2
04-23 21:43:37.372  2916  3137 V ProviderLeakDetecter: Cursor Open:72666573 Total Opened Cursor Count:1.
04-23 21:43:37.375  2916  3137 V ProviderLeakDetecter: Cursor Close:72666573 Total Opened Cursor Count:0.
04-23 21:43:37.551  3760  3782 I PerfService: PerfServiceNative_getPackName
04-23 21:43:37.551  1951  3086 I libPerfService: perfGetLastBoostPid 3288
04-23 21:43:37.551  1951  3086 D PerfServiceManager: [PerfService] getLastBoostPid 3288 
04-23 21:43:37.552  1951  3086 I libPerfService: perfGetLastBoostPid 3288
04-23 21:43:37.852   793   793 I thermal_repeater: select timeout
04-23 21:43:37.896  1951  1951 E WifiTrafficPoller: TRAFFIC_STATS_POLL true Token 58 num clients 9
04-23 21:43:37.897  1951  1951 E WifiTrafficPoller:  packet count Tx=196509 Rx=267638
04-23 21:43:37.976  4180  4410 I System.out: [CDS]EAGAIN in Recvfrom
04-23 21:43:37.976  4180  4410 I System.out: [CDS]read byte is 0
04-23 21:43:37.988  1951  3157 V ActivityManager: Broadcast: Intent { act=evotor.intent.event.pushnotifications.PING_SUCCESSFUL flg=0x10 } ordered=false userid=0 callerApp=ProcessRecord{842d08c 4180:evotor.ru.pushnotificationsservice/u0a51}
04-23 21:43:38.122  1951  2282 D WifiStateMachine:  ConnectedState (when=-4ms what=131155 arg1=33!CMD_RSSI_POLL  rt=2036015/2036015 33 0 "RT-WiFi-1FD8" 10:a3:b8:3a:1f:d9 rssi=-64 f=2432 sc=60 link=39 tx=70,6, 0,0, 0,0  rx=42,8 bcn=0 [on:0 tx:0 rx:0 period:2998] from screen [on:0 period:205867018] gl hn rssi=-59 ag=0 hr ticks 0,0,0 ls-=0 [56,56,60,60,65] brc=0 lrc=0 offload-stopped
04-23 21:43:38.123  1951  2282 D WifiStateMachine:  L2ConnectedState (when=-6ms what=131155 arg1=33!CMD_RSSI_POLL  rt=2036017/2036017 33 0 "RT-WiFi-1FD8" 10:a3:b8:3a:1f:d9 rssi=-64 f=2432 sc=60 link=39 tx=70,6, 0,0, 0,0  rx=42,8 bcn=0 [on:0 tx:0 rx:0 period:1] from screen [on:0 period:205867019] gl hn rssi=-59 ag=0 hr ticks 0,0,0 ls-=0 [56,56,60,60,65] brc=0 lrc=0 offload-stopped
04-23 21:43:38.124  1951  2282 D WifiStateMachine:  get link layer stats 0
04-23 21:43:38.125  1951  2282 D WifiHW  : enter -->wifi_send_command cmd=IFNAME=wlan0 SIGNAL_POLL
04-23 21:43:38.125  3024  3024 D wpa_supplicant: wlan0: Control interface command 'SIGNAL_POLL'
04-23 21:43:38.129  1951  2282 D WifiHW  : leave --> reply=RSSI=-67
04-23 21:43:38.129  1951  2282 D WifiHW  : LINKSPEED=39
04-23 21:43:38.129  1951  2282 D WifiHW  : NOISE=9999
04-23 21:43:38.129  1951  2282 D WifiHW  : FREQUENCY=2432
04-23 21:43:38.129  1951  2282 D WifiHW  : 
04-23 21:43:38.129  1951  2282 I WifiStateMachine: fetchRssiLinkSpeedAndFrequencyNative, newRssi:-67, newLinkSpeed:39, SSID:"RT-WiFi-1FD8"
04-23 21:43:38.130  1951  2282 D WifiStateMachine: mLastSignalLevel:4, newSignalLevel:4
04-23 21:43:38.130  1951  2282 E WifiConfigStore: updateConfiguration freq=2432 BSSID=10:a3:b8:3a:1f:d9 RSSI=-65 "RT-WiFi-1FD8"WPA_PSK
04-23 21:43:38.131  1951  2282 V ActivityManager: Broadcast sticky: Intent { act=android.net.wifi.RSSI_CHANGED flg=0x4000010 (has extras) } ordered=false userid=-1 callerApp=ProcessRecord{aed79c9 1951:system/1000}
04-23 21:43:38.135  1951  2301 D WifiWatchdogStateMachine: RSSI current: 4 new: -67, 4
04-23 21:43:38.137  2327  2867 D NetworkController: onReceive: intent=Intent { act=android.net.wifi.RSSI_CHANGED flg=0x4000010 (has extras) }
04-23 21:43:38.140  2327  2867 D NetworkController.WifiSignalController: Change in state from: connected=true,enabled=true,level=4,inetCondition=1,iconGroup=IconGroup(Wi-Fi Icons),activityIn=true,activityOut=true,rssi=-64,showDataActivityIcon=false,lastModified=04-23 09:43:26,ssid="RT-WiFi-1FD8"
04-23 21:43:38.140  2327  2867 D NetworkController.WifiSignalController: 	to: connected=true,enabled=true,level=4,inetCondition=1,iconGroup=IconGroup(Wi-Fi Icons),activityIn=true,activityOut=true,rssi=-67,showDataActivityIcon=false,lastModified=04-23 09:43:26,ssid="RT-WiFi-1FD8"
04-23 21:43:38.141  2327  2327 D SignalClusterView: vpn: GONE
04-23 21:43:38.141  2327  2327 D SignalClusterView: ethernet: GONE
04-23 21:43:38.141  2327  2327 D SignalClusterView: wifi: VISIBLE sig=2130837922
04-23 21:43:38.141  2327  2327 D SignalClusterView: vpn: GONE
04-23 21:43:38.141  2327  2327 D SignalClusterView: ethernet: GONE
04-23 21:43:38.142  2327  2327 D SignalClusterView: wifi: VISIBLE sig=2130837922
04-23 21:43:38.142  2327  2327 D SignalClusterView: vpn: GONE
04-23 21:43:38.142  2327  2327 D SignalClusterView: ethernet: GONE
04-23 21:43:38.142  2327  2327 D SignalClusterView: wifi: VISIBLE sig=2130837922
04-23 21:43:38.187  1951  3251 D gps_mtk : gps_state_thread: line = 3911received 439 bytes:
04-23 21:43:38.187  1951  3251 D gps_mtk : nmea_reader_update_time: line = 1584fix_time: 1713897819
04-23 21:43:38.187  1951  3251 D gps_mtk : nmea_reader_addc: line = 2455start nmea_cb
04-23 21:43:38.188  1951  3251 D gps_mtk : nmea_reader_addc: line = 2455start nmea_cb
04-23 21:43:38.188  1951  3251 D gps_mtk : nmea_reader_addc: line = 2455start nmea_cb
04-23 21:43:38.188  1951  3251 D gps_mtk : nmea_reader_addc: line = 2455start nmea_cb
04-23 21:43:38.188  1951  3251 D gps_mtk : nmea_reader_parse: line = 2270r->sv_count = 12
04-23 21:43:38.188  1951  3251 D gps_mtk : nmea_reader_addc: line = 2455start nmea_cb
04-23 21:43:38.188  1951  3251 D gps_mtk : nmea_reader_addc: line = 2455start nmea_cb
04-23 21:43:38.188  1951  3251 D gps_mtk : nmea_reader_addc: line = 2455start nmea_cb
04-23 21:43:38.189  1951  3251 D gps_mtk : nmea_reader_parse: line = 2342GPS get accuracy failed, fix mode:1
04-23 21:43:38.189  1951  3251 D gps_mtk : nmea_reader_parse: line = 2406r->sv_status_gnss.num_svs = 12, gps_nmea_end_tag = 1
04-23 21:43:38.189  1951  3251 V MtkLocationExt: GNSS SV count: 12
04-23 21:43:38.189  1951  3251 V MtkLocationExt: sv: 3 snr: 0.0 elev: 72.0 azimuth: 283.0   
04-23 21:43:38.189  1951  3251 V MtkLocationExt: sv: 31 snr: 0.0 elev: 44.0 azimuth: 119.0   
04-23 21:43:38.189  1951  3251 V MtkLocationExt: sv: 28 snr: 0.0 elev: 43.0 azimuth: 74.0   
04-23 21:43:38.189  1951  3251 V MtkLocationExt: sv: 2 snr: 2.0700002 elev: 42.0 azimuth: 192.0   
04-23 21:43:38.189  1951  3251 V MtkLocationExt: sv: 4 snr: 0.0 elev: 37.0 azimuth: 228.0   
04-23 21:43:38.190  1951  3251 V MtkLocationExt: sv: 21 snr: 0.0 elev: 30.0 azimuth: 180.0   
04-23 21:43:38.190  1951  3251 V MtkLocationExt: sv: 17 snr: 0.0 elev: 24.0 azimuth: 279.0   
04-23 21:43:38.190  1951  3251 V MtkLocationExt: sv: 19 snr: 0.0 elev: 23.0 azimuth: 307.0   
04-23 21:43:38.190  1951  3251 V MtkLocationExt: sv: 32 snr: 2.03 elev: 13.0 azimuth: 62.0   
04-23 21:43:38.190  1951  3251 V MtkLocationExt: sv: 25 snr: 0.0 elev: 11.0 azimuth: 36.0   
04-23 21:43:38.190  1951  3251 V MtkLocationExt: sv: 6 snr: 0.0 elev: 8.0 azimuth: 323.0   
04-23 21:43:38.190  1951  3251 V MtkLocationExt: sv: 12 snr: 0.0 elev: 8.0 azimuth: 9.0   
04-23 21:43:38.190  1951  3251 D gps_mtk : nmea_reader_addc: line = 2455start nmea_cb
04-23 21:43:38.197   784 10580 D mnl_linux: mtk_gps_sys_nmea_output_to_app: $GPGGA,184339.510,5540.4814,N,03745.5568,E,0,0,,-14.3,M,14.3,M,,*58
04-23 21:43:38.197   784 10580 D mnl_linux: $GPGSA,A,1,,,,,,,,,,,,,99.99,99.99,1.00*01
04-23 21:43:38.197   784 10580 D mnl_linux: $GPGSV,3,1,12,03,72,283,,31,44,119,,28,43,074,,02,42,192,20.7*67
04-23 21:43:38.197   784 10580 D mnl_linux: $GPGSV,3,2,12,04,37,228,,21,30,180,,17,24,279,,19,23,307,*7B
04-23 21:43:38.197   784 10580 D mnl_linux: $GPGSV,3,3,12,32,13,062,20.3,25,11,036,,06,08,323,,12,08,009,*6E
04-23 21:43:38.197   784 10580 D mnl_linux: $GPRMC,184339.510,V,5540.4814,N,03745.5568,E,0.000,0.00,070904,,,N*4A
04-23 21:43:38.197   784 10580 D mnl_linux: $GPVTG,0.00,T,,M,0.000,N,0.000,K,N*32
04-23 21:43:38.197   784 10580 D mnl_linux: $GPACCURACY,531.8*07
04-23 21:43:38.197   784 10580 D MNLD    : send_cmd_ex: slf_send_cmd (9, 0x30)
04-23 21:43:38.197   784   784 D MNLD    : process: epoll_wait() received 1 events
04-23 21:43:38.197   784   784 D MNLD    : sigrcv_handler: args from mnld: 48
04-23 21:43:38.197   784   784 D MNLD    : mnl_set_alarm: (0, 0xB6A46048, 5)
04-23 21:43:38.197   784   784 D MNLD    : process: sigrc_handler: ret = 0
04-23 21:43:38.199   784 10580 D MNLD    : mtk_gps_sys_gps_mnl_callback: MTK_GPS_MSG_FIX_READY,GET_RTC_FAIL
04-23 21:43:38.199   784 10580 D MNLD    : mtk_gps_sys_gps_mnl_callback: gps_measurement_state = 255 ,state = 2
04-23 21:43:38.389  2916  3137 V ProviderLeakDetecter: Cursor Open:140396162 Total Opened Cursor Count:1.
04-23 21:43:38.392  2916  3137 V ProviderLeakDetecter: Cursor Close:140396162 Total Opened Cursor Count:0.
04-23 21:43:38.554  3760  3782 I PerfService: PerfServiceNative_getPackName
04-23 21:43:38.555  1951  3156 I libPerfService: perfGetLastBoostPid 3288
04-23 21:43:38.555  1951  3156 D PerfServiceManager: [PerfService] getLastBoostPid 3288 
04-23 21:43:38.555  1951  3156 I libPerfService: perfGetLastBoostPid 3288
04-23 21:43:38.898  1951  1951 E WifiTrafficPoller: TRAFFIC_STATS_POLL true Token 58 num clients 9
04-23 21:43:38.899  1951  1951 E WifiTrafficPoller:  packet count Tx=196569 Rx=267678
04-23 21:43:39.190  1951  3251 D gps_mtk : gps_state_thread: line = 3911received 443 bytes:
04-23 21:43:39.190  1951  3251 D gps_mtk : nmea_reader_update_time: line = 1584fix_time: 1713897820
04-23 21:43:39.190  1951  3251 D gps_mtk : nmea_reader_addc: line = 2455start nmea_cb
04-23 21:43:39.191  1951  3251 D gps_mtk : nmea_reader_addc: line = 2455start nmea_cb
04-23 21:43:39.191  1951  3251 D gps_mtk : nmea_reader_addc: line = 2455start nmea_cb
04-23 21:43:39.191  1951  3251 D gps_mtk : nmea_reader_addc: line = 2455start nmea_cb
04-23 21:43:39.191  1951  3251 D gps_mtk : nmea_reader_parse: line = 2270r->sv_count = 12
04-23 21:43:39.191  1951  3251 D gps_mtk : nmea_reader_addc: line = 2455start nmea_cb
04-23 21:43:39.191  1951  3251 D gps_mtk : nmea_reader_addc: line = 2455start nmea_cb
04-23 21:43:39.191  1951  3251 D gps_mtk : nmea_reader_addc: line = 2455start nmea_cb
04-23 21:43:39.192  1951  3251 D gps_mtk : nmea_reader_parse: line = 2342GPS get accuracy failed, fix mode:1
04-23 21:43:39.192  1951  3251 D gps_mtk : nmea_reader_parse: line = 2406r->sv_status_gnss.num_svs = 12, gps_nmea_end_tag = 1
04-23 21:43:39.192  1951  3251 V MtkLocationExt: GNSS SV count: 12
04-23 21:43:39.192  1951  3251 V MtkLocationExt: sv: 3 snr: 0.0 elev: 72.0 azimuth: 283.0   
04-23 21:43:39.192  1951  3251 V MtkLocationExt: sv: 31 snr: 0.0 elev: 44.0 azimuth: 119.0   
04-23 21:43:39.192  1951  3251 V MtkLocationExt: sv: 28 snr: 0.0 elev: 43.0 azimuth: 74.0   
04-23 21:43:39.192  1951  3251 V MtkLocationExt: sv: 2 snr: 2.0 elev: 42.0 azimuth: 192.0   
04-23 21:43:39.192  1951  3251 V MtkLocationExt: sv: 4 snr: 0.0 elev: 37.0 azimuth: 228.0   
04-23 21:43:39.193  1951  3251 V MtkLocationExt: sv: 21 snr: 1.9100001 elev: 30.0 azimuth: 180.0   
04-23 21:43:39.193  1951  3251 V MtkLocationExt: sv: 17 snr: 0.0 elev: 24.0 azimuth: 279.0   
04-23 21:43:39.193  1951  3251 V MtkLocationExt: sv: 19 snr: 0.0 elev: 23.0 azimuth: 307.0   
04-23 21:43:39.193  1951  3251 V MtkLocationExt: sv: 32 snr: 2.03 elev: 13.0 azimuth: 62.0   
04-23 21:43:39.193  1951  3251 V MtkLocationExt: sv: 25 snr: 0.0 elev: 11.0 azimuth: 36.0   
04-23 21:43:39.193  1951  3251 V MtkLocationExt: sv: 6 snr: 0.0 elev: 8.0 azimuth: 323.0   
04-23 21:43:39.193  1951  3251 V MtkLocationExt: sv: 12 snr: 0.0 elev: 8.0 azimuth: 9.0   
04-23 21:43:39.193  1951  3251 D gps_mtk : nmea_reader_addc: line = 2455start nmea_cb
04-23 21:43:39.205   784 10580 D mnl_linux: mtk_gps_sys_nmea_output_to_app: $GPGGA,184340.510,5540.4814,N,03745.5568,E,0,0,,-14.3,M,14.3,M,,*56
04-23 21:43:39.205   784 10580 D mnl_linux: $GPGSA,A,1,,,,,,,,,,,,,99.99,99.99,1.00*01
04-23 21:43:39.205   784 10580 D mnl_linux: $GPGSV,3,1,12,03,72,283,,31,44,119,,28,43,074,,02,42,192,20.0*60
04-23 21:43:39.205   784 10580 D mnl_linux: $GPGSV,3,2,12,04,37,228,,21,30,180,19.1,17,24,279,,19,23,307,*6C
04-23 21:43:39.205   784 10580 D mnl_linux: $GPGSV,3,3,12,32,13,062,20.3,25,11,036,,06,08,323,,12,08,009,*6E
04-23 21:43:39.205   784 10580 D mnl_linux: $GPRMC,184340.510,V,5540.4814,N,03745.5568,E,0.000,0.00,070904,,,N*44
04-23 21:43:39.205   784 10580 D mnl_linux: $GPVTG,0.00,T,,M,0.000,N,0.000,K,N*32
04-23 21:43:39.205   784 10580 D mnl_linux: $GPACCURACY,531.8*07
04-23 21:43:39.205   784 10580 D MNLD    : send_cmd_ex: slf_send_cmd (9, 0x30)
04-23 21:43:39.205   784   784 D MNLD    : process: epoll_wait() received 1 events
04-23 21:43:39.205   784   784 D MNLD    : sigrcv_handler: args from mnld: 48
04-23 21:43:39.205   784   784 D MNLD    : mnl_set_alarm: (0, 0xB6A46048, 5)
04-23 21:43:39.205   784   784 D MNLD    : process: sigrc_handler: ret = 0
04-23 21:43:39.209   784 10580 D MNLD    : mtk_gps_sys_gps_mnl_callback: MTK_GPS_MSG_FIX_READY,GET_RTC_FAIL
04-23 21:43:39.209   784 10580 D MNLD    : mtk_gps_sys_gps_mnl_callback: gps_measurement_state = 255 ,state = 2
04-23 21:43:39.409  2916  3137 V ProviderLeakDetecter: Cursor Open:69980563 Total Opened Cursor Count:1.
04-23 21:43:39.414  2916  3137 V ProviderLeakDetecter: Cursor Close:69980563 Total Opened Cursor Count:0.
04-23 21:43:39.558  3760  3782 I PerfService: PerfServiceNative_getPackName
04-23 21:43:39.558  1951  1989 I libPerfService: perfGetLastBoostPid 3288
04-23 21:43:39.558  1951  1989 D PerfServiceManager: [PerfService] getLastBoostPid 3288 
04-23 21:43:39.558  1951  1989 I libPerfService: perfGetLastBoostPid 3288
04-23 21:43:39.618  1951  2274 D InputReader: AP_PROF:AppLaunch_dispatchPtr:Down:2037511, ID:0, Index:-1431902320
04-23 21:43:39.618  1951  2274 I PerfService: PerfServiceNative_boostEnableAsync:3
04-23 21:43:39.620  1951  2296 I libPerfService: 3: set freq: 819000
04-23 21:43:39.620  1951  2273 D PowerManagerService: userActivityFromNative
04-23 21:43:39.620  1951  2273 D PowerManagerService: userActivityNoUpdateLocked: eventTime=2037511, event=2, flags=0x0, uid=1000
04-23 21:43:39.621  1951  2273 D PowerManagerNotifier: onUserActivity: event=2, uid=1000
04-23 21:43:39.621  1951  2273 D PowerManagerService: updateUserActivitySummaryLocked: mWakefulness=Awake, mUserActivitySummary=0x1, nextTimeout=2090511 (in 52996 ms)
04-23 21:43:39.621  1951  2273 D DisplayPowerController: requestPowerState: policy=BRIGHT, useProximitySensor=false, screenBrightness=255, screenAutoBrightnessAdjustment=0.0, brightnessSetByUser=true, useAutoBrightness=false, blockScreenOn=false, lowPowerMode=false, boostScreenBrightness=false, dozeScreenBrightness=-1, dozeScreenState=UNKNOWN, waitForNegativeProximity=false
04-23 21:43:39.621  1951  2273 I PowerManagerService: setBrightness mButtonLight 0.
04-23 21:43:39.621  1951  2273 D PowerManagerService: updateDisplayPowerStateLocked: mDisplayReady=true, policy=3, mWakefulness=1, mWakeLockSummary=0x0, mUserActivitySummary=0x1, mBootCompleted=true, mScreenBrightnessBoostInProgress=false
04-23 21:43:39.630  1951  2296 I libPerfService: 3: set: 3
04-23 21:43:39.675  1951  2274 D InputReader: AP_PROF:AppLaunch_dispatchPtr:Up:2037569, ID:0, Index:-1431898928
04-23 21:43:39.676  1951  2274 I PerfService: PerfServiceNative_boostEnableTimeoutMsAsync:3, 100
04-23 21:43:39.684   257  1527 I BufferQueueProducer: [ru.evotor.launcher/ru.evotor.launcher.ui.activity.EvotorApplicationsListActivity](this:0xb24dc000,id:172,api:1,p:3288,c:257) queueBuffer: fps=3.54 dur=9312.86 max=8696.10 min=12.84
04-23 21:43:39.686  3288  3288 D SettingsInterface:  from settings cache , name = sound_effects_enabled , value = 0
04-23 21:43:39.687  1951  3079 I ActivityManager: START u0 {flg=0x1c008000 cmp=ru.mars_groupe.sber_upos_example/.MainActivity} from uid 1000 from pid 3288 on display 0
04-23 21:43:39.688  1951  3079 V WindowManager: Looking for focus: 5 = Window{7f2dc7b u0 StatusBar}, flags=-2122055608, canReceive=false
04-23 21:43:39.688  1951  3079 V WindowManager: findFocusedWindow: Found new focus @ 2 = Window{7cd5ccf u0 ru.evotor.launcher/ru.evotor.launcher.ui.activity.EvotorApplicationsListActivity}
04-23 21:43:39.692  1951  3079 D PowerManagerService: acquireWakeLockInternal: lock=58877483, flags=0x1, tag="*launch*", ws=WorkSource{10074}, uid=1000, pid=1951
04-23 21:43:39.692  1951  2296 I libPerfService: 1: set freq: 1300000
04-23 21:43:39.692  1951  3079 D PowerManagerService: updateWakeLockSummaryLocked: mWakefulness=Awake, mWakeLockSummary=0x1
04-23 21:43:39.692  1951  2296 I libPerfService: 1: set: 4
04-23 21:43:39.694  1951  3079 D PowerManagerService: updateUserActivitySummaryLocked: mWakefulness=Awake, mUserActivitySummary=0x1, nextTimeout=2090511 (in 52924 ms)
04-23 21:43:39.694  1951  3079 D DisplayPowerController: requestPowerState: policy=BRIGHT, useProximitySensor=false, screenBrightness=255, screenAutoBrightnessAdjustment=0.0, brightnessSetByUser=true, useAutoBrightness=false, blockScreenOn=false, lowPowerMode=false, boostScreenBrightness=false, dozeScreenBrightness=-1, dozeScreenState=UNKNOWN, waitForNegativeProximity=false
04-23 21:43:39.694  1951  3079 I PowerManagerService: setBrightness mButtonLight 0.
04-23 21:43:39.694  1951  3079 D PowerManagerService: updateDisplayPowerStateLocked: mDisplayReady=true, policy=3, mWakefulness=1, mWakeLockSummary=0x1, mUserActivitySummary=0x1, mBootCompleted=true, mScreenBrightnessBoostInProgress=false
04-23 21:43:39.694  1951  3079 D PowerManagerService: Acquiring suspend blocker "PowerManagerService.WakeLocks".
04-23 21:43:39.694  1951  3079 D PowerManagerNotifier: onWakeLockAcquired: flags=1, tag="*launch*", packageName=android, ownerUid=1000, ownerPid=1951, workSource=WorkSource{10074}
04-23 21:43:39.696  1951  3079 V WindowManager: Looking for focus: 5 = Window{7f2dc7b u0 StatusBar}, flags=-2122055608, canReceive=false
04-23 21:43:39.696  1951  3079 V WindowManager: findFocusedWindow: Found new focus @ 2 = Window{7cd5ccf u0 ru.evotor.launcher/ru.evotor.launcher.ui.activity.EvotorApplicationsListActivity}
04-23 21:43:39.698  1951  3079 V WindowManager: Set focused app to: AppWindowToken{9dd0a0c token=Token{122074 ActivityRecord{33cf047 u0 ru.mars_groupe.sber_upos_example/.MainActivity t19}}} old focus=AppWindowToken{c91f092 token=Token{f63961d ActivityRecord{a837ef4 u0 ru.evotor.launcher/.ui.activity.EvotorApplicationsListActivity t1}}} moveFocusNow=true
04-23 21:43:39.699  1951  3079 V WindowManager: Looking for focus: 5 = Window{7f2dc7b u0 StatusBar}, flags=-2122055608, canReceive=false
04-23 21:43:39.699  1951  3079 V WindowManager: findFocusedWindow: Reached focused app=AppWindowToken{9dd0a0c token=Token{122074 ActivityRecord{33cf047 u0 ru.mars_groupe.sber_upos_example/.MainActivity t19}}}
04-23 21:43:39.699  1951  2025 D WindowClient: Add to mViews: com.android.internal.policy.PhoneWindow$DecorView{b53599d V.E...... R.....ID 0,0-0,0}, this = android.view.WindowManagerGlobal@36d4317
04-23 21:43:39.700  1951  2025 D ViewRootImpl: hardware acceleration is disabled, fakeHwAccelerated = true, HardwareRenderer.sRendererDisabled = false, forceHwAccelerated = false, HardwareRenderer.sSystemRendererDisabled = false, this = ViewRoot{b89125b Starting ru.mars_groupe.sber_upos_example,ident = 14}
04-23 21:43:39.700  1951  3079 V WindowManager: Changing focus from Window{7cd5ccf u0 ru.evotor.launcher/ru.evotor.launcher.ui.activity.EvotorApplicationsListActivity} to null Callers=com.android.server.wm.WindowManagerService.setFocusedApp:4469 com.android.server.am.ActivityManagerService.setFocusedActivityLocked:2827 com.android.server.am.ActivityStackSupervisor.startActivityUncheckedLocked:2815 com.android.server.am.ActivityStackSupervisor.startActivityLocked:1821 
04-23 21:43:39.700  1951  3079 D WindowManager: Input focus has changed to null
04-23 21:43:39.702  1951  2025 D WindowManager: addWindowToListInOrderLocked: win=Window{7b55bd1 u0 Starting ru.mars_groupe.sber_upos_example} Callers=com.android.server.wm.WindowManagerService.addWindow:2771 com.android.server.wm.Session.addToDisplay:171 android.view.ViewRootImpl.setView:645 android.view.WindowManagerGlobal.addView:319 
04-23 21:43:39.702  1951  2025 V WindowManager: Based on layer: Adding window Window{7b55bd1 u0 Starting ru.mars_groupe.sber_upos_example} at 3 of 7
04-23 21:43:39.703  3288  3288 V FragmentManager: computeExpectedState() of 5 for EvotorApplicationsPageFragment{cb268b} (ab3690cb-d322-47e2-b889-6d8dc4aab9f5 id=0x7f090057)
04-23 21:43:39.703  3288  3288 V FragmentManager: computeExpectedState() of 5 for EvotorApplicationsPageFragment{6bff368} (808f616f-aa96-4134-a115-9b0e39c43e19 id=0x7f090057)
04-23 21:43:39.705  3288  3288 D FragmentManager: movefrom RESUMED: EvotorApplicationsPageFragment{6bff368} (808f616f-aa96-4134-a115-9b0e39c43e19 id=0x7f090057)
04-23 21:43:39.706  3288  3288 V FragmentManager: computeExpectedState() of 5 for EvotorApplicationsPageFragment{6bff368} (808f616f-aa96-4134-a115-9b0e39c43e19 id=0x7f090057)
04-23 21:43:39.707  3288 11154 V FA      : Recording user engagement, ms: 26497
04-23 21:43:39.707  3288  3288 V FragmentManager: computeExpectedState() of 5 for EvotorApplicationsPageFragment{6bff368} (808f616f-aa96-4134-a115-9b0e39c43e19 id=0x7f090057)
04-23 21:43:39.708  3288  3288 V FragmentManager: computeExpectedState() of 5 for EvotorApplicationsPageFragment{6bff368} (808f616f-aa96-4134-a115-9b0e39c43e19 id=0x7f090057)
04-23 21:43:39.708  3288  3288 V FragmentManager: computeExpectedState() of 5 for EvotorApplicationsPageFragment{cb268b} (ab3690cb-d322-47e2-b889-6d8dc4aab9f5 id=0x7f090057)
