04-23 21:43:39.709  3288  3288 D ActivityThread: ACT-AM_ON_PAUSE_CALLED ActivityRecord{17cc6b1 token=android.os.BinderProxy@490b796 {ru.evotor.launcher/ru.evotor.launcher.ui.activity.EvotorApplicationsListActivity}}
04-23 21:43:39.709   257   257 I SurfaceFlinger: [Built-in Screen (type:0)] fps:3.546320,dur:9305.42,max:8705.69,min:2.31
04-23 21:43:39.710   257   257 I BufferQueue: [unnamed-257-173](this:0xb24de400,id:173,api:0,p:-1,c:-1) BufferQueue core=(257:/system/bin/surfaceflinger)
04-23 21:43:39.711   257   257 D BufferQueueDump: [unnamed-257-173] this:0xb24e1000, value:0xbe94f650, iLen:6
04-23 21:43:39.711   257   257 I BufferQueueConsumer: [unnamed-257-173](this:0xb24de400,id:173,api:0,p:-1,c:257) connect(C): consumer=(257:/system/bin/surfaceflinger) controlledByApp=false
04-23 21:43:39.711   257   257 D BufferQueueDump: [unnamed-257-173] this:0xb24e1000, value:0xbe94f670, iLen:6
04-23 21:43:39.711   257   257 I BufferQueueConsumer: [unnamed-257-173](this:0xb24de400,id:173,api:0,p:-1,c:257) setConsumerName: unnamed-257-173
04-23 21:43:39.711   257   257 D BufferQueueDump: [Starting ru.mars_groupe.sber_upos_example] this:0xb24e1000, value:0xbe94f6c8, iLen:6
04-23 21:43:39.711   257   257 I BufferQueueConsumer: [Starting ru.mars_groupe.sber_upos_example](this:0xb24de400,id:173,api:0,p:-1,c:257) setConsumerName: Starting ru.mars_groupe.sber_upos_example
04-23 21:43:39.711   257   257 I BufferQueueConsumer: [Starting ru.mars_groupe.sber_upos_example](this:0xb24de400,id:173,api:0,p:-1,c:257) setDefaultBufferSize: width=1 height=1
04-23 21:43:39.713  1951  2025 V WindowManager: Looking for focus: 6 = Window{7f2dc7b u0 StatusBar}, flags=-2122055608, canReceive=false
04-23 21:43:39.713  1951  2025 V WindowManager: findFocusedWindow: Reached focused app=AppWindowToken{9dd0a0c token=Token{122074 ActivityRecord{33cf047 u0 ru.mars_groupe.sber_upos_example/.MainActivity t19}}}
04-23 21:43:39.715  3288 11154 V SQLiteStatements: /data/user/0/ru.evotor.launcher/databases/google_app_measurement_local.db: "PRAGMA page_size"
04-23 21:43:39.715  3288 11154 V SQLiteStatements: /data/user/0/ru.evotor.launcher/databases/google_app_measurement_local.db: "PRAGMA foreign_keys"
04-23 21:43:39.716  3288 11154 V SQLiteStatements: /data/user/0/ru.evotor.launcher/databases/google_app_measurement_local.db: "PRAGMA journal_mode"
04-23 21:43:39.716  3288 11154 V SQLiteStatements: /data/user/0/ru.evotor.launcher/databases/google_app_measurement_local.db: "PRAGMA journal_mode=PERSIST"
04-23 21:43:39.716  3288 11154 V SQLiteStatements: /data/user/0/ru.evotor.launcher/databases/google_app_measurement_local.db: "PRAGMA synchronous"
04-23 21:43:39.717  3288 11154 V SQLiteStatements: /data/user/0/ru.evotor.launcher/databases/google_app_measurement_local.db: "PRAGMA journal_size_limit"
04-23 21:43:39.717  3288 11154 V SQLiteStatements: /data/user/0/ru.evotor.launcher/databases/google_app_measurement_local.db: "PRAGMA journal_size_limit=524288"
04-23 21:43:39.717  3288 11154 V SQLiteStatements: /data/user/0/ru.evotor.launcher/databases/google_app_measurement_local.db: "PRAGMA wal_autocheckpoint"
04-23 21:43:39.717  3288 11154 V SQLiteStatements: /data/user/0/ru.evotor.launcher/databases/google_app_measurement_local.db: "PRAGMA wal_autocheckpoint=100"
04-23 21:43:39.717  3288 11154 V SQLiteStatements: /data/user/0/ru.evotor.launcher/databases/google_app_measurement_local.db: "CREATE TABLE IF NOT EXISTS android_metadata (locale TEXT)"
04-23 21:43:39.718  3288 11154 V SQLiteTime: /data/user/0/ru.evotor.launcher/databases/google_app_measurement_local.db: "CREATE TABLE IF NOT EXISTS android_metadata (locale TEXT)" took 1.000 ms
04-23 21:43:39.718   257   257 I BufferQueueConsumer: [Starting ru.mars_groupe.sber_upos_example](this:0xb24de400,id:173,api:0,p:-1,c:257) setDefaultBufferSize: width=720 height=1280
04-23 21:43:39.718  3288 11154 V SQLiteStatements: /data/user/0/ru.evotor.launcher/databases/google_app_measurement_local.db: "SELECT locale FROM android_metadata UNION SELECT NULL ORDER BY locale DESC LIMIT 1"
04-23 21:43:39.720  3288 11154 V SQLiteStatements: /data/user/0/ru.evotor.launcher/databases/google_app_measurement_local.db: "PRAGMA user_version;"
04-23 21:43:39.722  3288 11154 I CursorWindowStats: Created a new Cursor. # Open Cursors=1 (# cursors opened by this proc=1)
04-23 21:43:39.722  3288 11154 V SQLiteStatements: /data/user/0/ru.evotor.launcher/databases/google_app_measurement_local.db: "SELECT name FROM SQLITE_MASTER WHERE name='messages'"
04-23 21:43:39.722  1951  2025 D Surface : Surface::connect(this=0x9dcec100,api=2)
04-23 21:43:39.722  3288 11154 V SQLiteTime: /data/user/0/ru.evotor.launcher/databases/google_app_measurement_local.db: "SELECT name FROM SQLITE_MASTER WHERE name=?" took 0.000 ms
04-23 21:43:39.722  1951  3155 D AppOps  : noteOperation: allowing code 59 uid 10074 package ru.mars_groupe.sber_upos_example
04-23 21:43:39.723  1951  3155 D AppOps  : noteOperation: allowing code 60 uid 10074 package ru.mars_groupe.sber_upos_example
04-23 21:43:39.723  3288 11154 D SQLiteCursor: received count(*) from native_fill_window: 1
04-23 21:43:39.723   257  6327 I BufferQueueProducer: [Starting ru.mars_groupe.sber_upos_example](this:0xb24de400,id:173,api:2,p:1951,c:257) connect(P): api=2 producer=(1951:system_server) producerControlledByApp=false
04-23 21:43:39.723   257  1527 I BufferQueueProducer: [Starting ru.mars_groupe.sber_upos_example](this:0xb24de400,id:173,api:2,p:1951,c:257) new GraphicBuffer needed
04-23 21:43:39.723   257  1527 I [MALI][Gralloc]: usage: 0x933, format: 1 stride: 720 vertical_stride: 1280 size: 3686400
04-23 21:43:39.727   257  1527 D GraphicBuffer: alloc, handle(0xb61dd2c0) (w:720 h:1280 s:720 f:0x1 u:0x000933) err(0)
04-23 21:43:39.728  3288 11154 V SQLiteStatements: /data/user/0/ru.evotor.launcher/databases/google_app_measurement_local.db: "BEGIN EXCLUSIVE;"
04-23 21:43:39.728  3288 11154 V SQLiteTime: /data/user/0/ru.evotor.launcher/databases/google_app_measurement_local.db: "BEGIN EXCLUSIVE;" took 0.000 ms
04-23 21:43:39.729  1951  2025 D GraphicBuffer: register, handle(0x99c85e90) (w:720 h:1280 s:720 f:0x1 u:0x000933)
04-23 21:43:39.729  3288 11154 I CursorWindowStats: Created a new Cursor. # Open Cursors=1 (# cursors opened by this proc=1)
04-23 21:43:39.730  3288 11154 V SQLiteStatements: /data/user/0/ru.evotor.launcher/databases/google_app_measurement_local.db: "select count(1) from messages"
04-23 21:43:39.730  3288 11154 V SQLiteTime: /data/user/0/ru.evotor.launcher/databases/google_app_measurement_local.db: "select count(1) from messages" took 0.000 ms
04-23 21:43:39.730  3288 11154 D SQLiteCursor: received count(*) from native_fill_window: 1
04-23 21:43:39.731  3288 11154 V SQLiteStatements: /data/user/0/ru.evotor.launcher/databases/google_app_measurement_local.db: "INSERT INTO messages(entry,type) VALUES (x'454fffff000100000200ffff0c000000020000005f006500000000000300ffffc0000000454fffffb80000000200ffffb0000000a8000000424e444c04000000020000005f006f000000000000000000040000006100750074006f0000000000030000005f00650074000000060000008167000000000000030000005f00730063000000000000001e000000450076006f0074006f0072004100700070006c00690063006100740069006f006e0073004c006900730074004100630074006900760069007400790000000000030000005f0073006900000006000000680c54429119c4480400ffff10000000040000006100750074006f0000000000050008003e4e450c8f010000',0)"
04-23 21:43:39.731  3288 11154 V SQLiteTime: /data/user/0/ru.evotor.launcher/databases/google_app_measurement_local.db: "INSERT INTO messages(entry,type) VALUES (?,?)" took 1.000 ms
04-23 21:43:39.732  3288 11154 V SQLiteStatements: /data/user/0/ru.evotor.launcher/databases/google_app_measurement_local.db: "COMMIT;"
04-23 21:43:39.735  1951  2025 I WindowManager: Focus moving from Window{7cd5ccf u0 ru.evotor.launcher/ru.evotor.launcher.ui.activity.EvotorApplicationsListActivity} to null
04-23 21:43:39.735  1951  2025 I WindowManager: Losing focus: Window{7cd5ccf u0 ru.evotor.launcher/ru.evotor.launcher.ui.activity.EvotorApplicationsListActivity}
04-23 21:43:39.743  1951  3155 I ActivityManager: Start proc 11500:ru.mars_groupe.sber_upos_example/u0a74 for activity ru.mars_groupe.sber_upos_example/.MainActivity
04-23 21:43:39.743  1951  3155 D ActivityManager: Delay resumeKeyDispatchingLocked() to avoid deadlock.
04-23 21:43:39.744  1951  2003 V NetworkStats: setKernelCounterSet uid=10074 set=1
04-23 21:43:39.745  3288  3288 D ActivityThread: ACT-PAUSE_ACTIVITY handled : 1 / android.os.BinderProxy@490b796
04-23 21:43:39.749  3288 11154 V SQLiteTime: /data/user/0/ru.evotor.launcher/databases/google_app_measurement_local.db: "COMMIT;" took 17.000 ms
04-23 21:43:39.759  3288 11154 V FA      : Using local app measurement service
04-23 21:43:39.761  3288 11154 W ContextImpl: Calling a method in the system process without a qualified user: android.app.ContextImpl.bindService:1290 android.content.ContextWrapper.bindService:604 com.google.android.gms.common.stats.ConnectionTracker.d:14 com.google.android.gms.common.stats.ConnectionTracker.b:83 com.google.android.gms.common.stats.ConnectionTracker.bindService:16 
04-23 21:43:39.765  1951  2003 V NetworkStats: setKernelCounterSet uid=10074 set=0
04-23 21:43:39.765  1951  2001 I memtrack_graphic: graphic_memtrack_get_memory match 4:      ion_mm_heap 3288  3686400   3 d4cb97c0 d2fa8980.
04-23 21:43:39.765  1951  2001 I memtrack_graphic:  : 3288 3288 3686400 3 1228800
04-23 21:43:39.765  3288  3288 D ActivityThread: SVC-Creating service: CreateServiceData{token=android.os.BinderProxy@7d73cdf className=com.google.android.gms.measurement.AppMeasurementService packageName=ru.evotor.launcher intent=null}
04-23 21:43:39.766  1951  2001 I memtrack_graphic: graphic_memtrack_get_memory match 4:      ion_mm_heap 3288  9961472   6 dbb56b40 d9a39a00.
04-23 21:43:39.766  1951  2001 I memtrack_graphic:  : 3288 3288 9961472 6 2889045
04-23 21:43:39.766  3288 11154 V FirebaseCrashlytics: Analytics listener received message. ID: 3, Extras: Bundle[{params=Bundle[{_o=auto, _et=26497, _sc=EvotorApplicationsListActivity, _si=5243343977839856744}], name=_e, timestampInMillis=1713897819710}]
04-23 21:43:39.766  3288  3288 V FA      : Local AppMeasurementService is starting up
04-23 21:43:39.766  3288  3288 D ActivityThread: SVC-CREATE_SERVICE handled : 0 / CreateServiceData{token=android.os.BinderProxy@7d73cdf className=com.google.android.gms.measurement.AppMeasurementService packageName=ru.evotor.launcher intent=null}
04-23 21:43:39.766  3288  3288 V ActivityThread: handleBindService s=com.google.android.gms.measurement.AppMeasurementService@eab0d2c rebind=false
04-23 21:43:39.766  1951  2001 I memtrack_graphic: graphic_memtrack_get_memory match 4:      ion_mm_heap 3288  3686400   2 d4d8c2c0 db96c080.
04-23 21:43:39.766  1951  2001 I memtrack_graphic:  : 3288 3288 3686400 2 4732245
04-23 21:43:39.766  1951  2001 I memtrack_graphic: graphic_memtrack_get_memory match 4:      ion_mm_heap 3288  3686400   3 d4d8cd40 db96c480.
04-23 21:43:39.766  1951  2001 I memtrack_graphic:  : 3288 3288 3686400 3 5961045
04-23 21:43:39.768  3288 11154 V FA      : Connection attempt already in progress
04-23 21:43:39.768  3288 11154 V FA      : Activity paused, time: 2037597
04-23 21:43:39.771  3288  3288 D ActivityThread: SVC-BIND_SERVICE handled : 0 / BindServiceData{token=android.os.BinderProxy@7d73cdf intent=Intent { act=com.google.android.gms.measurement.START cmp=ru.evotor.launcher/com.google.android.gms.measurement.AppMeasurementService }}
04-23 21:43:39.771  3288  3288 V FA      : Bound to IMeasurementService interface
04-23 21:43:39.772  3288 11154 V FA      : Connected to service
04-23 21:43:39.773  3288 11154 V FA      : Processing queued up service tasks: 2
04-23 21:43:39.776  3288 11154 V SQLiteStatements: /data/user/0/ru.evotor.launcher/databases/google_app_measurement_local.db: "PRAGMA page_size"
04-23 21:43:39.776  3288 11154 V SQLiteStatements: /data/user/0/ru.evotor.launcher/databases/google_app_measurement_local.db: "PRAGMA foreign_keys"
04-23 21:43:39.776  1951  2296 D PerfServiceManager: [PerfService] MESSAGE_TIMEOUT:103 
04-23 21:43:39.776  1951  2296 I libPerfService: 3: set freq: 1300000
04-23 21:43:39.778  3288 11154 V SQLiteStatements: /data/user/0/ru.evotor.launcher/databases/google_app_measurement_local.db: "PRAGMA journal_mode"
04-23 21:43:39.778  3288 11154 V SQLiteStatements: /data/user/0/ru.evotor.launcher/databases/google_app_measurement_local.db: "PRAGMA journal_mode=PERSIST"
04-23 21:43:39.778  3288 11154 V SQLiteStatements: /data/user/0/ru.evotor.launcher/databases/google_app_measurement_local.db: "PRAGMA synchronous"
04-23 21:43:39.778  3288 11154 V SQLiteStatements: /data/user/0/ru.evotor.launcher/databases/google_app_measurement_local.db: "PRAGMA journal_size_limit"
04-23 21:43:39.778  3288 11154 V SQLiteStatements: /data/user/0/ru.evotor.launcher/databases/google_app_measurement_local.db: "PRAGMA journal_size_limit=524288"
04-23 21:43:39.779  3288 11154 V SQLiteStatements: /data/user/0/ru.evotor.launcher/databases/google_app_measurement_local.db: "PRAGMA wal_autocheckpoint"
04-23 21:43:39.779  3288 11154 V SQLiteStatements: /data/user/0/ru.evotor.launcher/databases/google_app_measurement_local.db: "PRAGMA wal_autocheckpoint=100"
04-23 21:43:39.779  3288 11154 V SQLiteStatements: /data/user/0/ru.evotor.launcher/databases/google_app_measurement_local.db: "CREATE TABLE IF NOT EXISTS android_metadata (locale TEXT)"
04-23 21:43:39.780  3288 11154 V SQLiteTime: /data/user/0/ru.evotor.launcher/databases/google_app_measurement_local.db: "CREATE TABLE IF NOT EXISTS android_metadata (locale TEXT)" took 1.000 ms
04-23 21:43:39.780  3288 11154 V SQLiteStatements: /data/user/0/ru.evotor.launcher/databases/google_app_measurement_local.db: "SELECT locale FROM android_metadata UNION SELECT NULL ORDER BY locale DESC LIMIT 1"
04-23 21:43:39.781  3288 11154 V SQLiteStatements: /data/user/0/ru.evotor.launcher/databases/google_app_measurement_local.db: "PRAGMA user_version;"
04-23 21:43:39.782  3288 11154 I CursorWindowStats: Created a new Cursor. # Open Cursors=1 (# cursors opened by this proc=1)
04-23 21:43:39.783  3288 11154 V SQLiteStatements: /data/user/0/ru.evotor.launcher/databases/google_app_measurement_local.db: "SELECT name FROM SQLITE_MASTER WHERE name='messages'"
04-23 21:43:39.783  3288 11154 V SQLiteTime: /data/user/0/ru.evotor.launcher/databases/google_app_measurement_local.db: "SELECT name FROM SQLITE_MASTER WHERE name=?" took 0.000 ms
04-23 21:43:39.783  3288 11154 D SQLiteCursor: received count(*) from native_fill_window: 1
04-23 21:43:39.784  3288 11154 V SQLiteStatements: /data/user/0/ru.evotor.launcher/databases/google_app_measurement_local.db: "BEGIN EXCLUSIVE;"
04-23 21:43:39.784  3288 11154 V SQLiteTime: /data/user/0/ru.evotor.launcher/databases/google_app_measurement_local.db: "BEGIN EXCLUSIVE;" took 0.000 ms
04-23 21:43:39.785  3288 11154 I CursorWindowStats: Created a new Cursor. # Open Cursors=1 (# cursors opened by this proc=1)
04-23 21:43:39.785  3288 11154 V SQLiteStatements: /data/user/0/ru.evotor.launcher/databases/google_app_measurement_local.db: "SELECT rowid FROM messages WHERE type='3' ORDER BY rowid desc LIMIT 1"
04-23 21:43:39.787  3288 11154 V SQLiteTime: /data/user/0/ru.evotor.launcher/databases/google_app_measurement_local.db: "SELECT rowid FROM messages WHERE type=? ORDER BY rowid desc LIMIT 1" took 2.000 ms
04-23 21:43:39.787  3288 11154 D SQLiteCursor: received count(*) from native_fill_window: 0
04-23 21:43:39.789  3288 11154 I CursorWindowStats: Created a new Cursor. # Open Cursors=1 (# cursors opened by this proc=1)
04-23 21:43:39.789  3288 11154 V SQLiteStatements: /data/user/0/ru.evotor.launcher/databases/google_app_measurement_local.db: "SELECT rowid, type, entry FROM messages ORDER BY rowid asc LIMIT 100"
04-23 21:43:39.789  3288 11154 V SQLiteTime: /data/user/0/ru.evotor.launcher/databases/google_app_measurement_local.db: "SELECT rowid, type, entry FROM messages ORDER BY rowid asc LIMIT 100" took 0.000 ms
04-23 21:43:39.790  3288 11154 D SQLiteCursor: received count(*) from native_fill_window: 1
04-23 21:43:39.790  3288 11154 V SQLiteStatements: /data/user/0/ru.evotor.launcher/databases/google_app_measurement_local.db: "DELETE FROM messages WHERE rowid <= '1'"
04-23 21:43:39.791  3288 11154 V SQLiteTime: /data/user/0/ru.evotor.launcher/databases/google_app_measurement_local.db: "DELETE FROM messages WHERE rowid <= ?" took 1.000 ms
04-23 21:43:39.791  3288 11154 V SQLiteStatements: /data/user/0/ru.evotor.launcher/databases/google_app_measurement_local.db: "COMMIT;"
04-23 21:43:39.796  3288 11154 V SQLiteTime: /data/user/0/ru.evotor.launcher/databases/google_app_measurement_local.db: "COMMIT;" took 5.000 ms
04-23 21:43:39.798  3288 11154 V SQLiteStatements: /data/user/0/ru.evotor.launcher/databases/google_app_measurement.db: "BEGIN EXCLUSIVE;"
04-23 21:43:39.799  3288 11154 V SQLiteTime: /data/user/0/ru.evotor.launcher/databases/google_app_measurement.db: "BEGIN EXCLUSIVE;" took 1.000 ms
04-23 21:43:39.800  3288 11154 I CursorWindowStats: Created a new Cursor. # Open Cursors=1 (# cursors opened by this proc=1)
04-23 21:43:39.800  3288 11154 V SQLiteStatements: /data/user/0/ru.evotor.launcher/databases/google_app_measurement.db: "SELECT app_id, origin, name, value, active, trigger_event_name, trigger_timeout, timed_out_event, creation_timestamp, triggered_event, triggered_timestamp, time_to_live, expired_event FROM conditional_properties WHERE active=0 and app_id='ru.evotor.launcher' and abs('1713897819710' - creation_timestamp) > trigger_timeout ORDER BY rowid LIMIT 1001"
04-23 21:43:39.800  3288 11154 V SQLiteTime: /data/user/0/ru.evotor.launcher/databases/google_app_measurement.db: "SELECT app_id, origin, name, value, active, trigger_event_name, trigger_timeout, timed_out_event, creation_timestamp, triggered_event, triggered_timestamp, time_to_live, expired_event FROM conditional_properties WHERE active=0 and app_id=? and abs(? - creation_timestamp) > trigger_timeout ORDER BY rowid LIMIT 1001" took 0.000 ms
04-23 21:43:39.800  3288 11154 D SQLiteCursor: received count(*) from native_fill_window: 0
04-23 21:43:39.801  3288 11154 I CursorWindowStats: Created a new Cursor. # Open Cursors=1 (# cursors opened by this proc=1)
04-23 21:43:39.801  3288 11154 V SQLiteStatements: /data/user/0/ru.evotor.launcher/databases/google_app_measurement.db: "SELECT app_id, origin, name, value, active, trigger_event_name, trigger_timeout, timed_out_event, creation_timestamp, triggered_event, triggered_timestamp, time_to_live, expired_event FROM conditional_properties WHERE active<>0 and app_id='ru.evotor.launcher' and abs('1713897819710' - triggered_timestamp) > time_to_live ORDER BY rowid LIMIT 1001"
04-23 21:43:39.802  3288 11154 V SQLiteTime: /data/user/0/ru.evotor.launcher/databases/google_app_measurement.db: "SELECT app_id, origin, name, value, active, trigger_event_name, trigger_timeout, timed_out_event, creation_timestamp, triggered_event, triggered_timestamp, time_to_live, expired_event FROM conditional_properties WHERE active<>0 and app_id=? and abs(? - triggered_timestamp) > time_to_live ORDER BY rowid LIMIT 1001" took 1.000 ms
04-23 21:43:39.802  3288 11154 D SQLiteCursor: received count(*) from native_fill_window: 0
04-23 21:43:39.803  3288 11154 I CursorWindowStats: Created a new Cursor. # Open Cursors=1 (# cursors opened by this proc=1)
04-23 21:43:39.803  3288 11154 V SQLiteStatements: /data/user/0/ru.evotor.launcher/databases/google_app_measurement.db: "SELECT app_id, origin, name, value, active, trigger_event_name, trigger_timeout, timed_out_event, creation_timestamp, triggered_event, triggered_timestamp, time_to_live, expired_event FROM conditional_properties WHERE active=0 and app_id='ru.evotor.launcher' and trigger_event_name='_e' and abs('1713897819710' - creation_timestamp) <= trigger_timeout ORDER BY rowid LIMIT 1001"
04-23 21:43:39.804  3288 11154 V SQLiteTime: /data/user/0/ru.evotor.launcher/databases/google_app_measurement.db: "SELECT app_id, origin, name, value, active, trigger_event_name, trigger_timeout, timed_out_event, creation_timestamp, triggered_event, triggered_timestamp, time_to_live, expired_event FROM conditional_properties WHERE active=0 and app_id=? and trigger_event_name=? and abs(? - creation_timestamp) <= trigger_timeout ORDER BY rowid LIMIT 1001" took 1.000 ms
04-23 21:43:39.804  3288 11154 D SQLiteCursor: received count(*) from native_fill_window: 0
04-23 21:43:39.805  3288 11154 V FA      : Logging event: origin=auto,name=user_engagement(_e),params=Bundle[{ga_event_origin(_o)=auto, engagement_time_msec(_et)=26497, ga_screen_class(_sc)=EvotorApplicationsListActivity, ga_screen_id(_si)=5243343977839856744}]
04-23 21:43:39.806  3288 11154 I CursorWindowStats: Created a new Cursor. # Open Cursors=1 (# cursors opened by this proc=1)
04-23 21:43:39.807  3288 11154 V SQLiteStatements: /data/user/0/ru.evotor.launcher/databases/google_app_measurement.db: "SELECT app_instance_id, gmp_app_id, resettable_device_id_hash, last_bundle_index, last_bundle_start_timestamp, last_bundle_end_timestamp, app_version, app_store, gmp_version, dev_cert_hash, measurement_enabled, day, daily_public_events_count, daily_events_count, daily_conversions_count, config_fetched_time, failed_config_fetch_time, app_version_int, firebase_instance_id, daily_error_events_count, daily_realtime_events_count, health_monitor_sample, android_id, adid_reporting_enabled, admob_app_id, dynamite_version, safelisted_events, ga_app_id, session_stitching_token, sgtm_upload_enabled, target_os_version, session_stitching_token_hash FROM apps WHERE app_id='ru.evotor.launcher'"
04-23 21:43:39.807  3288 11154 V SQLiteTime: /data/user/0/ru.evotor.launcher/databases/google_app_measurement.db: "SELECT app_instance_id, gmp_app_id, resettable_device_id_hash, last_bundle_index, last_bundle_start_timestamp, last_bundle_end_timestamp, app_version, app_store, gmp_version, dev_cert_hash, measurement_enabled, day, daily_public_events_count, daily_events_count, daily_conversions_count, config_fetched_time, failed_config_fetch_time, app_version_int, firebase_instance_id, daily_error_events_count, daily_realtime_events_count, health_monitor_sample, android_id, adid_reporting_enabled, admob_app_id, dynamite_version, safelisted_events, ga_app_id, session_stitching_token, sgtm_upload_enabled, target_os_version, session_stitching_token_hash FROM apps WHERE app_id=?" took 0.000 ms
04-23 21:43:39.807  3288 11154 D SQLiteCursor: received count(*) from native_fill_window: 1
04-23 21:43:39.810  3288 11154 D FA      : Unable to get advertising id: com.google.android.gms.common.GooglePlayServicesNotAvailableException: com.google.android.gms.measurement.internal.zzkb.b(SourceFile:89)
04-23 21:43:39.812  3288 11154 I CursorWindowStats: Created a new Cursor. # Open Cursors=1 (# cursors opened by this proc=1)
04-23 21:43:39.813  3288 11154 V SQLiteStatements: /data/user/0/ru.evotor.launcher/databases/google_app_measurement.db: "SELECT day, daily_events_count, daily_public_events_count, daily_conversions_count, daily_error_events_count, daily_realtime_events_count FROM apps WHERE app_id='ru.evotor.launcher'"
04-23 21:43:39.813  3288 11154 V SQLiteTime: /data/user/0/ru.evotor.launcher/databases/google_app_measurement.db: "SELECT day, daily_events_count, daily_public_events_count, daily_conversions_count, daily_error_events_count, daily_realtime_events_count FROM apps WHERE app_id=?" took 0.000 ms
04-23 21:43:39.813  3288 11154 D SQLiteCursor: received count(*) from native_fill_window: 1
04-23 21:43:39.813  3288 11154 V SQLiteStatements: /data/user/0/ru.evotor.launcher/databases/google_app_measurement.db: "UPDATE apps SET day=19837,daily_realtime_events_count=0,daily_error_events_count=0,daily_conversions_count=0,daily_public_events_count=0,daily_events_count=110 WHERE app_id='ru.evotor.launcher'"
04-23 21:43:39.814  3288 11154 V SQLiteTime: /data/user/0/ru.evotor.launcher/databases/google_app_measurement.db: "UPDATE apps SET day=?,daily_realtime_events_count=?,daily_error_events_count=?,daily_conversions_count=?,daily_public_events_count=?,daily_events_count=? WHERE app_id=?" took 1.000 ms
04-23 21:43:39.815  3288 11154 V SQLiteStatements: /data/user/0/ru.evotor.launcher/databases/google_app_measurement.db: "DELETE FROM raw_events WHERE rowid in (select rowid from raw_events where app_id='ru.evotor.launcher' order by rowid desc limit -1 offset '100000')"
04-23 21:43:39.815  3288 11154 V SQLiteTime: /data/user/0/ru.evotor.launcher/databases/google_app_measurement.db: "DELETE FROM raw_events WHERE rowid in (select rowid from raw_events where app_id=? order by rowid desc limit -1 offset ?)" took 0.000 ms
04-23 21:43:39.816  3288 11154 I CursorWindowStats: Created a new Cursor. # Open Cursors=1 (# cursors opened by this proc=1)
04-23 21:43:39.817  3288 11154 V SQLiteStatements: /data/user/0/ru.evotor.launcher/databases/google_app_measurement.db: "SELECT lifetime_count, current_bundle_count, last_fire_timestamp, last_bundled_timestamp, last_bundled_day, last_sampled_complex_event_id, last_sampling_rate, last_exempt_from_sampling, current_session_count FROM events WHERE app_id='ru.evotor.launcher' and name='_e'"
04-23 21:43:39.817  3288 11154 V SQLiteTime: /data/user/0/ru.evotor.launcher/databases/google_app_measurement.db: "SELECT lifetime_count, current_bundle_count, last_fire_timestamp, last_bundled_timestamp, last_bundled_day, last_sampled_complex_event_id, last_sampling_rate, last_exempt_from_sampling, current_session_count FROM events WHERE app_id=? and name=?" took 0.000 ms
04-23 21:43:39.817  3288 11154 D SQLiteCursor: received count(*) from native_fill_window: 1
04-23 21:43:39.818  3288 11154 V SQLiteStatements: /data/user/0/ru.evotor.launcher/databases/google_app_measurement.db: "INSERT OR REPLACE  INTO events(last_bundled_day,last_sampling_rate,last_sampled_complex_event_id,last_bundled_timestamp,current_session_count,last_fire_timestamp,current_bundle_count,name,app_id,lifetime_count,last_exempt_from_sampling) VALUES (NULL,NULL,NULL,0,6,1713897819710,4108,'_e','ru.evotor.launcher',4108,NULL)"
04-23 21:43:39.818  3288 11154 V SQLiteTime: /data/user/0/ru.evotor.launcher/databases/google_app_measurement.db: "INSERT OR REPLACE  INTO events(last_bundled_day,last_sampling_rate,last_sampled_complex_event_id,last_bundled_timestamp,current_session_count,last_fire_timestamp,current_bundle_count,name,app_id,lifetime_count,last_exempt_from_sampling) VALUES (?,?,?,?,?,?,?,?,?,?,?)" took 1.000 ms
04-23 21:43:39.821  3288 11154 I CursorWindowStats: Created a new Cursor. # Open Cursors=1 (# cursors opened by this proc=1)
04-23 21:43:39.821  3288 11154 V SQLiteStatements: /data/user/0/ru.evotor.launcher/databases/google_app_measurement.db: "SELECT app_instance_id, gmp_app_id, resettable_device_id_hash, last_bundle_index, last_bundle_start_timestamp, last_bundle_end_timestamp, app_version, app_store, gmp_version, dev_cert_hash, measurement_enabled, day, daily_public_events_count, daily_events_count, daily_conversions_count, config_fetched_time, failed_config_fetch_time, app_version_int, firebase_instance_id, daily_error_events_count, daily_realtime_events_count, health_monitor_sample, android_id, adid_reporting_enabled, admob_app_id, dynamite_version, safelisted_events, ga_app_id, session_stitching_token, sgtm_upload_enabled, target_os_version, session_stitching_token_hash FROM apps WHERE app_id='ru.evotor.launcher'"
04-23 21:43:39.821  3288 11154 V SQLiteTime: /data/user/0/ru.evotor.launcher/databases/google_app_measurement.db: "SELECT app_instance_id, gmp_app_id, resettable_device_id_hash, last_bundle_index, last_bundle_start_timestamp, last_bundle_end_timestamp, app_version, app_store, gmp_version, dev_cert_hash, measurement_enabled, day, daily_public_events_count, daily_events_count, daily_conversions_count, config_fetched_time, failed_config_fetch_time, app_version_int, firebase_instance_id, daily_error_events_count, daily_realtime_events_count, health_monitor_sample, android_id, adid_reporting_enabled, admob_app_id, dynamite_version, safelisted_events, ga_app_id, session_stitching_token, sgtm_upload_enabled, target_os_version, session_stitching_token_hash FROM apps WHERE app_id=?" took 0.000 ms
04-23 21:43:39.821  3288 11154 D SQLiteCursor: received count(*) from native_fill_window: 1
04-23 21:43:39.823  3288 11154 I CursorWindowStats: Created a new Cursor. # Open Cursors=1 (# cursors opened by this proc=1)
04-23 21:43:39.824  3288 11154 V SQLiteStatements: /data/user/0/ru.evotor.launcher/databases/google_app_measurement.db: "SELECT name, origin, set_timestamp, value FROM user_attributes WHERE app_id='ru.evotor.launcher' ORDER BY rowid LIMIT 1000"
04-23 21:43:39.824  3288 11154 V SQLiteTime: /data/user/0/ru.evotor.launcher/databases/google_app_measurement.db: "SELECT name, origin, set_timestamp, value FROM user_attributes WHERE app_id=? ORDER BY rowid LIMIT 1000" took 1.000 ms
04-23 21:43:39.825  3288 11154 D SQLiteCursor: received count(*) from native_fill_window: 6
04-23 21:43:39.829  3288 11154 V SQLiteStatements: /data/user/0/ru.evotor.launcher/databases/google_app_measurement.db: "INSERT OR IGNORE  INTO raw_events_metadata(app_id,metadata_fingerprint,metadata) VALUES ('ru.evotor.launcher',-5553589810149642918,x'08011a1408d1959891aa2912045f666f742080a6f392aa291a0e08d1959891aa2912035f666920011a100894bf90e1f03112045f736e6f20e6041a130894bf90e1f03112045f73696420ddf19fb1061a1308e7a9aee1f03112045f6c74652088a985f7051a1008eaa9aee1f03112035f736520b6c1104207616e64726f69644a03362e30520553542d35695a0572752d727560b4016a0e6d616e75616c5f696e7374616c6c721272752e65766f746f722e6c61756e63686572820108322e362e302d3433880198e904aa01203762623134356133386338646564306565303334346437656662616535616664b001b18ed6c080af8cc356ca012d313a3835343532363035303537313a616e64726f69643a66613738643265333430333436616633383165323065f2011663335f535a38683354472d56486c6b467830776d6639f801e0dd7df0025ca2030447312d2d980421')"
04-23 21:43:39.830  3288 11154 V SQLiteTime: /data/user/0/ru.evotor.launcher/databases/google_app_measurement.db: "INSERT OR IGNORE  INTO raw_events_metadata(app_id,metadata_fingerprint,metadata) VALUES (?,?,?)" took 2.000 ms
04-23 21:43:39.831  3288 11154 I CursorWindowStats: Created a new Cursor. # Open Cursors=1 (# cursors opened by this proc=1)
04-23 21:43:39.831  3288 11154 V SQLiteStatements: /data/user/0/ru.evotor.launcher/databases/google_app_measurement.db: "SELECT day, daily_events_count, daily_public_events_count, daily_conversions_count, daily_error_events_count, daily_realtime_events_count FROM apps WHERE app_id='ru.evotor.launcher'"
04-23 21:43:39.831  3288 11154 V SQLiteTime: /data/user/0/ru.evotor.launcher/databases/google_app_measurement.db: "SELECT day, daily_events_count, daily_public_events_count, daily_conversions_count, daily_error_events_count, daily_realtime_events_count FROM apps WHERE app_id=?" took 0.000 ms
04-23 21:43:39.831  3288 11154 D SQLiteCursor: received count(*) from native_fill_window: 1
04-23 21:43:39.832  3288 11154 V SQLiteStatements: /data/user/0/ru.evotor.launcher/databases/google_app_measurement.db: "UPDATE apps SET day=19837,daily_realtime_events_count=0,daily_error_events_count=0,daily_conversions_count=0,daily_public_events_count=0,daily_events_count=110 WHERE app_id='ru.evotor.launcher'"
04-23 21:43:39.832  3288 11154 V SQLiteTime: /data/user/0/ru.evotor.launcher/databases/google_app_measurement.db: "UPDATE apps SET day=?,daily_realtime_events_count=?,daily_error_events_count=?,daily_conversions_count=?,daily_public_events_count=?,daily_events_count=? WHERE app_id=?" took 1.000 ms
04-23 21:43:39.833  3288 11154 V SQLiteStatements: /data/user/0/ru.evotor.launcher/databases/google_app_measurement.db: "INSERT INTO raw_events(name,app_id,timestamp,metadata_fingerprint,realtime,data) VALUES ('_e','ru.evotor.launcher',1713897819710,-5553589810149642918,0,x'0a0a0a025f6f12046175746f0a090a035f65741881cf010a250a035f7363121e45766f746f724170706c69636174696f6e734c69737441637469766974790a0f0a035f736918e898d09294b286e2482099ed91e2f031')"
04-23 21:43:39.833  3288 11154 V SQLiteTime: /data/user/0/ru.evotor.launcher/databases/google_app_measurement.db: "INSERT INTO raw_events(name,app_id,timestamp,metadata_fingerprint,realtime,data) VALUES (?,?,?,?,?,?)" took 0.000 ms
04-23 21:43:39.834  3288 11154 I CursorWindowStats: Created a new Cursor. # Open Cursors=1 (# cursors opened by this proc=1)
04-23 21:43:39.834  3288 11154 V SQLiteStatements: /data/user/0/ru.evotor.launcher/databases/google_app_measurement.db: "select count(1) > 0 from raw_events"
04-23 21:43:39.834  3288 11154 V SQLiteTime: /data/user/0/ru.evotor.launcher/databases/google_app_measurement.db: "select count(1) > 0 from raw_events" took 0.000 ms
04-23 21:43:39.834  3288 11154 D SQLiteCursor: received count(*) from native_fill_window: 1
04-23 21:43:39.836  3288 11154 I CursorWindowStats: Created a new Cursor. # Open Cursors=1 (# cursors opened by this proc=1)
04-23 21:43:39.836  3288 11154 V SQLiteStatements: /data/user/0/ru.evotor.launcher/databases/google_app_measurement.db: "select count(1) > 0 from raw_events where realtime = 1"
04-23 21:43:39.837  3288 11154 V SQLiteTime: /data/user/0/ru.evotor.launcher/databases/google_app_measurement.db: "select count(1) > 0 from raw_events where realtime = 1" took 1.000 ms
04-23 21:43:39.837  3288 11154 D SQLiteCursor: received count(*) from native_fill_window: 1
04-23 21:43:39.838  3288 11154 I CursorWindowStats: Created a new Cursor. # Open Cursors=1 (# cursors opened by this proc=1)
04-23 21:43:39.838  3288 11154 V SQLiteStatements: /data/user/0/ru.evotor.launcher/databases/google_app_measurement.db: "select count(1) > 0 from queue where has_realtime = 1"
04-23 21:43:39.838  3288 11154 V SQLiteTime: /data/user/0/ru.evotor.launcher/databases/google_app_measurement.db: "select count(1) > 0 from queue where has_realtime = 1" took 0.000 ms
04-23 21:43:39.838  3288 11154 D SQLiteCursor: received count(*) from native_fill_window: 1
04-23 21:43:39.839 11500 11500 I art     : Late-enabling -Xcheck:jni
04-23 21:43:39.839  3288 11154 I CursorWindowStats: Created a new Cursor. # Open Cursors=1 (# cursors opened by this proc=1)
04-23 21:43:39.840  3288 11154 V SQLiteStatements: /data/user/0/ru.evotor.launcher/databases/google_app_measurement.db: "select max(bundle_end_timestamp) from queue"
04-23 21:43:39.840  3288 11154 V SQLiteTime: /data/user/0/ru.evotor.launcher/databases/google_app_measurement.db: "select max(bundle_end_timestamp) from queue" took 0.000 ms
04-23 21:43:39.840  3288 11154 D SQLiteCursor: received count(*) from native_fill_window: 1
04-23 21:43:39.841  3288 11154 I CursorWindowStats: Created a new Cursor. # Open Cursors=1 (# cursors opened by this proc=1)
04-23 21:43:39.841  3288 11154 V SQLiteStatements: /data/user/0/ru.evotor.launcher/databases/google_app_measurement.db: "select max(timestamp) from raw_events"
04-23 21:43:39.841  3288 11154 V SQLiteTime: /data/user/0/ru.evotor.launcher/databases/google_app_measurement.db: "select max(timestamp) from raw_events" took 0.000 ms
04-23 21:43:39.841  3288 11154 D SQLiteCursor: received count(*) from native_fill_window: 1
04-23 21:43:39.843  1951  1973 D ConnectivityService: getActiveNetworkInfo networkInfo = [type: WIFI[], state: CONNECTED/CONNECTED, reason: (unspecified), extra: "RT-WiFi-1FD8", roaming: false, failover: false, isAvailable: true]
04-23 21:43:39.844  3288 11154 V FA      : Upload scheduled in approximately ms: 1914542
04-23 21:43:39.847  3288 11154 V FA      : Unscheduling upload
04-23 21:43:39.849  1951  3155 D AlarmManager: manual remove option = PendingIntent{e5571d3: PendingIntentRecord{c6cf72e ru.evotor.launcher broadcastIntent}}
04-23 21:43:39.849  1951  3155 D AlarmManager: remove(operation) changed bounds; rebatching operation = PendingIntent{e5571d3: PendingIntentRecord{c6cf72e ru.evotor.launcher broadcastIntent}}
04-23 21:43:39.849  1951  3155 D AlarmManager: rebatchAllAlarmsLocked begin oldBatches count = 34
04-23 21:43:39.849  1951  3155 D AlarmManager: rebatchAllAlarmsLocked  batch.size() = 1
04-23 21:43:39.849  1951  3155 D AlarmManager:  whichBatch = -1
04-23 21:43:39.849  1951  3155 D AlarmManager: rebatchAllAlarmsLocked  batch.size() = 1
04-23 21:43:39.849  1951  3155 D AlarmManager:  whichBatch = -1
04-23 21:43:39.849  1951  3155 D AlarmManager: rebatchAllAlarmsLocked  batch.size() = 1
04-23 21:43:39.849  1951  3155 D AlarmManager:  whichBatch = -1
04-23 21:43:39.849  1951  3155 D AlarmManager: rebatchAllAlarmsLocked  batch.size() = 1
04-23 21:43:39.849  1951  3155 D AlarmManager:  whichBatch = -1
04-23 21:43:39.849  1951  3155 D AlarmManager: rebatchAllAlarmsLocked  batch.size() = 1
04-23 21:43:39.849  1951  3155 D AlarmManager:  whichBatch = -1
04-23 21:43:39.850  1951  3155 D AlarmManager: rebatchAllAlarmsLocked  batch.size() = 1
04-23 21:43:39.850  1951  3155 D AlarmManager:  whichBatch = -1
04-23 21:43:39.850  1951  3155 D AlarmManager: rebatchAllAlarmsLocked  batch.size() = 1
04-23 21:43:39.850  1951  3155 D AlarmManager:  whichBatch = -1
04-23 21:43:39.850  1951  3155 D AlarmManager: rebatchAllAlarmsLocked  batch.size() = 1
04-23 21:43:39.850  1951  3155 D AlarmManager:  whichBatch = -1
04-23 21:43:39.850  1951  3155 D AlarmManager: rebatchAllAlarmsLocked  batch.size() = 1
04-23 21:43:39.850  1951  3155 D AlarmManager:  whichBatch = -1
04-23 21:43:39.850  1951  3155 D AlarmManager: rebatchAllAlarmsLocked  batch.size() = 1
04-23 21:43:39.850  1951  3155 D AlarmManager:  whichBatch = -1
04-23 21:43:39.850  1951  3155 D AlarmManager: rebatchAllAlarmsLocked  batch.size() = 1
04-23 21:43:39.850  1951  3155 D AlarmManager:  whichBatch = -1
04-23 21:43:39.850  1951  3155 D AlarmManager: rebatchAllAlarmsLocked  batch.size() = 1
04-23 21:43:39.850  1951  3155 D AlarmManager:  whichBatch = -1
04-23 21:43:39.850  1951  3155 D AlarmManager: rebatchAllAlarmsLocked  batch.size() = 1
04-23 21:43:39.851  1951  3155 D AlarmManager:  whichBatch = -1
04-23 21:43:39.851  1951  3155 D AlarmManager: rebatchAllAlarmsLocked  batch.size() = 1
04-23 21:43:39.851  1951  3155 D AlarmManager:  whichBatch = -1
04-23 21:43:39.851  1951  3155 D AlarmManager: rebatchAllAlarmsLocked  batch.size() = 1
04-23 21:43:39.851  1951  3155 D AlarmManager:  whichBatch = -1
04-23 21:43:39.851  1951  3155 D AlarmManager: rebatchAllAlarmsLocked  batch.size() = 1
04-23 21:43:39.851  1951  3155 D AlarmManager:  whichBatch = -1
04-23 21:43:39.851  1951  3155 D AlarmManager: rebatchAllAlarmsLocked  batch.size() = 1
04-23 21:43:39.851  1951  3155 D AlarmManager:  whichBatch = -1
04-23 21:43:39.851  1951  3155 D AlarmManager: rebatchAllAlarmsLocked  batch.size() = 1
04-23 21:43:39.851  1951  3155 D AlarmManager:  whichBatch = -1
04-23 21:43:39.851  1951  3155 D AlarmManager: rebatchAllAlarmsLocked  batch.size() = 1
04-23 21:43:39.851  1951  3155 D AlarmManager:  whichBatch = -1
04-23 21:43:39.851  1951  3155 D AlarmManager: rebatchAllAlarmsLocked  batch.size() = 1
04-23 21:43:39.851  1951  3155 D AlarmManager:  whichBatch = -1
04-23 21:43:39.851  1951  3155 D AlarmManager: rebatchAllAlarmsLocked  batch.size() = 1
04-23 21:43:39.852  1951  3155 D AlarmManager:  whichBatch = -1
04-23 21:43:39.852  1951  3155 D AlarmManager: rebatchAllAlarmsLocked  batch.size() = 1
04-23 21:43:39.852  1951  3155 D AlarmManager:  whichBatch = -1
04-23 21:43:39.852  1951  3155 D AlarmManager: rebatchAllAlarmsLocked  batch.size() = 1
04-23 21:43:39.852  1951  3155 D AlarmManager:  whichBatch = -1
04-23 21:43:39.852  1951  3155 D AlarmManager: rebatchAllAlarmsLocked  batch.size() = 1
04-23 21:43:39.852  1951  3155 D AlarmManager:  whichBatch = -1
04-23 21:43:39.852  1951  3155 D AlarmManager: rebatchAllAlarmsLocked  batch.size() = 1
04-23 21:43:39.852  1951  3155 D AlarmManager:  whichBatch = -1
04-23 21:43:39.852  1951  3155 D AlarmManager: rebatchAllAlarmsLocked  batch.size() = 1
04-23 21:43:39.852  1951  3155 D AlarmManager:  whichBatch = -1
04-23 21:43:39.852  1951  3155 D AlarmManager: rebatchAllAlarmsLocked  batch.size() = 1
04-23 21:43:39.852  1951  3155 D AlarmManager:  whichBatch = -1
04-23 21:43:39.852  1951  3155 D AlarmManager: rebatchAllAlarmsLocked  batch.size() = 1
04-23 21:43:39.852  1951  3155 D AlarmManager:  whichBatch = -1
04-23 21:43:39.853  1951  3155 D AlarmManager: rebatchAllAlarmsLocked  batch.size() = 1
04-23 21:43:39.853  1951  3155 D AlarmManager:  whichBatch = -1
04-23 21:43:39.853  1951  3155 D AlarmManager: rebatchAllAlarmsLocked  batch.size() = 1
04-23 21:43:39.853  1951  3155 D AlarmManager:  whichBatch = -1
04-23 21:43:39.853  1951  3155 D AlarmManager: rebatchAllAlarmsLocked  batch.size() = 1
04-23 21:43:39.853  1951  3155 D AlarmManager:  whichBatch = -1
04-23 21:43:39.853  1951  3155 D AlarmManager: rebatchAllAlarmsLocked  batch.size() = 1
04-23 21:43:39.853  1951  3155 D AlarmManager:  whichBatch = -1
04-23 21:43:39.853  1951  3155 D AlarmManager: rebatchAllAlarmsLocked  batch.size() = 1
04-23 21:43:39.853  1951  3155 D AlarmManager:  whichBatch = -1
04-23 21:43:39.854  1951  3155 D AlarmManager: rebatchAllAlarmsLocked  batch.size() = 1
04-23 21:43:39.854  1951  3155 D AlarmManager:  whichBatch = -1
04-23 21:43:39.854  3288 11154 V FA      : Scheduling upload, millis: 1914542
04-23 21:43:39.858  1951  1974 V AlarmManager: APP set(PendingIntent{f41f110: PendingIntentRecord{c6cf72e ru.evotor.launcher broadcastIntent}}) : type=2 triggerAtTime=3952290 win=-1 tElapsed=3952290 maxElapsed=6652290 interval=3600000 flags=0x8
04-23 21:43:39.858  1951  1974 D AlarmManager:  whichBatch = -1
04-23 21:43:39.859  3288 11154 V FA      : Background event processing time, ms: 55
04-23 21:43:39.859  3288 11154 V SQLiteStatements: /data/user/0/ru.evotor.launcher/databases/google_app_measurement.db: "COMMIT;"
04-23 21:43:39.869  3288 11154 V SQLiteTime: /data/user/0/ru.evotor.launcher/databases/google_app_measurement.db: "COMMIT;" took 10.000 ms
04-23 21:43:39.880  1951  3344 D InputReader: InputReader:: getSwitchState lock 
04-23 21:43:39.880  1951  3344 D InputReader: InputReader::getStateLocked:: return 
04-23 21:43:39.881  1951  3344 I libPerfService: perfSetFavorPid - pid:11500, 2cec
04-23 21:43:39.890  1951  3344 V WindowManager: Looking for focus: 6 = Window{7f2dc7b u0 StatusBar}, flags=-2122055608, canReceive=false
04-23 21:43:39.890  1951  3344 V WindowManager: findFocusedWindow: No focusable windows.
04-23 21:43:39.890  2327  2327 V PhoneStatusBarPolicy: updateManagedProfile: mManagedProfileFocused: false mKeyguardVisible: true
04-23 21:43:39.893  1951  3344 D WindowManager: notifyActivityDrawnForKeyguard: waiting=false Callers=com.android.server.wm.WindowManagerService.handleAppTransitionReadyLocked:10088 com.android.server.wm.WindowManagerService.performLayoutAndPlaceSurfacesLockedInner:10708 com.android.server.wm.WindowManagerService.performLayoutAndPlaceSurfacesLockedLoop:9452 com.android.server.wm.WindowManagerService.performLayoutAndPlaceSurfacesLocked:9399 com.android.server.wm.WindowManagerService.executeAppTransition:4585 
04-23 21:43:39.897  1951  2003 V NetworkStats: setKernelCounterSet uid=10074 set=1
04-23 21:43:39.898  2327  2327 D PhoneStatusBar: hiding the MENU button
04-23 21:43:39.899  1951  1951 E WifiTrafficPoller: TRAFFIC_STATS_POLL true Token 58 num clients 9
04-23 21:43:39.900  1951  1951 E WifiTrafficPoller:  packet count Tx=196718 Rx=267820
04-23 21:43:39.901 11500 11500 W asset   : Asset path /system/framework/sunmi-res/sunmi-res.apk is neither a directory nor file (type=1).
04-23 21:43:39.901 11500 11500 E asset   : Failed to load Sunmi resources!
04-23 21:43:39.908  3288  3553 D Surface : Surface::disconnect(this=0xa07b2800,api=1)
04-23 21:43:39.908  3288  3553 D GraphicBuffer: unregister, handle(0xabaeae20) (w:720 h:1280 s:720 f:0x1 u:0x000f02)
04-23 21:43:39.909  3288  3553 D GraphicBuffer: unregister, handle(0x9f157d30) (w:720 h:1280 s:720 f:0x1 u:0x000f02)
04-23 21:43:39.910  3288  3553 D GraphicBuffer: unregister, handle(0xabaeaaa0) (w:720 h:1280 s:720 f:0x1 u:0x000f02)
04-23 21:43:39.910   257  6327 I BufferQueueProducer: [ru.evotor.launcher/ru.evotor.launcher.ui.activity.EvotorApplicationsListActivity](this:0xb24dc000,id:172,api:1,p:-1,c:257) disconnect(P): api 1
04-23 21:43:39.911   257  6327 I BufferQueueConsumer: [ru.evotor.launcher/ru.evotor.launcher.ui.activity.EvotorApplicationsListActivity](this:0xb24dc000,id:172,api:1,p:-1,c:257) getReleasedBuffers: returning mask 0xffffffffffffffff
04-23 21:43:39.911   257  6327 D GraphicBuffer: free, handle(0xb61dca20) (w:720 h:1280 s:720 f:0x1 u:0x000f02)
04-23 21:43:39.911   257  6327 D GraphicBuffer: free, handle(0xb61dd380) (w:720 h:1280 s:720 f:0x1 u:0x000f02)
04-23 21:43:39.912  3288  3553 D Surface : Surface::disconnect(this=0xa07b2800,api=1)
04-23 21:43:39.913   257   435 I BufferQueueProducer: [ru.evotor.launcher/ru.evotor.launcher.ui.activity.EvotorApplicationsListActivity](this:0xb24dc000,id:172,api:1,p:-1,c:257) disconnect(P): api 1
04-23 21:43:39.913  3288  3553 D OpenGLRenderer: endAllStagingAnimators on 0x9ea08580 (CardView @edd895d) with handle 0x9f45d420
04-23 21:43:39.914  1951  3086 V WindowManager: Looking for focus: 6 = Window{7f2dc7b u0 StatusBar}, flags=-2122055608, canReceive=false
04-23 21:43:39.914  1951  3086 V WindowManager: findFocusedWindow: No focusable windows.
04-23 21:43:39.935 11500 11500 W System  : ClassLoader referenced unknown path: /data/app/ru.mars_groupe.sber_upos_example-1/lib/arm
04-23 21:43:39.936 11500 11500 D ActivityThread: installProvider: context.getPackageName()=ru.mars_groupe.sber_upos_example
04-23 21:43:39.945   257   257 I BufferQueueProducer: [FrameBufferSurface_0](this:0xb491d000,id:0,api:1,p:257,c:257) queueBuffer: fps=0.95 dur=27395.18 max=26508.79 min=17.75
04-23 21:43:39.960 11518 11518 I run-as  : type=1400 audit(0.0:3649): avc: denied { module_request } for kmod="personality-8" scontext=u:r:runas:s0 tcontext=u:r:kernel:s0 tclass=system permissive=1
04-23 21:43:39.986  4180  4410 I System.out: [CDS]EAGAIN in Recvfrom
04-23 21:43:39.986  4180  4410 I System.out: [CDS]read byte is 0
04-23 21:43:40.020 11518 11518 I whoami  : type=1400 audit(0.0:3650): avc: denied { module_request } for kmod="personality-8" scontext=u:r:untrusted_app:s0:c512,c768 tcontext=u:r:kernel:s0 tclass=system permissive=1
04-23 21:43:40.071  1951  1974 D ActivityManager: publishContentProviders: from caller=android.app.ApplicationThreadProxy@46f484b (pid=11500)
04-23 21:43:40.072 11500 11500 D ActivityThread: BIND_APPLICATION handled : 0 / AppBindData{appInfo=ApplicationInfo{3ba2746 ru.mars_groupe.sber_upos_example}}
04-23 21:43:40.073 11500 11500 V ActivityThread: Handling launch of ActivityRecord{45e3d07 token=android.os.BinderProxy@d224e34 {ru.mars_groupe.sber_upos_example/ru.mars_groupe.sber_upos_example.MainActivity}} startsNotResumed=false
04-23 21:43:40.081 11500 11500 V ActivityThread: ActivityRecord{45e3d07 token=android.os.BinderProxy@d224e34 {ru.mars_groupe.sber_upos_example/ru.mars_groupe.sber_upos_example.MainActivity}}: app=android.app.Application@ee171d2, appName=ru.mars_groupe.sber_upos_example, pkg=ru.mars_groupe.sber_upos_example, comp={ru.mars_groupe.sber_upos_example/ru.mars_groupe.sber_upos_example.MainActivity}, dir=/data/app/ru.mars_groupe.sber_upos_example-1/base.apk
04-23 21:43:40.080 11523 11523 I ps      : type=1400 audit(0.0:3651): avc: denied { getattr } for path="/proc/1" dev="proc" ino=6117 scontext=u:r:untrusted_app:s0:c512,c768 tcontext=u:r:init:s0 tclass=dir permissive=1
04-23 21:43:40.080 11523 11523 I ps      : type=1400 audit(0.0:3652): avc: denied { search } for name="1" dev="proc" ino=6117 scontext=u:r:untrusted_app:s0:c512,c768 tcontext=u:r:init:s0 tclass=dir permissive=1
04-23 21:43:40.080 11523 11523 I ps      : type=1400 audit(0.0:3653): avc: denied { read } for name="cmdline" dev="proc" ino=20603 scontext=u:r:untrusted_app:s0:c512,c768 tcontext=u:r:init:s0 tclass=file permissive=1
04-23 21:43:40.080 11523 11523 I ps      : type=1400 audit(0.0:3654): avc: denied { open } for path="/proc/1/cmdline" dev="proc" ino=20603 scontext=u:r:untrusted_app:s0:c512,c768 tcontext=u:r:init:s0 tclass=file permissive=1
04-23 21:43:40.090 11523 11523 I ps      : type=1400 audit(0.0:3655): avc: denied { getattr } for path="/proc/2" dev="proc" ino=7829 scontext=u:r:untrusted_app:s0:c512,c768 tcontext=u:r:kernel:s0 tclass=dir permissive=1
04-23 21:43:40.090 11523 11523 I ps      : type=1400 audit(0.0:3656): avc: denied { search } for name="2" dev="proc" ino=7829 scontext=u:r:untrusted_app:s0:c512,c768 tcontext=u:r:kernel:s0 tclass=dir permissive=1
04-23 21:43:40.090 11523 11523 I ps      : type=1400 audit(0.0:3657): avc: denied { read } for name="cmdline" dev="proc" ino=20604 scontext=u:r:untrusted_app:s0:c512,c768 tcontext=u:r:kernel:s0 tclass=file permissive=1
04-23 21:43:40.090 11523 11523 I ps      : type=1400 audit(0.0:3658): avc: denied { open } for path="/proc/2/cmdline" dev="proc" ino=20604 scontext=u:r:untrusted_app:s0:c512,c768 tcontext=u:r:kernel:s0 tclass=file permissive=1
04-23 21:43:40.110 11523 11523 I ps      : type=1400 audit(0.0:3659): avc: denied { getattr } for path="/proc/170" dev="proc" ino=38 scontext=u:r:untrusted_app:s0:c512,c768 tcontext=u:r:ueventd:s0 tclass=dir permissive=1
04-23 21:43:40.110 11523 11523 I ps      : type=1400 audit(0.0:3660): avc: denied { search } for name="170" dev="proc" ino=38 scontext=u:r:untrusted_app:s0:c512,c768 tcontext=u:r:ueventd:s0 tclass=dir permissive=1
