04-23 21:33:50.155  3288  9516 V SQLiteTime: /data/user/0/ru.evotor.launcher/databases/google_app_measurement.db: "SELECT app_instance_id, gmp_app_id, resettable_device_id_hash, last_bundle_index, last_bundle_start_timestamp, last_bundle_end_timestamp, app_version, app_store, gmp_version, dev_cert_hash, measurement_enabled, day, daily_public_events_count, daily_events_count, daily_conversions_count, config_fetched_time, failed_config_fetch_time, app_version_int, firebase_instance_id, daily_error_events_count, daily_realtime_events_count, health_monitor_sample, android_id, adid_reporting_enabled, admob_app_id, dynamite_version, safelisted_events, ga_app_id, session_stitching_token, sgtm_upload_enabled, target_os_version, session_stitching_token_hash FROM apps WHERE app_id=?" took 0.000 ms
04-23 21:33:50.156  3288  9516 D SQLiteCursor: received count(*) from native_fill_window: 1
04-23 21:33:50.159  3288  9516 D FA      : Unable to get advertising id: com.google.android.gms.common.GooglePlayServicesNotAvailableException: com.google.android.gms.measurement.internal.zzkb.b(SourceFile:89)
04-23 21:33:50.161  3288  9516 I CursorWindowStats: Created a new Cursor. # Open Cursors=1 (# cursors opened by this proc=1)
04-23 21:33:50.161  3288  9516 V SQLiteStatements: /data/user/0/ru.evotor.launcher/databases/google_app_measurement.db: "SELECT day, daily_events_count, daily_public_events_count, daily_conversions_count, daily_error_events_count, daily_realtime_events_count FROM apps WHERE app_id='ru.evotor.launcher'"
04-23 21:33:50.161  3288  9516 V SQLiteTime: /data/user/0/ru.evotor.launcher/databases/google_app_measurement.db: "SELECT day, daily_events_count, daily_public_events_count, daily_conversions_count, daily_error_events_count, daily_realtime_events_count FROM apps WHERE app_id=?" took 0.000 ms
04-23 21:33:50.161  3288  9516 D SQLiteCursor: received count(*) from native_fill_window: 1
04-23 21:33:50.162  3288  9516 V SQLiteStatements: /data/user/0/ru.evotor.launcher/databases/google_app_measurement.db: "UPDATE apps SET day=19837,daily_realtime_events_count=0,daily_error_events_count=0,daily_conversions_count=0,daily_public_events_count=0,daily_events_count=96 WHERE app_id='ru.evotor.launcher'"
04-23 21:33:50.162  3288  9516 V SQLiteTime: /data/user/0/ru.evotor.launcher/databases/google_app_measurement.db: "UPDATE apps SET day=?,daily_realtime_events_count=?,daily_error_events_count=?,daily_conversions_count=?,daily_public_events_count=?,daily_events_count=? WHERE app_id=?" took 0.000 ms
04-23 21:33:50.163  3288  9516 V SQLiteStatements: /data/user/0/ru.evotor.launcher/databases/google_app_measurement.db: "DELETE FROM raw_events WHERE rowid in (select rowid from raw_events where app_id='ru.evotor.launcher' order by rowid desc limit -1 offset '100000')"
04-23 21:33:50.164  3288  9516 V SQLiteTime: /data/user/0/ru.evotor.launcher/databases/google_app_measurement.db: "DELETE FROM raw_events WHERE rowid in (select rowid from raw_events where app_id=? order by rowid desc limit -1 offset ?)" took 0.000 ms
04-23 21:33:50.164  3288  9516 I CursorWindowStats: Created a new Cursor. # Open Cursors=1 (# cursors opened by this proc=1)
04-23 21:33:50.164  3288  9516 V SQLiteStatements: /data/user/0/ru.evotor.launcher/databases/google_app_measurement.db: "SELECT lifetime_count, current_bundle_count, last_fire_timestamp, last_bundled_timestamp, last_bundled_day, last_sampled_complex_event_id, last_sampling_rate, last_exempt_from_sampling, current_session_count FROM events WHERE app_id='ru.evotor.launcher' and name='_e'"
04-23 21:33:50.165  3288  9516 V SQLiteTime: /data/user/0/ru.evotor.launcher/databases/google_app_measurement.db: "SELECT lifetime_count, current_bundle_count, last_fire_timestamp, last_bundled_timestamp, last_bundled_day, last_sampled_complex_event_id, last_sampling_rate, last_exempt_from_sampling, current_session_count FROM events WHERE app_id=? and name=?" took 0.000 ms
04-23 21:33:50.165  3288  9516 D SQLiteCursor: received count(*) from native_fill_window: 1
04-23 21:33:50.167  3288  9516 V SQLiteStatements: /data/user/0/ru.evotor.launcher/databases/google_app_measurement.db: "INSERT OR REPLACE  INTO events(last_bundled_day,last_sampling_rate,last_sampled_complex_event_id,last_bundled_timestamp,current_session_count,last_fire_timestamp,current_bundle_count,name,app_id,lifetime_count,last_exempt_from_sampling) VALUES (NULL,NULL,NULL,0,6,1713897230073,4108,'_e','ru.evotor.launcher',4108,NULL)"
04-23 21:33:50.167  3288  9516 V SQLiteTime: /data/user/0/ru.evotor.launcher/databases/google_app_measurement.db: "INSERT OR REPLACE  INTO events(last_bundled_day,last_sampling_rate,last_sampled_complex_event_id,last_bundled_timestamp,current_session_count,last_fire_timestamp,current_bundle_count,name,app_id,lifetime_count,last_exempt_from_sampling) VALUES (?,?,?,?,?,?,?,?,?,?,?)" took 0.000 ms
04-23 21:33:50.170  3288  9516 I CursorWindowStats: Created a new Cursor. # Open Cursors=1 (# cursors opened by this proc=1)
04-23 21:33:50.171  3288  9516 V SQLiteStatements: /data/user/0/ru.evotor.launcher/databases/google_app_measurement.db: "SELECT app_instance_id, gmp_app_id, resettable_device_id_hash, last_bundle_index, last_bundle_start_timestamp, last_bundle_end_timestamp, app_version, app_store, gmp_version, dev_cert_hash, measurement_enabled, day, daily_public_events_count, daily_events_count, daily_conversions_count, config_fetched_time, failed_config_fetch_time, app_version_int, firebase_instance_id, daily_error_events_count, daily_realtime_events_count, health_monitor_sample, android_id, adid_reporting_enabled, admob_app_id, dynamite_version, safelisted_events, ga_app_id, session_stitching_token, sgtm_upload_enabled, target_os_version, session_stitching_token_hash FROM apps WHERE app_id='ru.evotor.launcher'"
04-23 21:33:50.171  3288  9516 V SQLiteTime: /data/user/0/ru.evotor.launcher/databases/google_app_measurement.db: "SELECT app_instance_id, gmp_app_id, resettable_device_id_hash, last_bundle_index, last_bundle_start_timestamp, last_bundle_end_timestamp, app_version, app_store, gmp_version, dev_cert_hash, measurement_enabled, day, daily_public_events_count, daily_events_count, daily_conversions_count, config_fetched_time, failed_config_fetch_time, app_version_int, firebase_instance_id, daily_error_events_count, daily_realtime_events_count, health_monitor_sample, android_id, adid_reporting_enabled, admob_app_id, dynamite_version, safelisted_events, ga_app_id, session_stitching_token, sgtm_upload_enabled, target_os_version, session_stitching_token_hash FROM apps WHERE app_id=?" took 0.000 ms
04-23 21:33:50.171  3288  9516 D SQLiteCursor: received count(*) from native_fill_window: 1
04-23 21:33:50.173  3288  9516 I CursorWindowStats: Created a new Cursor. # Open Cursors=1 (# cursors opened by this proc=1)
04-23 21:33:50.173  3288  9516 V SQLiteStatements: /data/user/0/ru.evotor.launcher/databases/google_app_measurement.db: "SELECT name, origin, set_timestamp, value FROM user_attributes WHERE app_id='ru.evotor.launcher' ORDER BY rowid LIMIT 1000"
04-23 21:33:50.173  3288  9516 V SQLiteTime: /data/user/0/ru.evotor.launcher/databases/google_app_measurement.db: "SELECT name, origin, set_timestamp, value FROM user_attributes WHERE app_id=? ORDER BY rowid LIMIT 1000" took 0.000 ms
04-23 21:33:50.173  3288  9516 D SQLiteCursor: received count(*) from native_fill_window: 6
04-23 21:33:50.176  3288  9516 V SQLiteStatements: /data/user/0/ru.evotor.launcher/databases/google_app_measurement.db: "INSERT OR IGNORE  INTO raw_events_metadata(app_id,metadata_fingerprint,metadata) VALUES ('ru.evotor.launcher',-5553589810149642918,x'08011a1408d1959891aa2912045f666f742080a6f392aa291a0e08d1959891aa2912035f666920011a100894bf90e1f03112045f736e6f20e6041a130894bf90e1f03112045f73696420ddf19fb1061a1308e7a9aee1f03112045f6c74652088a985f7051a1008eaa9aee1f03112035f736520b6c1104207616e64726f69644a03362e30520553542d35695a0572752d727560b4016a0e6d616e75616c5f696e7374616c6c721272752e65766f746f722e6c61756e63686572820108322e362e302d3433880198e904aa01203762623134356133386338646564306565303334346437656662616535616664b001b18ed6c080af8cc356ca012d313a3835343532363035303537313a616e64726f69643a66613738643265333430333436616633383165323065f2011663335f535a38683354472d56486c6b467830776d6639f801e0dd7df0025ca2030447312d2d980421')"
04-23 21:33:50.177  3288  9516 V SQLiteTime: /data/user/0/ru.evotor.launcher/databases/google_app_measurement.db: "INSERT OR IGNORE  INTO raw_events_metadata(app_id,metadata_fingerprint,metadata) VALUES (?,?,?)" took 1.000 ms
04-23 21:33:50.177  3288  9516 I CursorWindowStats: Created a new Cursor. # Open Cursors=1 (# cursors opened by this proc=1)
04-23 21:33:50.177  3288  9516 V SQLiteStatements: /data/user/0/ru.evotor.launcher/databases/google_app_measurement.db: "SELECT day, daily_events_count, daily_public_events_count, daily_conversions_count, daily_error_events_count, daily_realtime_events_count FROM apps WHERE app_id='ru.evotor.launcher'"
04-23 21:33:50.177  3288  9516 V SQLiteTime: /data/user/0/ru.evotor.launcher/databases/google_app_measurement.db: "SELECT day, daily_events_count, daily_public_events_count, daily_conversions_count, daily_error_events_count, daily_realtime_events_count FROM apps WHERE app_id=?" took 0.000 ms
04-23 21:33:50.178  3288  9516 D SQLiteCursor: received count(*) from native_fill_window: 1
04-23 21:33:50.178  3288  9516 V SQLiteStatements: /data/user/0/ru.evotor.launcher/databases/google_app_measurement.db: "UPDATE apps SET day=19837,daily_realtime_events_count=0,daily_error_events_count=0,daily_conversions_count=0,daily_public_events_count=0,daily_events_count=96 WHERE app_id='ru.evotor.launcher'"
04-23 21:33:50.178  3288  9516 V SQLiteTime: /data/user/0/ru.evotor.launcher/databases/google_app_measurement.db: "UPDATE apps SET day=?,daily_realtime_events_count=?,daily_error_events_count=?,daily_conversions_count=?,daily_public_events_count=?,daily_events_count=? WHERE app_id=?" took 0.000 ms
04-23 21:33:50.179  3288  9516 V SQLiteStatements: /data/user/0/ru.evotor.launcher/databases/google_app_measurement.db: "INSERT INTO raw_events(name,app_id,timestamp,metadata_fingerprint,realtime,data) VALUES ('_e','ru.evotor.launcher',1713897230073,-5553589810149642918,0,x'0a0a0a025f6f12046175746f0a090a035f657418f18e020a250a035f7363121e45766f746f724170706c69636174696f6e734c69737441637469766974790a0f0a035f736918e898d09294b286e248209dd1eee1f031')"
04-23 21:33:50.179  3288  9516 V SQLiteTime: /data/user/0/ru.evotor.launcher/databases/google_app_measurement.db: "INSERT INTO raw_events(name,app_id,timestamp,metadata_fingerprint,realtime,data) VALUES (?,?,?,?,?,?)" took 0.000 ms
04-23 21:33:50.179  3288  9516 I CursorWindowStats: Created a new Cursor. # Open Cursors=1 (# cursors opened by this proc=1)
04-23 21:33:50.180  3288  9516 V SQLiteStatements: /data/user/0/ru.evotor.launcher/databases/google_app_measurement.db: "select count(1) > 0 from raw_events"
04-23 21:33:50.180  3288  9516 V SQLiteTime: /data/user/0/ru.evotor.launcher/databases/google_app_measurement.db: "select count(1) > 0 from raw_events" took 0.000 ms
04-23 21:33:50.180  3288  9516 D SQLiteCursor: received count(*) from native_fill_window: 1
04-23 21:33:50.180  1951  2001 I memtrack_graphic: graphic_memtrack_get_memory match 4:      ion_mm_heap 3495  9961472   4 d0d92d40 d9a39a00.
04-23 21:33:50.180  1951  2001 I memtrack_graphic:  : 3495 3495 9961472 4 2490368
04-23 21:33:50.181  3288  9516 I CursorWindowStats: Created a new Cursor. # Open Cursors=1 (# cursors opened by this proc=1)
04-23 21:33:50.181  3288  9516 V SQLiteStatements: /data/user/0/ru.evotor.launcher/databases/google_app_measurement.db: "select count(1) > 0 from raw_events where realtime = 1"
04-23 21:33:50.181  3288  9516 V SQLiteTime: /data/user/0/ru.evotor.launcher/databases/google_app_measurement.db: "select count(1) > 0 from raw_events where realtime = 1" took 0.000 ms
04-23 21:33:50.181  3288  9516 D SQLiteCursor: received count(*) from native_fill_window: 1
04-23 21:33:50.182  3288  9516 I CursorWindowStats: Created a new Cursor. # Open Cursors=1 (# cursors opened by this proc=1)
04-23 21:33:50.182  3288  9516 V SQLiteStatements: /data/user/0/ru.evotor.launcher/databases/google_app_measurement.db: "select count(1) > 0 from queue where has_realtime = 1"
04-23 21:33:50.182  3288  9516 V SQLiteTime: /data/user/0/ru.evotor.launcher/databases/google_app_measurement.db: "select count(1) > 0 from queue where has_realtime = 1" took 0.000 ms
04-23 21:33:50.182  3288  9516 D SQLiteCursor: received count(*) from native_fill_window: 1
04-23 21:33:50.183  3288  9516 I CursorWindowStats: Created a new Cursor. # Open Cursors=1 (# cursors opened by this proc=1)
04-23 21:33:50.183  3288  9516 V SQLiteStatements: /data/user/0/ru.evotor.launcher/databases/google_app_measurement.db: "select max(bundle_end_timestamp) from queue"
04-23 21:33:50.183  3288  9516 V SQLiteTime: /data/user/0/ru.evotor.launcher/databases/google_app_measurement.db: "select max(bundle_end_timestamp) from queue" took 0.000 ms
04-23 21:33:50.183  3288  9516 D SQLiteCursor: received count(*) from native_fill_window: 1
04-23 21:33:50.184  3288  9516 I CursorWindowStats: Created a new Cursor. # Open Cursors=1 (# cursors opened by this proc=1)
04-23 21:33:50.184  3288  9516 V SQLiteStatements: /data/user/0/ru.evotor.launcher/databases/google_app_measurement.db: "select max(timestamp) from raw_events"
04-23 21:33:50.184  3288  9516 V SQLiteTime: /data/user/0/ru.evotor.launcher/databases/google_app_measurement.db: "select max(timestamp) from raw_events" took 0.000 ms
04-23 21:33:50.184  3288  9516 D SQLiteCursor: received count(*) from native_fill_window: 1
04-23 21:33:50.186  1951  3086 D ConnectivityService: getActiveNetworkInfo networkInfo = [type: WIFI[], state: CONNECTED/CONNECTED, reason: (unspecified), extra: "RT-WiFi-1FD8", roaming: false, failover: false, isAvailable: true]
04-23 21:33:50.187  3288  9516 V FA      : Upload scheduled in approximately ms: 2504199
04-23 21:33:50.188  3288  9516 V FA      : Unscheduling upload
04-23 21:33:50.189  1951  1974 D AlarmManager: manual remove option = PendingIntent{ac2816b: PendingIntentRecord{c6cf72e ru.evotor.launcher broadcastIntent}}
04-23 21:33:50.189  1951  1974 D AlarmManager: remove(operation) changed bounds; rebatching operation = PendingIntent{ac2816b: PendingIntentRecord{c6cf72e ru.evotor.launcher broadcastIntent}}
04-23 21:33:50.190  1951  1974 D AlarmManager: rebatchAllAlarmsLocked begin oldBatches count = 34
04-23 21:33:50.190  1951  1974 D AlarmManager: rebatchAllAlarmsLocked  batch.size() = 1
04-23 21:33:50.190  1951  1974 D AlarmManager:  whichBatch = -1
04-23 21:33:50.190  1951  1974 D AlarmManager: rebatchAllAlarmsLocked  batch.size() = 1
04-23 21:33:50.190  1951  1974 D AlarmManager:  whichBatch = -1
04-23 21:33:50.190  1951  1974 D AlarmManager: rebatchAllAlarmsLocked  batch.size() = 1
04-23 21:33:50.190  1951  1974 D AlarmManager:  whichBatch = -1
04-23 21:33:50.190  1951  1974 D AlarmManager: rebatchAllAlarmsLocked  batch.size() = 1
04-23 21:33:50.190  1951  1974 D AlarmManager:  whichBatch = -1
04-23 21:33:50.190  1951  1974 D AlarmManager: rebatchAllAlarmsLocked  batch.size() = 1
04-23 21:33:50.190  1951  1974 D AlarmManager:  whichBatch = -1
04-23 21:33:50.190  1951  1974 D AlarmManager: rebatchAllAlarmsLocked  batch.size() = 1
04-23 21:33:50.190  1951  1974 D AlarmManager:  whichBatch = -1
04-23 21:33:50.190  1951  1974 D AlarmManager: rebatchAllAlarmsLocked  batch.size() = 1
04-23 21:33:50.190  1951  1974 D AlarmManager:  whichBatch = -1
04-23 21:33:50.190  1951  1974 D AlarmManager: rebatchAllAlarmsLocked  batch.size() = 1
04-23 21:33:50.190  1951  1974 D AlarmManager:  whichBatch = -1
04-23 21:33:50.190  1951  1974 D AlarmManager: rebatchAllAlarmsLocked  batch.size() = 1
04-23 21:33:50.190  1951  1974 D AlarmManager:  whichBatch = -1
04-23 21:33:50.191  1951  1974 D AlarmManager: rebatchAllAlarmsLocked  batch.size() = 1
04-23 21:33:50.191  1951  1974 D AlarmManager:  whichBatch = -1
04-23 21:33:50.191  1951  1974 D AlarmManager: rebatchAllAlarmsLocked  batch.size() = 1
04-23 21:33:50.191  1951  1974 D AlarmManager:  whichBatch = -1
04-23 21:33:50.191  1951  1974 D AlarmManager: rebatchAllAlarmsLocked  batch.size() = 1
04-23 21:33:50.191  1951  1974 D AlarmManager:  whichBatch = -1
04-23 21:33:50.191  1951  1974 D AlarmManager: rebatchAllAlarmsLocked  batch.size() = 1
04-23 21:33:50.191  1951  1974 D AlarmManager:  whichBatch = -1
04-23 21:33:50.191  1951  1974 D AlarmManager: rebatchAllAlarmsLocked  batch.size() = 1
04-23 21:33:50.191  1951  1974 D AlarmManager:  whichBatch = -1
04-23 21:33:50.191  1951  1974 D AlarmManager: rebatchAllAlarmsLocked  batch.size() = 1
04-23 21:33:50.191  1951  1974 D AlarmManager:  whichBatch = -1
04-23 21:33:50.191  1951  1974 D AlarmManager: rebatchAllAlarmsLocked  batch.size() = 1
04-23 21:33:50.191  1951  1974 D AlarmManager:  whichBatch = -1
04-23 21:33:50.191  1951  1974 D AlarmManager: rebatchAllAlarmsLocked  batch.size() = 1
04-23 21:33:50.191  1951  1974 D AlarmManager:  whichBatch = -1
04-23 21:33:50.191  1951  1974 D AlarmManager: rebatchAllAlarmsLocked  batch.size() = 1
04-23 21:33:50.191  1951  1974 D AlarmManager:  whichBatch = -1
04-23 21:33:50.191  1951  1974 D AlarmManager: rebatchAllAlarmsLocked  batch.size() = 1
04-23 21:33:50.191  1951  1974 D AlarmManager:  whichBatch = -1
04-23 21:33:50.192  1951  1974 D AlarmManager: rebatchAllAlarmsLocked  batch.size() = 1
04-23 21:33:50.192  1951  1974 D AlarmManager:  whichBatch = -1
04-23 21:33:50.192  1951  1974 D AlarmManager: rebatchAllAlarmsLocked  batch.size() = 1
04-23 21:33:50.192  1951  1974 D AlarmManager:  whichBatch = -1
04-23 21:33:50.192  1951  1974 D AlarmManager: rebatchAllAlarmsLocked  batch.size() = 1
04-23 21:33:50.192  1951  1974 D AlarmManager:  whichBatch = -1
04-23 21:33:50.192  1951  1974 D AlarmManager: rebatchAllAlarmsLocked  batch.size() = 1
04-23 21:33:50.192  1951  1974 D AlarmManager:  whichBatch = -1
04-23 21:33:50.192  1951  1974 D AlarmManager: rebatchAllAlarmsLocked  batch.size() = 1
04-23 21:33:50.192  1951  1974 D AlarmManager:  whichBatch = -1
04-23 21:33:50.192  1951  1974 D AlarmManager: rebatchAllAlarmsLocked  batch.size() = 1
04-23 21:33:50.192  1951  1974 D AlarmManager:  whichBatch = -1
04-23 21:33:50.192  1951  1974 D AlarmManager: rebatchAllAlarmsLocked  batch.size() = 1
04-23 21:33:50.192  1951  1974 D AlarmManager:  whichBatch = -1
04-23 21:33:50.192  1951  1974 D AlarmManager: rebatchAllAlarmsLocked  batch.size() = 1
04-23 21:33:50.192  1951  1974 D AlarmManager:  whichBatch = -1
04-23 21:33:50.192  1951  1974 D AlarmManager: rebatchAllAlarmsLocked  batch.size() = 1
04-23 21:33:50.193  1951  1974 D AlarmManager:  whichBatch = -1
04-23 21:33:50.193  1951  1974 D AlarmManager: rebatchAllAlarmsLocked  batch.size() = 1
04-23 21:33:50.193  1951  1974 D AlarmManager:  whichBatch = -1
04-23 21:33:50.193  1951  1974 D AlarmManager: rebatchAllAlarmsLocked  batch.size() = 1
04-23 21:33:50.194  1951  1974 D AlarmManager:  whichBatch = -1
04-23 21:33:50.194  1951  1974 D AlarmManager: rebatchAllAlarmsLocked  batch.size() = 1
04-23 21:33:50.194  1951  1974 D AlarmManager:  whichBatch = -1
04-23 21:33:50.194  1951  1974 D AlarmManager: rebatchAllAlarmsLocked  batch.size() = 1
04-23 21:33:50.194  1951  1974 D AlarmManager:  whichBatch = -1
04-23 21:33:50.194  1951  1974 D AlarmManager: rebatchAllAlarmsLocked  batch.size() = 1
04-23 21:33:50.194  1951  1974 D AlarmManager:  whichBatch = -1
04-23 21:33:50.194  1951  1974 D AlarmManager: rebatchAllAlarmsLocked  batch.size() = 1
04-23 21:33:50.194  1951  1974 D AlarmManager:  whichBatch = -1
04-23 21:33:50.194  3288  9516 V FA      : Scheduling upload, millis: 2504199
04-23 21:33:50.196  1951  3079 V AlarmManager: APP set(PendingIntent{c01e4c8: PendingIntentRecord{c6cf72e ru.evotor.launcher broadcastIntent}}) : type=2 triggerAtTime=3952287 win=-1 tElapsed=3952287 maxElapsed=6652287 interval=3600000 flags=0x8
04-23 21:33:50.196  1951  3079 D AlarmManager:  whichBatch = -1
04-23 21:33:50.196  3288  9516 V FA      : Background event processing time, ms: 43
04-23 21:33:50.196  3288  9516 V SQLiteStatements: /data/user/0/ru.evotor.launcher/databases/google_app_measurement.db: "COMMIT;"
04-23 21:33:50.198  9758  9758 I art     : Late-enabling -Xcheck:jni
04-23 21:33:50.203  3288  9516 V SQLiteTime: /data/user/0/ru.evotor.launcher/databases/google_app_measurement.db: "COMMIT;" took 7.000 ms
04-23 21:33:50.222  1951  3157 D InputReader: InputReader:: getSwitchState lock 
04-23 21:33:50.224  1951  3157 D InputReader: InputReader::getStateLocked:: return 
04-23 21:33:50.225  1951  3157 I libPerfService: perfSetFavorPid - pid:9758, 261e
04-23 21:33:50.233  1951  3157 V WindowManager: Looking for focus: 6 = Window{7f2dc7b u0 StatusBar}, flags=-2122055608, canReceive=false
04-23 21:33:50.233  1951  3157 V WindowManager: findFocusedWindow: No focusable windows.
04-23 21:33:50.234  2327  2327 V PhoneStatusBarPolicy: updateManagedProfile: mManagedProfileFocused: false mKeyguardVisible: true
04-23 21:33:50.234  1951  3157 D WindowManager: notifyActivityDrawnForKeyguard: waiting=false Callers=com.android.server.wm.WindowManagerService.handleAppTransitionReadyLocked:10088 com.android.server.wm.WindowManagerService.performLayoutAndPlaceSurfacesLockedInner:10708 com.android.server.wm.WindowManagerService.performLayoutAndPlaceSurfacesLockedLoop:9452 com.android.server.wm.WindowManagerService.performLayoutAndPlaceSurfacesLocked:9399 com.android.server.wm.WindowManagerService.executeAppTransition:4585 
04-23 21:33:50.238  1951  2003 V NetworkStats: setKernelCounterSet uid=10074 set=1
04-23 21:33:50.239  2327  2327 D PhoneStatusBar: hiding the MENU button
04-23 21:33:50.241  9758  9758 W asset   : Asset path /system/framework/sunmi-res/sunmi-res.apk is neither a directory nor file (type=1).
04-23 21:33:50.241  9758  9758 E asset   : Failed to load Sunmi resources!
04-23 21:33:50.253  3288  3553 D Surface : Surface::disconnect(this=0xa07b1300,api=1)
04-23 21:33:50.254  3288  3553 D GraphicBuffer: unregister, handle(0xabaecef0) (w:720 h:1280 s:720 f:0x1 u:0x000f02)
04-23 21:33:50.255  3288  3553 D GraphicBuffer: unregister, handle(0xabaeaaa0) (w:720 h:1280 s:720 f:0x1 u:0x000f02)
04-23 21:33:50.255   257  3633 I BufferQueueProducer: [ru.evotor.launcher/ru.evotor.launcher.ui.activity.EvotorApplicationsListActivity](this:0xb24e6000,id:90,api:1,p:-1,c:257) disconnect(P): api 1
04-23 21:33:50.256   257  3633 I BufferQueueConsumer: [ru.evotor.launcher/ru.evotor.launcher.ui.activity.EvotorApplicationsListActivity](this:0xb24e6000,id:90,api:1,p:-1,c:257) getReleasedBuffers: returning mask 0xffffffffffffffff
04-23 21:33:50.256   257  3633 D GraphicBuffer: free, handle(0xb61dca80) (w:720 h:1280 s:720 f:0x1 u:0x000f02)
04-23 21:33:50.257  3288  3553 D Surface : Surface::disconnect(this=0xa07b1300,api=1)
04-23 21:33:50.257   257  6327 I BufferQueueProducer: [ru.evotor.launcher/ru.evotor.launcher.ui.activity.EvotorApplicationsListActivity](this:0xb24e6000,id:90,api:1,p:-1,c:257) disconnect(P): api 1
04-23 21:33:50.257  3288  3553 D OpenGLRenderer: endAllStagingAnimators on 0x9e521a00 (CardView @e2f57b4) with handle 0x9ea1ddb0
04-23 21:33:50.258  1951  1974 V WindowManager: Looking for focus: 6 = Window{7f2dc7b u0 StatusBar}, flags=-2122055608, canReceive=false
04-23 21:33:50.258  1951  1974 V WindowManager: findFocusedWindow: No focusable windows.
04-23 21:33:50.258  9758  9758 W System  : ClassLoader referenced unknown path: /data/app/ru.mars_groupe.sber_upos_example-1/lib/arm
04-23 21:33:50.260  9758  9758 D ActivityThread: installProvider: context.getPackageName()=ru.mars_groupe.sber_upos_example
04-23 21:33:50.283   257   257 I BufferQueueProducer: [FrameBufferSurface_0](this:0xb491d000,id:0,api:1,p:257,c:257) queueBuffer: fps=0.73 dur=35577.35 max=34634.40 min=17.00
04-23 21:33:50.291  1951  1989 D ActivityManager: publishContentProviders: from caller=android.app.ApplicationThreadProxy@d4bb2e3 (pid=9758)
04-23 21:33:50.291  9758  9758 D ActivityThread: BIND_APPLICATION handled : 0 / AppBindData{appInfo=ApplicationInfo{3ba2746 ru.mars_groupe.sber_upos_example}}
04-23 21:33:50.292  9758  9758 V ActivityThread: Handling launch of ActivityRecord{45e3d07 token=android.os.BinderProxy@d224e34 {ru.mars_groupe.sber_upos_example/ru.mars_groupe.sber_upos_example.MainActivity}} startsNotResumed=false
04-23 21:33:50.295  9758  9758 V ActivityThread: ActivityRecord{45e3d07 token=android.os.BinderProxy@d224e34 {ru.mars_groupe.sber_upos_example/ru.mars_groupe.sber_upos_example.MainActivity}}: app=android.app.Application@ee171d2, appName=ru.mars_groupe.sber_upos_example, pkg=ru.mars_groupe.sber_upos_example, comp={ru.mars_groupe.sber_upos_example/ru.mars_groupe.sber_upos_example.MainActivity}, dir=/data/app/ru.mars_groupe.sber_upos_example-1/base.apk
04-23 21:33:50.321  3760  3782 I PerfService: PerfServiceNative_getPackName
04-23 21:33:50.321  1951  1974 I libPerfService: perfGetLastBoostPid 9758
04-23 21:33:50.321  1951  1974 D PerfServiceManager: [PerfService] getLastBoostPid 9758 
04-23 21:33:50.321  1951  1974 I libPerfService: perfGetLastBoostPid 9758
04-23 21:33:50.322  3760  3782 D GasService: FG app changed: from ru.evotor.launcher to ru.mars_groupe.sber_upos_example
04-23 21:33:50.408  9758  9758 E MultiWindowProxy: getServiceInstance failed!
04-23 21:33:50.415  9758  9758 V ActivityThread: Performing resume of ActivityRecord{45e3d07 token=android.os.BinderProxy@d224e34 {ru.mars_groupe.sber_upos_example/ru.mars_groupe.sber_upos_example.MainActivity}}
04-23 21:33:50.416  9758  9758 D ActivityThread: ACT-AM_ON_RESUME_CALLED ActivityRecord{45e3d07 token=android.os.BinderProxy@d224e34 {ru.mars_groupe.sber_upos_example/ru.mars_groupe.sber_upos_example.MainActivity}}
04-23 21:33:50.417  9758  9758 V ActivityThread: Resume ActivityRecord{45e3d07 token=android.os.BinderProxy@d224e34 {ru.mars_groupe.sber_upos_example/ru.mars_groupe.sber_upos_example.MainActivity}} started activity: false, hideForNow: false, finished: false
04-23 21:33:50.417  9758  9758 V PhoneWindow: DecorView setVisiblity: visibility = 4 ,Parent =null, this =com.android.internal.policy.PhoneWindow$DecorView{5c65130 I.E...... R.....ID 0,0-0,0}
04-23 21:33:50.421   257  1527 I SurfaceFlinger: EventThread Client Pid (9758) created
04-23 21:33:50.423  9758  9758 D WindowClient: Add to mViews: com.android.internal.policy.PhoneWindow$DecorView{5c65130 I.E...... R.....ID 0,0-0,0}, this = android.view.WindowManagerGlobal@e9bc8c7
04-23 21:33:50.424  9758  9758 D OpenGLRenderer: Dumper init 2 threads <0xad3b04e0>
04-23 21:33:50.424  9758  9758 D OpenGLRenderer: <ru.mars_groupe.sber_upos_example> is running.
04-23 21:33:50.426   257  1527 I SurfaceFlinger: EventThread Client Pid (9758) created
04-23 21:33:50.427  9758  9772 D OpenGLRenderer: Use EGL_SWAP_BEHAVIOR_PRESERVED: false
04-23 21:33:50.427  9758  9772 D OpenGLRenderer: CanvasContext() 0xaf838000
04-23 21:33:50.441  9758  9758 D GraphicBuffer: register, handle(0xab31c250) (w:1216 h:2048 s:1216 f:0x1 u:0x000100)
04-23 21:33:50.443  9758  9758 D ViewRootImpl: hardware acceleration is enabled, this = ViewRoot{6b4ef4 ru.mars_groupe.sber_upos_example/ru.mars_groupe.sber_upos_example.MainActivity,ident = 0}
04-23 21:33:50.445   257  6327 I SurfaceFlinger: [SF client] NEW(0xb5e961e0) for (1951:system_server)
04-23 21:33:50.446  1951  3155 D WindowManager: addWindowToListInOrderLocked: win=Window{4c70f0c u0 ru.mars_groupe.sber_upos_example/ru.mars_groupe.sber_upos_example.MainActivity} Callers=com.android.server.wm.WindowManagerService.addWindow:2771 com.android.server.wm.Session.addToDisplay:171 android.view.IWindowSession$Stub.onTransact:124 com.android.server.wm.Session.onTransact:133 
04-23 21:33:50.447  9758  9758 V ActivityThread: Resuming ActivityRecord{45e3d07 token=android.os.BinderProxy@d224e34 {ru.mars_groupe.sber_upos_example/ru.mars_groupe.sber_upos_example.MainActivity}} with isForward=true
04-23 21:33:50.447  9758  9758 V PhoneWindow: DecorView setVisiblity: visibility = 0 ,Parent =ViewRoot{6b4ef4 ru.mars_groupe.sber_upos_example/ru.mars_groupe.sber_upos_example.MainActivity,ident = 0}, this =com.android.internal.policy.PhoneWindow$DecorView{5c65130 V.E...... R.....ID 0,0-0,0}
04-23 21:33:50.447  9758  9758 V ActivityThread: Scheduling idle handler for ActivityRecord{45e3d07 token=android.os.BinderProxy@d224e34 {ru.mars_groupe.sber_upos_example/ru.mars_groupe.sber_upos_example.MainActivity}}
04-23 21:33:50.448  9758  9758 D ActivityThread: ACT-LAUNCH_ACTIVITY handled : 0 / ActivityRecord{45e3d07 token=android.os.BinderProxy@d224e34 {ru.mars_groupe.sber_upos_example/ru.mars_groupe.sber_upos_example.MainActivity}}
04-23 21:33:50.478   257   257 I BufferQueue: [unnamed-257-94](this:0xb24cac00,id:94,api:0,p:-1,c:-1) BufferQueue core=(257:/system/bin/surfaceflinger)
04-23 21:33:50.478   257   257 D BufferQueueDump: [unnamed-257-94] this:0xb24e1000, value:0xbe94f650, iLen:6
04-23 21:33:50.478   257   257 I BufferQueueConsumer: [unnamed-257-94](this:0xb24cac00,id:94,api:0,p:-1,c:257) connect(C): consumer=(257:/system/bin/surfaceflinger) controlledByApp=false
04-23 21:33:50.478   257   257 D BufferQueueDump: [unnamed-257-94] this:0xb24e1000, value:0xbe94f670, iLen:6
04-23 21:33:50.479   257   257 I BufferQueueConsumer: [unnamed-257-94](this:0xb24cac00,id:94,api:0,p:-1,c:257) setConsumerName: unnamed-257-94
04-23 21:33:50.479   257   257 D BufferQueueDump: [ru.mars_groupe.sber_upos_example/ru.mars_groupe.sber_upos_example.MainActivity] this:0xb24e1000, value:0xbe94f6c8, iLen:6
04-23 21:33:50.479   257   257 I BufferQueueConsumer: [ru.mars_groupe.sber_upos_example/ru.mars_groupe.sber_upos_example.MainActivity](this:0xb24cac00,id:94,api:0,p:-1,c:257) setConsumerName: ru.mars_groupe.sber_upos_example/ru.mars_groupe.sber_upos_example.MainActivity
04-23 21:33:50.479   257   257 I BufferQueueConsumer: [ru.mars_groupe.sber_upos_example/ru.mars_groupe.sber_upos_example.MainActivity](this:0xb24cac00,id:94,api:0,p:-1,c:257) setDefaultBufferSize: width=1 height=1
04-23 21:33:50.480  1951  1974 V WindowManager: Looking for focus: 7 = Window{7f2dc7b u0 StatusBar}, flags=-2122055608, canReceive=false
04-23 21:33:50.480  1951  1974 V WindowManager: findFocusedWindow: Found new focus @ 3 = Window{4c70f0c u0 ru.mars_groupe.sber_upos_example/ru.mars_groupe.sber_upos_example.MainActivity}
04-23 21:33:50.480  1951  1974 V WindowManager: Changing focus from null to Window{4c70f0c u0 ru.mars_groupe.sber_upos_example/ru.mars_groupe.sber_upos_example.MainActivity} Callers=com.android.server.wm.WindowManagerService.relayoutWindow:3588 com.android.server.wm.Session.relayout:201 android.view.IWindowSession$Stub.onTransact:284 com.android.server.wm.Session.onTransact:133 
04-23 21:33:50.480  1951  1974 D WindowManager: Input focus has changed to Window{4c70f0c u0 ru.mars_groupe.sber_upos_example/ru.mars_groupe.sber_upos_example.MainActivity}
04-23 21:33:50.493   257   257 I BufferQueueConsumer: [ru.mars_groupe.sber_upos_example/ru.mars_groupe.sber_upos_example.MainActivity](this:0xb24cac00,id:94,api:0,p:-1,c:257) setDefaultBufferSize: width=720 height=1280
04-23 21:33:50.497  1951  2025 I WindowManager: Focus moving from null to Window{4c70f0c u0 ru.mars_groupe.sber_upos_example/ru.mars_groupe.sber_upos_example.MainActivity}
04-23 21:33:50.497  1951  2025 I WindowManager: Gaining focus: Window{4c70f0c u0 ru.mars_groupe.sber_upos_example/ru.mars_groupe.sber_upos_example.MainActivity}
04-23 21:33:50.498  9758  9758 D Surface : Surface::allocateBuffers(this=0xaf3beb00)
04-23 21:33:50.498  9758  9772 D OpenGLRenderer: CanvasContext() 0xaf838000 initialize window=0xaf3beb08, title=ru.mars_groupe.sber_upos_example/ru.mars_groupe.sber_upos_example.MainActivity
04-23 21:33:50.498   257  1527 D BufferQueueProducer: [](this:0xb24cac00,id:94,api:0,p:-1,c:257) allocateBuffers: allocating from 0 buffers up to 3 buffers
04-23 21:33:50.498   257  1527 I [MALI][Gralloc]: usage: 0x900, format: 1 stride: 720 vertical_stride: 1280 size: 3686400
04-23 21:33:50.500   257  1527 D GraphicBuffer: alloc, handle(0xb5e93180) (w:720 h:1280 s:720 f:0x1 u:0x000900) err(0)
04-23 21:33:50.500   257  1527 I [MALI][Gralloc]: usage: 0x900, format: 1 stride: 720 vertical_stride: 1280 size: 3686400
04-23 21:33:50.501  9758  9772 I OpenGLRenderer: Initialized EGL, version 1.4
04-23 21:33:50.501   257  1527 D GraphicBuffer: alloc, handle(0xb61dcc60) (w:720 h:1280 s:720 f:0x1 u:0x000900) err(0)
04-23 21:33:50.501   257  1527 I [MALI][Gralloc]: usage: 0x900, format: 1 stride: 720 vertical_stride: 1280 size: 3686400
04-23 21:33:50.502  9758  9772 D OpenGLRenderer: Created EGL context (0xb4749dc0)
04-23 21:33:50.503   257  1527 D GraphicBuffer: alloc, handle(0xb61dd260) (w:720 h:1280 s:720 f:0x1 u:0x000900) err(0)
04-23 21:33:50.503   257  1527 D BufferQueueProducer: [](this:0xb24cac00,id:94,api:0,p:-1,c:257) allocateBuffers: allocating from 3 buffers up to 3 buffers
04-23 21:33:50.503  9758  9772 I OpenGLRenderer: Get enable program binary service property (1)
04-23 21:33:50.503  9758  9772 I OpenGLRenderer: Initializing program atlas...
04-23 21:33:50.503  9758  9772 D ProgramBinary/Service: BpProgramBinaryService.getFileDescriptor
04-23 21:33:50.504  9758  9772 D ProgramBinary/Service: BpProgramBinaryService.getProgramMapLen
04-23 21:33:50.504  9758  9772 D ProgramBinary/Service: BpProgramBinaryService.getProgramMapArray
04-23 21:33:50.504  9758  9772 D ProgramBinary/Service: BpProgramBinaryService.getProgramBinaryLen
04-23 21:33:50.505  9758  9772 I OpenGLRenderer: Program binary detail: Binary length is 111796, program map length is 152.
04-23 21:33:50.505  9758  9772 I OpenGLRenderer: Succeeded to mmap program binaries. File descriptor is 29, and path is /dev/ashmem$.
04-23 21:33:50.505  9758  9772 I OpenGLRenderer: No need to use file discriptor anymore, close fd(29).
04-23 21:33:50.506  9758  9772 D OpenGLRenderer: Initializing program cache from 0xb6cdfeac, size = 3
04-23 21:33:50.506  9758  9772 D OpenGLRenderer: -- init (key = 0x0000000000000000)
04-23 21:33:50.507  9758  9772 D OpenGLRenderer: -- init (key = 0x0000000800000003)
04-23 21:33:50.507  9758  9772 D OpenGLRenderer: -- init (key = 0x0000001000500040)
04-23 21:33:50.510  9758  9772 I [MALI][Gralloc]: dlopen libsec_mem.so fail
04-23 21:33:50.511  9758  9772 D Surface : Surface::connect(this=0xaf3beb00,api=1)
04-23 21:33:50.511   257   432 I BufferQueueProducer: [ru.mars_groupe.sber_upos_example/ru.mars_groupe.sber_upos_example.MainActivity](this:0xb24cac00,id:94,api:1,p:9758,c:257) connect(P): api=1 producer=(9758:ru.mars_groupe.sber_upos_example) producerControlledByApp=true
04-23 21:33:50.512  9758  9772 W libEGL  : [ANDROID_RECORDABLE] format: 1
04-23 21:33:50.512  9758  9772 D Surface : Surface::setBufferCount(this=0xaf3beb00,bufferCount=4)
04-23 21:33:50.513   257  1527 I BufferQueueProducer: [ru.mars_groupe.sber_upos_example/ru.mars_groupe.sber_upos_example.MainActivity](this:0xb24cac00,id:94,api:1,p:9758,c:257) setBufferCount: count = 4
04-23 21:33:50.513   257  1527 D GraphicBuffer: free, handle(0xb5e93180) (w:720 h:1280 s:720 f:0x1 u:0x000900)
04-23 21:33:50.513   257  1527 D GraphicBuffer: free, handle(0xb61dcc60) (w:720 h:1280 s:720 f:0x1 u:0x000900)
04-23 21:33:50.513   257  1527 D GraphicBuffer: free, handle(0xb61dd260) (w:720 h:1280 s:720 f:0x1 u:0x000900)
04-23 21:33:50.516   257  1527 I BufferQueueConsumer: [ru.mars_groupe.sber_upos_example/ru.mars_groupe.sber_upos_example.MainActivity](this:0xb24cac00,id:94,api:1,p:9758,c:257) getReleasedBuffers: returning mask 0xffffffffffffffff
04-23 21:33:50.516   257  3633 I BufferQueueProducer: [ru.mars_groupe.sber_upos_example/ru.mars_groupe.sber_upos_example.MainActivity](this:0xb24cac00,id:94,api:1,p:9758,c:257) new GraphicBuffer needed
04-23 21:33:50.517   257  3633 I [MALI][Gralloc]: usage: 0xf02, format: 1 stride: 720 vertical_stride: 1280 size: 3686400
04-23 21:33:50.519   257  3633 D GraphicBuffer: alloc, handle(0xb5e936c0) (w:720 h:1280 s:720 f:0x1 u:0x000f02) err(0)
04-23 21:33:50.522  9758  9772 D GraphicBuffer: register, handle(0xaf804230) (w:720 h:1280 s:720 f:0x1 u:0x000f02)
04-23 21:33:50.543  1951  2296 D PerfServiceManager: [PerfService] MESSAGE_TIMEOUT:105 
04-23 21:33:50.543  1951  2296 I libPerfService: 5: set freq: 1300000
04-23 21:33:50.543  1951  2296 D PerfServiceManager: [PerfService] set utilization:0.8 
04-23 21:33:50.556  9758  9772 D OpenGLRenderer: CacheTexture 2 upload: x, y, width height = 0, 0, 1024, 501
04-23 21:33:50.557  9758  9772 D OpenGLRenderer: ProgramCache save to disk, size = 3
04-23 21:33:50.562  9758  9758 V InputMethodManager: onWindowFocus: null softInputMode=288 first=true flags=#81810100
04-23 21:33:50.562  9758  9758 V InputMethodManager: START INPUT: com.android.internal.policy.PhoneWindow$DecorView{5c65130 V.E...... R.....ID 0,0-720,1280} ic=null tba=android.view.inputmethod.EditorInfo@ff54fea controlFlags=#104
04-23 21:33:50.563  1951  3341 V InputMethodManagerService: windowGainedFocus: android.os.BinderProxy@dbf565e controlFlags=#104 softInputMode=#120 windowFlags=#81810100
04-23 21:33:50.564  1951  2025 I ActivityManager: [AppLaunch] Displayed Displayed ru.mars_groupe.sber_upos_example/.MainActivity: +474ms
04-23 21:33:50.564  1951  2025 D ActivityManager: AP_PROF:AppLaunch_LaunchTime:ru.mars_groupe.sber_upos_example/.MainActivity:474:1448458
04-23 21:33:50.566  1951  2025 V WindowManager: Looking for focus: 7 = Window{7f2dc7b u0 StatusBar}, flags=-2122055608, canReceive=false
04-23 21:33:50.566  1951  2025 V WindowManager: findFocusedWindow: Found new focus @ 3 = Window{4c70f0c u0 ru.mars_groupe.sber_upos_example/ru.mars_groupe.sber_upos_example.MainActivity}
04-23 21:33:50.569  1951  2025 D WindowClient: Remove from mViews: com.android.internal.policy.PhoneWindow$DecorView{f36e375 V.E...... R.....I. 0,0-720,1280}, this = android.view.WindowManagerGlobal@36d4317
04-23 21:33:50.583   257  3633 I BufferQueueProducer: [ru.mars_groupe.sber_upos_example/ru.mars_groupe.sber_upos_example.MainActivity](this:0xb24cac00,id:94,api:1,p:9758,c:257) new GraphicBuffer needed
04-23 21:33:50.583   257  3633 I [MALI][Gralloc]: usage: 0xf02, format: 1 stride: 720 vertical_stride: 1280 size: 3686400
04-23 21:33:50.584   257  3633 D GraphicBuffer: alloc, handle(0xb5e93660) (w:720 h:1280 s:720 f:0x1 u:0x000f02) err(0)
04-23 21:33:50.585  1951  1951 E WifiTrafficPoller: TRAFFIC_STATS_POLL true Token 50 num clients 10
04-23 21:33:50.585  1951  1951 E WifiTrafficPoller:  packet count Tx=163683 Rx=225678
04-23 21:33:50.585  9758  9772 D GraphicBuffer: register, handle(0xaf804460) (w:720 h:1280 s:720 f:0x1 u:0x000f02)
04-23 21:33:50.591  1951  3086 D PowerManagerService: releaseWakeLockInternal: lock=58877483 [*launch*], flags=0x0, total_time=537ms
04-23 21:33:50.591  1951  3086 D PowerManagerNotifier: onWakeLockReleased: flags=1, tag="*launch*", packageName=android, ownerUid=1000, ownerPid=1951, workSource=WorkSource{10074}
04-23 21:33:50.592  1951  3086 D PowerManagerService: updateWakeLockSummaryLocked: mWakefulness=Awake, mWakeLockSummary=0x0
04-23 21:33:50.592  1951  3086 D PowerManagerService: updateUserActivitySummaryLocked: mWakefulness=Awake, mUserActivitySummary=0x1, nextTimeout=1500881 (in 52395 ms)
04-23 21:33:50.592  1951  3086 D DisplayPowerController: requestPowerState: policy=BRIGHT, useProximitySensor=false, screenBrightness=255, screenAutoBrightnessAdjustment=0.0, brightnessSetByUser=true, useAutoBrightness=false, blockScreenOn=false, lowPowerMode=false, boostScreenBrightness=false, dozeScreenBrightness=-1, dozeScreenState=UNKNOWN, waitForNegativeProximity=false
04-23 21:33:50.592  1951  3086 I PowerManagerService: setBrightness mButtonLight 0.
04-23 21:33:50.592  1951  3086 D PowerManagerService: updateDisplayPowerStateLocked: mDisplayReady=true, policy=3, mWakefulness=1, mWakeLockSummary=0x0, mUserActivitySummary=0x1, mBootCompleted=true, mScreenBrightnessBoostInProgress=false
04-23 21:33:50.592  1951  3086 D PowerManagerService: Releasing suspend blocker "PowerManagerService.WakeLocks".
04-23 21:33:50.605   784  4549 D mnl_linux: mtk_gps_sys_nmea_output_to_app: $GPGGA,183351.674,5540.4814,N,03745.5568,E,0,0,,-14.3,M,14.3,M,,*50
04-23 21:33:50.605   784  4549 D mnl_linux: $GPGSA,A,1,,,,,,,,,,,,,99.99,99.99,99.99*30
04-23 21:33:50.605   784  4549 D mnl_linux: $GPGSV,1,1,1,25,,,18.2*5A
04-23 21:33:50.605   784  4549 D mnl_linux: $GPRMC,183351.674,V,5540.4814,N,03745.5568,E,0.000,0.00,070904,,,N*42
04-23 21:33:50.605   784  4549 D mnl_linux: $GPVTG,0.00,T,,M,0.000,N,0.000,K,N*32
04-23 21:33:50.605   784  4549 D mnl_linux: $GPACCURACY,531.8*07
04-23 21:33:50.605   784  4549 D MNLD    : send_cmd_ex: slf_send_cmd (9, 0x30)
04-23 21:33:50.605  1951  3251 D gps_mtk : gps_state_thread: line = 3911received 273 bytes:
04-23 21:33:50.605   784  4549 D MNLD    : mtk_gps_sys_gps_mnl_callback: MTK_GPS_MSG_FIX_READY,GET_RTC_FAIL
04-23 21:33:50.605  1951  3251 D gps_mtk : nmea_reader_update_time: line = 1584fix_time: 1713897231
04-23 21:33:50.605  1951  3251 D gps_mtk : nmea_reader_addc: line = 2455start nmea_cb
04-23 21:33:50.605   784  4549 D MNLD    : mtk_gps_sys_gps_mnl_callback: gps_measurement_state = 255 ,state = 2
04-23 21:33:50.605  1951  3251 D gps_mtk : nmea_reader_addc: line = 2455start nmea_cb
04-23 21:33:50.605   784   784 D MNLD    : process: epoll_wait() received 1 events
04-23 21:33:50.605   784   784 D MNLD    : sigrcv_handler: args from mnld: 48
04-23 21:33:50.605  1951  3251 D gps_mtk : nmea_reader_parse: line = 2270r->sv_count = 1
04-23 21:33:50.605  1951  3251 D gps_mtk : nmea_reader_addc: line = 2455start nmea_cb
04-23 21:33:50.605   784   784 D MNLD    : mnl_set_alarm: (0, 0xB6A46018, 5)
04-23 21:33:50.605   784   784 D MNLD    : process: sigrc_handler: ret = 0
04-23 21:33:50.605  1951  3251 D gps_mtk : nmea_reader_addc: line = 2455start nmea_cb
04-23 21:33:50.606  1951  3251 D gps_mtk : nmea_reader_addc: line = 2455start nmea_cb
04-23 21:33:50.606  1951  3251 D gps_mtk : nmea_reader_parse: line = 2342GPS get accuracy failed, fix mode:1
04-23 21:33:50.606  1951  3251 D gps_mtk : nmea_reader_parse: line = 2406r->sv_status_gnss.num_svs = 1, gps_nmea_end_tag = 1
04-23 21:33:50.606  1951  3251 V MtkLocationExt: GNSS SV count: 1
04-23 21:33:50.606  1951  3251 V MtkLocationExt: sv: 25 snr: 1.82 elev: 0.0 azimuth: 0.0   
04-23 21:33:50.606  1951  3251 D gps_mtk : nmea_reader_addc: line = 2455start nmea_cb
04-23 21:33:50.688  1951  2025 D Surface : Surface::disconnect(this=0x9dcea500,api=2)
04-23 21:33:50.689   257   432 I BufferQueueProducer: [Starting ru.mars_groupe.sber_upos_example](this:0xb24e7800,id:93,api:2,p:-1,c:257) disconnect(P): api 2
04-23 21:33:50.689   257   432 I BufferQueueConsumer: [Starting ru.mars_groupe.sber_upos_example](this:0xb24e7800,id:93,api:2,p:-1,c:257) getReleasedBuffers: returning mask 0xffffffffffffffff
04-23 21:33:50.690  1951  2025 D GraphicBuffer: unregister, handle(0x99c82a80) (w:720 h:1280 s:720 f:0x1 u:0x000933)
04-23 21:33:50.706   257   257 I BufferQueueConsumer: [Starting ru.mars_groupe.sber_upos_example](this:0xb24e7800,id:93,api:2,p:-1,c:-1) disconnect(C)
04-23 21:33:50.706   257   257 D GraphicBuffer: free, handle(0xb5e933c0) (w:720 h:1280 s:720 f:0x1 u:0x000933)
04-23 21:33:50.707   257   257 I BufferQueue: [Starting ru.mars_groupe.sber_upos_example](this:0xb24e7800,id:93,api:2,p:-1,c:-1) ~BufferQueueCore
04-23 21:33:50.826  4180  4410 I System.out: [CDS]EAGAIN in Recvfrom
04-23 21:33:50.826  4180  4410 I System.out: [CDS]read byte is 0
04-23 21:33:50.894  1951  1974 D ConnectivityService: getActiveNetworkInfo networkInfo = [type: WIFI[], state: CONNECTED/CONNECTED, reason: (unspecified), extra: "RT-WiFi-1FD8", roaming: false, failover: false, isAvailable: true]
04-23 21:33:50.895  1951  1989 D SettingsInterface:  from settings cache , name = sys_storage_threshold_percentage , value = null
04-23 21:33:50.896  1951  1989 D SettingsInterface:  from settings cache , name = sys_storage_threshold_max_bytes , value = null
04-23 21:33:50.897  5410  7869 E MacAddressCloudWorker: No file sending
04-23 21:33:50.897  1951  3157 D ConnectivityService: getActiveNetworkInfo networkInfo = [type: WIFI[], state: CONNECTED/CONNECTED, reason: (unspecified), extra: "RT-WiFi-1FD8", roaming: false, failover: false, isAvailable: true]
04-23 21:33:50.898  1951  2390 D SettingsInterface:  from settings cache , name = sys_storage_threshold_percentage , value = null
04-23 21:33:50.899  1951  2390 D SettingsInterface:  from settings cache , name = sys_storage_threshold_max_bytes , value = null
04-23 21:33:50.900  5410  7869 E SSIDCloudWorker: No file sending
04-23 21:33:50.900  1951  3344 D ConnectivityService: getActiveNetworkInfo networkInfo = [type: WIFI[], state: CONNECTED/CONNECTED, reason: (unspecified), extra: "RT-WiFi-1FD8", roaming: false, failover: false, isAvailable: true]
04-23 21:33:50.902  1951  3086 D SettingsInterface:  from settings cache , name = sys_storage_threshold_percentage , value = null
04-23 21:33:50.902  1951  3086 D SettingsInterface:  from settings cache , name = sys_storage_threshold_max_bytes , value = null
04-23 21:33:50.903  5410  7869 E AssocMacAddressCloudWorker: No file sending
04-23 21:33:50.962   778   885 D agps    : [agps] WARNING: [Utility] memory list show len=0
04-23 21:33:50.971  2916  3137 V ProviderLeakDetecter: Cursor Open:123933122 Total Opened Cursor Count:1.
04-23 21:33:50.971  2916  3137 V ProviderLeakDetecter: Cursor Close:123933122 Total Opened Cursor Count:0.
04-23 21:33:50.976   257   257 I BufferQueueConsumer: [ru.evotor.launcher/ru.evotor.launcher.ui.activity.EvotorApplicationsListActivity](this:0xb24e6000,id:90,api:1,p:-1,c:-1) disconnect(C)
04-23 21:33:50.977   257   257 D GraphicBuffer: free, handle(0xb5e931e0) (w:720 h:1280 s:720 f:0x1 u:0x000f02)
04-23 21:33:50.977   257   257 I BufferQueue: [ru.evotor.launcher/ru.evotor.launcher.ui.activity.EvotorApplicationsListActivity](this:0xb24e6000,id:90,api:1,p:-1,c:-1) ~BufferQueueCore
04-23 21:33:50.979  1951  2025 D ActivityManager: ACT-IDLE_NOW_MSG from windowsVisible() for idle: ActivityRecord{577805f u0 ru.mars_groupe.sber_upos_example/.MainActivity t10}
04-23 21:33:50.980  1951  2296 I libPerfService: 1: set: 1
04-23 21:33:50.980  1951  2296 I libPerfService: 1: set freq: 0
04-23 21:33:50.981  1951  2025 V WindowManager: Looking for focus: 6 = Window{7f2dc7b u0 StatusBar}, flags=-2122055608, canReceive=false
04-23 21:33:50.981  1951  2025 V WindowManager: findFocusedWindow: Found new focus @ 3 = Window{4c70f0c u0 ru.mars_groupe.sber_upos_example/ru.mars_groupe.sber_upos_example.MainActivity}
04-23 21:33:50.985  3288  3288 V FragmentManager: saveAllState: no fragments!
04-23 21:33:50.986  3288  3288 V FragmentManager: Saved state of EvotorApplicationsPageFragment{87f7a42} (2fe441b7-b14d-409e-986f-27a529f2ce0a id=0x7f090057): Bundle[{arguments=Bundle[{number_of_page=1, applications_list=[ru.evotor.launcher.entities.ActivityDescription$UsualActivityDescription@3e8979, ru.evotor.launcher.entities.ActivityDescription$UsualActivityDescription@51996be, ru.evotor.launcher.entities.ActivityDescription$OtherAppsActivityDescription@cc7431f]}], android:view_state={2131296477=androidx.recyclerview.widget.RecyclerView$SavedState@45366c}}]
04-23 21:33:50.986  3288  3288 V FragmentManager: saveAllState: no fragments!
04-23 21:33:50.987  3288  3288 V FragmentManager: Saved state of EvotorApplicationsPageFragment{6935a53} (20c680e7-e7fc-48d6-b096-87d4b45c4af7 id=0x7f090057): Bundle[{arguments=Bundle[{number_of_page=0, applications_list=[ru.evotor.launcher.entities.ActivityDescription$SellActivityDescription@ea6f23b, ru.evotor.launcher.entities.ActivityDescription$RefundActivityDescription@f854d58, ru.evotor.launcher.entities.ActivityDescription$CommoditiesActivityDescription@362eeb1, ru.evotor.launcher.entities.ActivityDescription$ReportActivityDescription@3bfbf96, ru.evotor.launcher.entities.ActivityDescription$PreferencesActivityDescription@9087717, ru.evotor.launcher.entities.ActivityDescription$UsualActivityDescription@fade704, ru.evotor.launcher.entities.ActivityDescription$UsualActivityDescription@a86c4ed, ru.evotor.launcher.entities.ActivityDescription$UsualActivityDescription@7b03f22, ru.evotor.launcher.entities.ActivityDescription$UsualActivityDescription@f936db3, ru.evotor.launcher.entities.ActivityDescription$UsualActivityDescription@8a46f70]}], android:view_state={2131296477=androidx.recyclerview.widget.RecyclerView$SavedState@897c2e9}}]
04-23 21:33:50.988  3288  3288 V FragmentManager: saveAllState: adding fragment (2fe441b7-b14d-409e-986f-27a529f2ce0a): EvotorApplicationsPageFragment{87f7a42} (2fe441b7-b14d-409e-986f-27a529f2ce0a id=0x7f090057)
04-23 21:33:50.990  3288  3288 V FragmentManager: saveAllState: adding fragment (20c680e7-e7fc-48d6-b096-87d4b45c4af7): EvotorApplicationsPageFragment{6935a53} (20c680e7-e7fc-48d6-b096-87d4b45c4af7 id=0x7f090057)
04-23 21:33:50.991  3288  3288 V FragmentManager: computeExpectedState() of 4 for EvotorApplicationsPageFragment{87f7a42} (2fe441b7-b14d-409e-986f-27a529f2ce0a id=0x7f090057)
04-23 21:33:50.991  3288  3288 D FragmentManager: movefrom STARTED: EvotorApplicationsPageFragment{87f7a42} (2fe441b7-b14d-409e-986f-27a529f2ce0a id=0x7f090057)
04-23 21:33:50.992  3288  3288 V FragmentManager: computeExpectedState() of 4 for EvotorApplicationsPageFragment{87f7a42} (2fe441b7-b14d-409e-986f-27a529f2ce0a id=0x7f090057)
