04-23 21:34:03.866   257   432 D BufferQueueProducer: [](this:0xb24c4400,id:101,api:0,p:-1,c:257) allocateBuffers: allocating from 3 buffers up to 3 buffers
04-23 21:34:03.869   257   432 I BufferQueueProducer: [Toast](this:0xb24c4400,id:101,api:1,p:9758,c:257) connect(P): api=1 producer=(9758:ru.mars_groupe.sber_upos_example) producerControlledByApp=true
04-23 21:34:03.870  9758  9772 W libEGL  : [ANDROID_RECORDABLE] format: 1
04-23 21:34:03.872  9758  9772 D Surface : Surface::setBufferCount(this=0xaf3bd600,bufferCount=4)
04-23 21:34:03.872   257   435 I BufferQueueProducer: [Toast](this:0xb24c4400,id:101,api:1,p:9758,c:257) setBufferCount: count = 4
04-23 21:34:03.876   257   435 D GraphicBuffer: free, handle(0xb61dc900) (w:640 h:125 s:640 f:0x1 u:0x000900)
04-23 21:34:03.876   257   435 D GraphicBuffer: free, handle(0xb61dc840) (w:640 h:125 s:640 f:0x1 u:0x000900)
04-23 21:34:03.876   257   435 D GraphicBuffer: free, handle(0xb61dc7e0) (w:640 h:125 s:640 f:0x1 u:0x000900)
04-23 21:34:03.877   257   435 I BufferQueueConsumer: [Toast](this:0xb24c4400,id:101,api:1,p:9758,c:257) getReleasedBuffers: returning mask 0xffffffffffffffff
04-23 21:34:03.878   257  1527 I BufferQueueProducer: [Toast](this:0xb24c4400,id:101,api:1,p:9758,c:257) new GraphicBuffer needed
04-23 21:34:03.878   257  1527 I [MALI][Gralloc]: usage: 0xf02, format: 1 stride: 640 vertical_stride: 125 size: 320000
04-23 21:34:03.879   257  1527 D GraphicBuffer: alloc, handle(0xb61dd020) (w:640 h:125 s:640 f:0x1 u:0x000f02) err(0)
04-23 21:34:03.880  9758  9772 D GraphicBuffer: register, handle(0xaf8045b0) (w:640 h:125 s:640 f:0x1 u:0x000f02)
04-23 21:34:03.894   257   257 I BufferQueueProducer: [FrameBufferSurface_0](this:0xb491d000,id:0,api:1,p:257,c:257) queueBuffer: fps=12.95 dur=2007.46 max=1521.36 min=17.53
04-23 21:34:03.952   257   257 I SurfaceFlinger: [Built-in Screen (type:0)] fps:5.966588,dur:1005.60,max:907.39,min:18.66
04-23 21:34:04.194  2916  3137 V ProviderLeakDetecter: Cursor Open:122316839 Total Opened Cursor Count:1.
04-23 21:34:04.198  2916  3137 V ProviderLeakDetecter: Cursor Close:122316839 Total Opened Cursor Count:0.
04-23 21:34:04.354  3760  3782 I PerfService: PerfServiceNative_getPackName
04-23 21:34:04.365  1951  3341 I libPerfService: perfGetLastBoostPid 9758
04-23 21:34:04.365  1951  3341 D PerfServiceManager: [PerfService] getLastBoostPid 9758 
04-23 21:34:04.365  1951  3341 I libPerfService: perfGetLastBoostPid 9758
04-23 21:34:04.375   257   257 I BufferQueueConsumer: [Toast](this:0xb24e8400,id:100,api:1,p:-1,c:-1) disconnect(C)
04-23 21:34:04.377   257   257 D GraphicBuffer: free, handle(0xb61dd320) (w:355 h:88 s:368 f:0x1 u:0x000f02)
04-23 21:34:04.384   257  3633 I BufferQueue: [Toast](this:0xb24e8400,id:100,api:1,p:-1,c:-1) ~BufferQueueCore
04-23 21:34:04.607  1951  3251 D gps_mtk : gps_state_thread: line = 3911received 274 bytes:
04-23 21:34:04.607  1951  3251 D gps_mtk : nmea_reader_update_time: line = 1584fix_time: 1713897245
04-23 21:34:04.607  1951  3251 D gps_mtk : nmea_reader_addc: line = 2455start nmea_cb
04-23 21:34:04.607  1951  3251 D gps_mtk : nmea_reader_addc: line = 2455start nmea_cb
04-23 21:34:04.608  1951  3251 D gps_mtk : nmea_reader_parse: line = 2270r->sv_count = 1
04-23 21:34:04.608  1951  3251 D gps_mtk : nmea_reader_addc: line = 2455start nmea_cb
04-23 21:34:04.608  1951  3251 D gps_mtk : nmea_reader_addc: line = 2455start nmea_cb
04-23 21:34:04.608  1951  3251 D gps_mtk : nmea_reader_addc: line = 2455start nmea_cb
04-23 21:34:04.608  1951  3251 D gps_mtk : nmea_reader_parse: line = 2342GPS get accuracy failed, fix mode:1
04-23 21:34:04.608  1951  3251 D gps_mtk : nmea_reader_parse: line = 2406r->sv_status_gnss.num_svs = 1, gps_nmea_end_tag = 1
04-23 21:34:04.608  1951  3251 V MtkLocationExt: GNSS SV count: 1
04-23 21:34:04.609  1951  3251 V MtkLocationExt: sv: 25 snr: 1.79 elev: 0.0 azimuth: 0.0   
04-23 21:34:04.609  1951  3251 D gps_mtk : nmea_reader_addc: line = 2455start nmea_cb
04-23 21:34:04.615  1951  1951 E WifiTrafficPoller: TRAFFIC_STATS_POLL true Token 50 num clients 10
04-23 21:34:04.617  1951  1951 E WifiTrafficPoller:  packet count Tx=164844 Rx=226724
04-23 21:34:04.618   784  4549 D mnl_linux: mtk_gps_sys_nmea_output_to_app: $GPGGA,183405.674,5540.4814,N,03745.5568,E,0,0,,-14.3,M,14.3,M,,*56
04-23 21:34:04.618   784  4549 D mnl_linux: $GPGSA,A,1,,,,,,,,,,,,,99.99,99.99,99.99*30
04-23 21:34:04.618   784  4549 D mnl_linux: $GPGSV,1,1,1,25,,,17.9*5E
04-23 21:34:04.618   784  4549 D mnl_linux: $GPRMC,183405.674,V,5540.4814,N,03745.5568,E,0.000,0.00,070904,,,N*44
04-23 21:34:04.618   784  4549 D mnl_linux: $GPVTG,0.00,T,,M,0.000,N,0.000,K,N*32
04-23 21:34:04.618   784  4549 D mnl_linux: $GPACCURACY,3162.1*3F
04-23 21:34:04.618   784  4549 D MNLD    : send_cmd_ex: slf_send_cmd (9, 0x30)
04-23 21:34:04.618   784   784 D MNLD    : process: epoll_wait() received 1 events
04-23 21:34:04.618   784   784 D MNLD    : sigrcv_handler: args from mnld: 48
04-23 21:34:04.618   784   784 D MNLD    : mnl_set_alarm: (0, 0xB6A46018, 5)
04-23 21:34:04.618   784   784 D MNLD    : process: sigrc_handler: ret = 0
04-23 21:34:04.622   784  4549 D MNLD    : mtk_gps_sys_gps_mnl_callback: MTK_GPS_MSG_FIX_READY,GET_RTC_FAIL
04-23 21:34:04.624   784  4549 D MNLD    : mtk_gps_sys_gps_mnl_callback: gps_measurement_state = 255 ,state = 2
04-23 21:34:04.826  4180  4410 I System.out: [CDS]EAGAIN in Recvfrom
04-23 21:34:04.826  4180  4410 I System.out: [CDS]read byte is 0
04-23 21:34:05.008  1951  2274 D InputReader: AP_PROF:AppLaunch_dispatchPtr:Down:1462902, ID:0, Index:-1431902320
04-23 21:34:05.009  1951  2274 I PerfService: PerfServiceNative_boostEnableAsync:3
04-23 21:34:05.010  1951  2273 D PowerManagerService: userActivityFromNative
04-23 21:34:05.010  1951  2273 D PowerManagerService: userActivityNoUpdateLocked: eventTime=1462902, event=2, flags=0x0, uid=1000
04-23 21:34:05.011  1951  2273 D PowerManagerNotifier: onUserActivity: event=2, uid=1000
04-23 21:34:05.012  9758  9758 V Evotor  : Report onUserInteraction
04-23 21:34:05.016  1951  2273 D PowerManagerService: updateUserActivitySummaryLocked: mWakefulness=Awake, mUserActivitySummary=0x1, nextTimeout=1515902 (in 52992 ms)
04-23 21:34:05.017  1951  2273 D DisplayPowerController: requestPowerState: policy=BRIGHT, useProximitySensor=false, screenBrightness=255, screenAutoBrightnessAdjustment=0.0, brightnessSetByUser=true, useAutoBrightness=false, blockScreenOn=false, lowPowerMode=false, boostScreenBrightness=false, dozeScreenBrightness=-1, dozeScreenState=UNKNOWN, waitForNegativeProximity=false
04-23 21:34:05.017  1951  2273 I PowerManagerService: setBrightness mButtonLight 0.
04-23 21:34:05.017  1951  2273 D PowerManagerService: updateDisplayPowerStateLocked: mDisplayReady=true, policy=3, mWakefulness=1, mWakeLockSummary=0x23, mUserActivitySummary=0x1, mBootCompleted=true, mScreenBrightnessBoostInProgress=false
04-23 21:34:05.018  1951  3157 V Evotor/StatsService: reportUserInteraction in ru.mars_groupe.sber_upos_example ru.mars_groupe.sber_upos_example.MainActivity at 1713897245014
04-23 21:34:05.028  1951  2296 I libPerfService: 3: set freq: 819000
04-23 21:34:05.029  1951  2296 I libPerfService: 3: set: 3
04-23 21:34:05.146  1951  2274 D InputReader: AP_PROF:AppLaunch_dispatchPtr:Up:1463040, ID:0, Index:-1431898928
04-23 21:34:05.146  1951  2274 I PerfService: PerfServiceNative_boostEnableTimeoutMsAsync:3, 100
04-23 21:34:05.168   257   432 I BufferQueueProducer: [ru.mars_groupe.sber_upos_example/ru.mars_groupe.sber_upos_example.MainActivity](this:0xb24cac00,id:94,api:1,p:9758,c:257) queueBuffer: fps=0.45 dur=2224.26 max=2224.26 min=2224.26
04-23 21:34:05.185   257   257 I SurfaceFlinger: [Built-in Screen (type:0)] fps:20.285540,dur:1232.40,max:770.99,min:16.05
04-23 21:34:05.232  2916  3137 V ProviderLeakDetecter: Cursor Open:194276052 Total Opened Cursor Count:1.
04-23 21:34:05.233  2916  3137 V ProviderLeakDetecter: Cursor Close:194276052 Total Opened Cursor Count:0.
04-23 21:34:05.247  1951  2296 D PerfServiceManager: [PerfService] MESSAGE_TIMEOUT:103 
04-23 21:34:05.247  1951  2296 I libPerfService: 3: set: 3
04-23 21:34:05.248  1951  2296 I libPerfService: 3: set freq: 819000
04-23 21:34:05.383  3760  3782 I PerfService: PerfServiceNative_getPackName
04-23 21:34:05.384  1951  3156 I libPerfService: perfGetLastBoostPid 9758
04-23 21:34:05.384  1951  3156 D PerfServiceManager: [PerfService] getLastBoostPid 9758 
04-23 21:34:05.384  1951  3156 I libPerfService: perfGetLastBoostPid 9758
04-23 21:34:05.605   784  4549 D mnl_linux: mtk_gps_sys_nmea_output_to_app: $GPGGA,183406.674,5540.4814,N,03745.5568,E,0,0,,-14.3,M,14.3,M,,*55
04-23 21:34:05.605   784  4549 D mnl_linux: $GPGSA,A,1,,,,,,,,,,,,,99.99,99.99,99.99*30
04-23 21:34:05.605   784  4549 D mnl_linux: $GPGSV,1,1,1,25,,,15.5*50
04-23 21:34:05.605   784  4549 D mnl_linux: $GPRMC,183406.674,V,5540.4814,N,03745.5568,E,0.000,0.00,070904,,,N*47
04-23 21:34:05.605   784  4549 D mnl_linux: $GPVTG,0.00,T,,M,0.000,N,0.000,K,N*32
04-23 21:34:05.605   784  4549 D mnl_linux: $GPACCURACY,3162.1*3F
04-23 21:34:05.605   784  4549 D MNLD    : send_cmd_ex: slf_send_cmd (9, 0x30)
04-23 21:34:05.605  1951  3251 D gps_mtk : gps_state_thread: line = 3911received 274 bytes:
04-23 21:34:05.605   784  4549 D MNLD    : mtk_gps_sys_gps_mnl_callback: MTK_GPS_MSG_FIX_READY,GET_RTC_FAIL
04-23 21:34:05.605   784  4549 D MNLD    : mtk_gps_sys_gps_mnl_callback: gps_measurement_state = 255 ,state = 2
04-23 21:34:05.605  1951  3251 D gps_mtk : nmea_reader_update_time: line = 1584fix_time: 1713897246
04-23 21:34:05.606  1951  3251 D gps_mtk : nmea_reader_addc: line = 2455start nmea_cb
04-23 21:34:05.606  1951  3251 D gps_mtk : nmea_reader_addc: line = 2455start nmea_cb
04-23 21:34:05.606  1951  3251 D gps_mtk : nmea_reader_parse: line = 2270r->sv_count = 1
04-23 21:34:05.606  1951  3251 D gps_mtk : nmea_reader_addc: line = 2455start nmea_cb
04-23 21:34:05.606  1951  3251 D gps_mtk : nmea_reader_addc: line = 2455start nmea_cb
04-23 21:34:05.606  1951  3251 D gps_mtk : nmea_reader_addc: line = 2455start nmea_cb
04-23 21:34:05.606  1951  3251 D gps_mtk : nmea_reader_parse: line = 2342GPS get accuracy failed, fix mode:1
04-23 21:34:05.606  1951  3251 D gps_mtk : nmea_reader_parse: line = 2406r->sv_status_gnss.num_svs = 1, gps_nmea_end_tag = 1
04-23 21:34:05.607  1951  3251 V MtkLocationExt: GNSS SV count: 1
04-23 21:34:05.607  1951  3251 V MtkLocationExt: sv: 25 snr: 1.55 elev: 0.0 azimuth: 0.0   
04-23 21:34:05.607  1951  3251 D gps_mtk : nmea_reader_addc: line = 2455start nmea_cb
04-23 21:34:05.607   784   784 D MNLD    : process: epoll_wait() received 1 events
04-23 21:34:05.607   784   784 D MNLD    : sigrcv_handler: args from mnld: 48
04-23 21:34:05.607   784   784 D MNLD    : mnl_set_alarm: (0, 0xB6A46018, 5)
04-23 21:34:05.607   784   784 D MNLD    : process: sigrc_handler: ret = 0
04-23 21:34:05.618  1951  1951 E WifiTrafficPoller: TRAFFIC_STATS_POLL true Token 50 num clients 10
04-23 21:34:05.618  1951  1951 E WifiTrafficPoller:  packet count Tx=164886 Rx=226761
04-23 21:34:05.667  1951  2296 D PerfServiceManager: [PerfService] MESSAGE_TIMEOUT:105 
04-23 21:34:05.668  1951  2296 I libPerfService: 5: set: 1
04-23 21:34:05.668  1951  2296 I libPerfService: 5: set freq: 0
04-23 21:34:05.668  1951  2296 D PerfServiceManager: [PerfService] set utilization:0.8 
04-23 21:34:05.768  1951  1951 D SettingsInterface:  from settings cache , name = sys_free_storage_log_interval , value = null
04-23 21:34:05.768  1951  1951 D SettingsInterface:  from settings cache , name = disk_free_change_reporting_threshold , value = null
04-23 21:34:05.809  1951  1951 D NotificationService: Timeout pkg=ru.mars_groupe.sber_upos_example callback=android.app.ITransientNotification$Stub$Proxy@bb1e8c5
04-23 21:34:05.809  9758  9772 D Surface : Surface::disconnect(this=0xaf3bd600,api=1)
04-23 21:34:05.810  9758  9772 D GraphicBuffer: unregister, handle(0xaf8045b0) (w:640 h:125 s:640 f:0x1 u:0x000f02)
04-23 21:34:05.810  1951  1951 D NotificationService: Show pkg=ru.mars_groupe.sber_upos_example callback=android.app.ITransientNotification$Stub$Proxy@5e16b7d
04-23 21:34:05.811   257   435 I BufferQueueProducer: [Toast](this:0xb24c4400,id:101,api:1,p:-1,c:257) disconnect(P): api 1
04-23 21:34:05.811   257   435 I BufferQueueConsumer: [Toast](this:0xb24c4400,id:101,api:1,p:-1,c:257) getReleasedBuffers: returning mask 0xffffffffffffffff
04-23 21:34:05.812  9758  9772 D Surface : Surface::disconnect(this=0xaf3bd600,api=1)
04-23 21:34:05.812   257  3633 I BufferQueueProducer: [Toast](this:0xb24c4400,id:101,api:1,p:-1,c:257) disconnect(P): api 1
04-23 21:34:05.813  9758  9758 D WindowClient: Add to mViews: android.widget.LinearLayout{322b91c V.E...... ......I. 0,0-0,0}, this = android.view.WindowManagerGlobal@e9bc8c7
04-23 21:34:05.814  9758  9772 D OpenGLRenderer: CanvasContext() 0xaab02000
04-23 21:34:05.815  9758  9758 D ViewRootImpl: hardware acceleration is enabled, this = ViewRoot{4e968bd Toast,ident = 8}
04-23 21:34:05.817  1951  1989 D AppOps  : startOperation: allowing code 45 uid 10074 package ru.mars_groupe.sber_upos_example
04-23 21:34:05.817  1951  1989 D WindowManager: addWindowToListInOrderLocked: win=Window{b501f9c u0 Toast} Callers=com.android.server.wm.WindowManagerService.addWindow:2771 com.android.server.wm.Session.addToDisplay:171 android.view.IWindowSession$Stub.onTransact:124 com.android.server.wm.Session.onTransact:133 
04-23 21:34:05.817  1951  1989 V WindowManager: Free window: Adding window Window{b501f9c u0 Toast} at 6 of 9
04-23 21:34:05.820  1951  3344 V WindowManager: Looking for focus: 8 = Window{7f2dc7b u0 StatusBar}, flags=-2122055608, canReceive=false
04-23 21:34:05.820  1951  3344 V WindowManager: findFocusedWindow: Found new focus @ 3 = Window{4c70f0c u0 ru.mars_groupe.sber_upos_example/ru.mars_groupe.sber_upos_example.MainActivity}
04-23 21:34:05.823  9758  9758 D WindowClient: Remove from mViews: android.widget.LinearLayout{44a3bd8 V.E...... ........ 0,0-640,125}, this = android.view.WindowManagerGlobal@e9bc8c7
04-23 21:34:05.826   257   257 I BufferQueue: [unnamed-257-102](this:0xb490b400,id:102,api:0,p:-1,c:-1) BufferQueue core=(257:/system/bin/surfaceflinger)
04-23 21:34:05.826   257   257 D BufferQueueDump: [unnamed-257-102] this:0xb24e18c0, value:0xbe94f650, iLen:6
04-23 21:34:05.826   257   257 I BufferQueueConsumer: [unnamed-257-102](this:0xb490b400,id:102,api:0,p:-1,c:257) connect(C): consumer=(257:/system/bin/surfaceflinger) controlledByApp=false
04-23 21:34:05.826   257   257 D BufferQueueDump: [unnamed-257-102] this:0xb24e18c0, value:0xbe94f670, iLen:6
04-23 21:34:05.826   257   257 I BufferQueueConsumer: [unnamed-257-102](this:0xb490b400,id:102,api:0,p:-1,c:257) setConsumerName: unnamed-257-102
04-23 21:34:05.827   257   257 D BufferQueueDump: [Toast] this:0xb24e18c0, value:0xbe94f6c8, iLen:6
04-23 21:34:05.827   257   257 I BufferQueueConsumer: [Toast](this:0xb490b400,id:102,api:0,p:-1,c:257) setConsumerName: Toast
04-23 21:34:05.827   257   257 I BufferQueueConsumer: [Toast](this:0xb490b400,id:102,api:0,p:-1,c:257) setDefaultBufferSize: width=1 height=1
04-23 21:34:05.828  1951  3155 V WindowManager: Looking for focus: 8 = Window{7f2dc7b u0 StatusBar}, flags=-2122055608, canReceive=false
04-23 21:34:05.828  1951  3155 V WindowManager: findFocusedWindow: Found new focus @ 3 = Window{4c70f0c u0 ru.mars_groupe.sber_upos_example/ru.mars_groupe.sber_upos_example.MainActivity}
04-23 21:34:05.840   257   257 I BufferQueueConsumer: [Toast](this:0xb490b400,id:102,api:0,p:-1,c:257) setDefaultBufferSize: width=456 height=88
04-23 21:34:05.845  9758  9758 D Surface : Surface::allocateBuffers(this=0xaf3bd600)
04-23 21:34:05.846  9758  9772 D OpenGLRenderer: CanvasContext() 0xaab02000 initialize window=0xaf3bd608, title=Toast
04-23 21:34:05.846  9758  9772 D Surface : Surface::connect(this=0xaf3bd600,api=1)
04-23 21:34:05.847   257  3633 D BufferQueueProducer: [](this:0xb490b400,id:102,api:0,p:-1,c:257) allocateBuffers: allocating from 0 buffers up to 3 buffers
04-23 21:34:05.847   257  3633 I [MALI][Gralloc]: usage: 0x900, format: 1 stride: 464 vertical_stride: 88 size: 163328
04-23 21:34:05.847   257  3633 D GraphicBuffer: alloc, handle(0xb61dd3e0) (w:456 h:88 s:464 f:0x1 u:0x000900) err(0)
04-23 21:34:05.847   257  3633 I [MALI][Gralloc]: usage: 0x900, format: 1 stride: 464 vertical_stride: 88 size: 163328
04-23 21:34:05.848   257  3633 D GraphicBuffer: alloc, handle(0xb61dd440) (w:456 h:88 s:464 f:0x1 u:0x000900) err(0)
04-23 21:34:05.848   257  3633 I [MALI][Gralloc]: usage: 0x900, format: 1 stride: 464 vertical_stride: 88 size: 163328
04-23 21:34:05.848   257  3633 D GraphicBuffer: alloc, handle(0xb61dc960) (w:456 h:88 s:464 f:0x1 u:0x000900) err(0)
04-23 21:34:05.848   257  3633 D BufferQueueProducer: [](this:0xb490b400,id:102,api:0,p:-1,c:257) allocateBuffers: allocating from 3 buffers up to 3 buffers
04-23 21:34:05.848   257  1527 I BufferQueueProducer: [Toast](this:0xb490b400,id:102,api:1,p:9758,c:257) connect(P): api=1 producer=(9758:ru.mars_groupe.sber_upos_example) producerControlledByApp=true
04-23 21:34:05.849  9758  9772 W libEGL  : [ANDROID_RECORDABLE] format: 1
04-23 21:34:05.849  9758  9772 D Surface : Surface::setBufferCount(this=0xaf3bd600,bufferCount=4)
04-23 21:34:05.850   257  6327 I BufferQueueProducer: [Toast](this:0xb490b400,id:102,api:1,p:9758,c:257) setBufferCount: count = 4
04-23 21:34:05.850   257  6327 D GraphicBuffer: free, handle(0xb61dd3e0) (w:456 h:88 s:464 f:0x1 u:0x000900)
04-23 21:34:05.850   257  6327 D GraphicBuffer: free, handle(0xb61dd440) (w:456 h:88 s:464 f:0x1 u:0x000900)
04-23 21:34:05.850   257  6327 D GraphicBuffer: free, handle(0xb61dc960) (w:456 h:88 s:464 f:0x1 u:0x000900)
04-23 21:34:05.851   257  6327 I BufferQueueConsumer: [Toast](this:0xb490b400,id:102,api:1,p:9758,c:257) getReleasedBuffers: returning mask 0xffffffffffffffff
04-23 21:34:05.851   257  1527 I BufferQueueProducer: [Toast](this:0xb490b400,id:102,api:1,p:9758,c:257) new GraphicBuffer needed
04-23 21:34:05.851   257  1527 I [MALI][Gralloc]: usage: 0xf02, format: 1 stride: 464 vertical_stride: 88 size: 163328
04-23 21:34:05.852   257  1527 D GraphicBuffer: alloc, handle(0xb61dcfc0) (w:456 h:88 s:464 f:0x1 u:0x000f02) err(0)
04-23 21:34:05.853  9758  9772 D GraphicBuffer: register, handle(0xaf8045b0) (w:456 h:88 s:464 f:0x1 u:0x000f02)
04-23 21:34:05.863  9758  9772 D OpenGLRenderer: CacheTexture 2 upload: x, y, width height = 0, 168, 1024, 25
04-23 21:34:05.901   257   257 I BufferQueueProducer: [FrameBufferSurface_0](this:0xb491d000,id:0,api:1,p:257,c:257) queueBuffer: fps=12.95 dur=2007.17 max=1522.59 min=17.20
04-23 21:34:06.095  1951  3159 D BatteryService: Processing new values: chargerAcOnline=false, chargerUsbOnline=true, chargerWirelessOnline=false, batteryStatus=5, batteryHealth=2, batteryPresent=true, batteryLevel=100, batteryTechnology=Li-ion, batteryVoltage=4204, batteryTemperature=250, mBatteryLevelCritical=false, mPlugType=2
04-23 21:34:06.098  1951  3341 D BatteryService: Processing new values: chargerAcOnline=false, chargerUsbOnline=true, chargerWirelessOnline=false, batteryStatus=5, batteryHealth=2, batteryPresent=true, batteryLevel=100, batteryTechnology=Li-ion, batteryVoltage=4204, batteryTemperature=250, mBatteryLevelCritical=false, mPlugType=2
04-23 21:34:06.102  9758  9765 I art     : Debugger is no longer active
04-23 21:34:06.104  1951  3156 D BatteryService: Processing new values: chargerAcOnline=false, chargerUsbOnline=true, chargerWirelessOnline=false, batteryStatus=5, batteryHealth=2, batteryPresent=true, batteryLevel=100, batteryTechnology=Li-ion, batteryVoltage=4204, batteryTemperature=250, mBatteryLevelCritical=false, mPlugType=2
04-23 21:34:06.107  1951  3079 D BatteryService: Processing new values: chargerAcOnline=false, chargerUsbOnline=true, chargerWirelessOnline=false, batteryStatus=5, batteryHealth=2, batteryPresent=true, batteryLevel=100, batteryTechnology=Li-ion, batteryVoltage=4204, batteryTemperature=250, mBatteryLevelCritical=false, mPlugType=2
04-23 21:34:06.193   257   257 I SurfaceFlinger: [Built-in Screen (type:0)] fps:18.847469,dur:1008.09,max:656.58,min:17.09
04-23 21:34:06.244  2916  3137 V ProviderLeakDetecter: Cursor Open:179717245 Total Opened Cursor Count:1.
04-23 21:34:06.246  2916  3137 V ProviderLeakDetecter: Cursor Close:179717245 Total Opened Cursor Count:0.
04-23 21:34:06.326  4180  4410 I System.out: [CDS]EAGAIN in Recvfrom
04-23 21:34:06.326  4180  4410 I System.out: [CDS]read byte is 0
04-23 21:34:06.383   257   257 I BufferQueueConsumer: [Toast](this:0xb24c4400,id:101,api:1,p:-1,c:-1) disconnect(C)
04-23 21:34:06.384   257   257 D GraphicBuffer: free, handle(0xb61dd020) (w:640 h:125 s:640 f:0x1 u:0x000f02)
04-23 21:34:06.384   257   257 I BufferQueue: [Toast](this:0xb24c4400,id:101,api:1,p:-1,c:-1) ~BufferQueueCore
04-23 21:34:06.385  3760  3782 I PerfService: PerfServiceNative_getPackName
04-23 21:34:06.386  1951  3155 I libPerfService: perfGetLastBoostPid 9758
04-23 21:34:06.386  1951  3155 D PerfServiceManager: [PerfService] getLastBoostPid 9758 
04-23 21:34:06.386  1951  3155 I libPerfService: perfGetLastBoostPid 9758
