04-23 21:33:55.607  1951  3251 V MtkLocationExt: sv: 25 snr: 1.58 elev: 0.0 azimuth: 0.0   
04-23 21:33:55.607  1951  3251 D gps_mtk : nmea_reader_addc: line = 2455start nmea_cb
04-23 21:33:55.607   784   784 D MNLD    : process: epoll_wait() received 1 events
04-23 21:33:55.607   784   784 D MNLD    : sigrcv_handler: args from mnld: 48
04-23 21:33:55.607   784   784 D MNLD    : mnl_set_alarm: (0, 0xB6A46018, 5)
04-23 21:33:55.607   784   784 D MNLD    : process: sigrc_handler: ret = 0
04-23 21:33:55.799  1951  1951 D NotificationService: Timeout pkg=ru.mars_groupe.sber_upos_example callback=android.app.ITransientNotification$Stub$Proxy@37ecc2
04-23 21:33:55.800  9758  9772 D Surface : Surface::disconnect(this=0xaf3be400,api=1)
04-23 21:33:55.800  9758  9772 D GraphicBuffer: unregister, handle(0xaf8045b0) (w:332 h:88 s:336 f:0x1 u:0x000f02)
04-23 21:33:55.801  1951  1951 D NotificationService: Show pkg=ru.mars_groupe.sber_upos_example callback=android.app.ITransientNotification$Stub$Proxy@1ff1ad3
04-23 21:33:55.802   257  3633 I BufferQueueProducer: [Toast](this:0xb4792800,id:96,api:1,p:-1,c:257) disconnect(P): api 1
04-23 21:33:55.803   257  3633 I BufferQueueConsumer: [Toast](this:0xb4792800,id:96,api:1,p:-1,c:257) getReleasedBuffers: returning mask 0xffffffffffffffff
04-23 21:33:55.803  9758  9772 D Surface : Surface::disconnect(this=0xaf3be400,api=1)
04-23 21:33:55.803   257  1527 I BufferQueueProducer: [Toast](this:0xb4792800,id:96,api:1,p:-1,c:257) disconnect(P): api 1
04-23 21:33:55.805  9758  9758 D WindowClient: Add to mViews: android.widget.LinearLayout{596ff2 V.E...... ......I. 0,0-0,0}, this = android.view.WindowManagerGlobal@e9bc8c7
04-23 21:33:55.810  9758  9772 D OpenGLRenderer: CanvasContext() 0xaab05800
04-23 21:33:55.811  9758  9758 D ViewRootImpl: hardware acceleration is enabled, this = ViewRoot{177cf52 Toast,ident = 3}
04-23 21:33:55.813  1951  1973 D AppOps  : startOperation: allowing code 45 uid 10074 package ru.mars_groupe.sber_upos_example
04-23 21:33:55.814  1951  1973 D WindowManager: addWindowToListInOrderLocked: win=Window{c54241f u0 Toast} Callers=com.android.server.wm.WindowManagerService.addWindow:2771 com.android.server.wm.Session.addToDisplay:171 android.view.IWindowSession$Stub.onTransact:124 com.android.server.wm.Session.onTransact:133 
04-23 21:33:55.814  1951  1973 V WindowManager: Free window: Adding window Window{c54241f u0 Toast} at 6 of 9
04-23 21:33:55.821   257   257 I BufferQueue: [unnamed-257-97](this:0xb24e6000,id:97,api:0,p:-1,c:-1) BufferQueue core=(257:/system/bin/surfaceflinger)
04-23 21:33:55.821   257   257 D BufferQueueDump: [unnamed-257-97] this:0xb24e1140, value:0xbe94f650, iLen:6
04-23 21:33:55.821   257   257 I BufferQueueConsumer: [unnamed-257-97](this:0xb24e6000,id:97,api:0,p:-1,c:257) connect(C): consumer=(257:/system/bin/surfaceflinger) controlledByApp=false
04-23 21:33:55.821   257   257 D BufferQueueDump: [unnamed-257-97] this:0xb24e1140, value:0xbe94f670, iLen:6
04-23 21:33:55.822   257   257 I BufferQueueConsumer: [unnamed-257-97](this:0xb24e6000,id:97,api:0,p:-1,c:257) setConsumerName: unnamed-257-97
04-23 21:33:55.822   257   257 D BufferQueueDump: [Toast] this:0xb24e1140, value:0xbe94f6c8, iLen:6
04-23 21:33:55.822   257   257 I BufferQueueConsumer: [Toast](this:0xb24e6000,id:97,api:0,p:-1,c:257) setConsumerName: Toast
04-23 21:33:55.822   257   257 I BufferQueueConsumer: [Toast](this:0xb24e6000,id:97,api:0,p:-1,c:257) setDefaultBufferSize: width=1 height=1
04-23 21:33:55.824  1951  3156 V WindowManager: Looking for focus: 8 = Window{7f2dc7b u0 StatusBar}, flags=-2122055608, canReceive=false
04-23 21:33:55.825  1951  3156 V WindowManager: findFocusedWindow: Found new focus @ 3 = Window{4c70f0c u0 ru.mars_groupe.sber_upos_example/ru.mars_groupe.sber_upos_example.MainActivity}
04-23 21:33:55.828  7562  9817 E ru.sberbank.uposnative_UPOS_JNI: Data read error: -7, errno: 11, read 0 bytes, buffer size 1024 (1088)
04-23 21:33:55.828  7562  9817 I ru.sberbank.uposnative_UPOS_JNI: write data len: 31
04-23 21:33:55.829  7562  9817 D ru.sberbank.uposnative_UPOS_JNI: write bytes: 31
04-23 21:33:55.837  7562  9817 I ru.sberbank.uposnative_UPOS_JNI: write data len: 1
04-23 21:33:55.837  7562  9817 D ru.sberbank.uposnative_UPOS_JNI: write bytes: 1
04-23 21:33:55.841   257   257 I BufferQueueConsumer: [Toast](this:0xb24e6000,id:97,api:0,p:-1,c:257) setDefaultBufferSize: width=640 height=125
04-23 21:33:55.850  9758  9772 D OpenGLRenderer: CanvasContext() 0xaab05800 initialize window=0xaf3bd608, title=Toast
04-23 21:33:55.850  9758  9758 D Surface : Surface::allocateBuffers(this=0xaf3bd600)
04-23 21:33:55.850  9758  9772 D Surface : Surface::connect(this=0xaf3bd600,api=1)
04-23 21:33:55.851   257   435 D BufferQueueProducer: [](this:0xb24e6000,id:97,api:0,p:-1,c:257) allocateBuffers: allocating from 0 buffers up to 3 buffers
04-23 21:33:55.851   257   435 I [MALI][Gralloc]: usage: 0x900, format: 1 stride: 640 vertical_stride: 125 size: 320000
04-23 21:33:55.851   257   432 I BufferQueueProducer: [Toast](this:0xb24e6000,id:97,api:1,p:9758,c:257) connect(P): api=1 producer=(9758:ru.mars_groupe.sber_upos_example) producerControlledByApp=true
04-23 21:33:55.851   257   435 D GraphicBuffer: alloc, handle(0xb61dc960) (w:640 h:125 s:640 f:0x1 u:0x000900) err(0)
04-23 21:33:55.851   257   435 I [MALI][Gralloc]: usage: 0x900, format: 1 stride: 640 vertical_stride: 125 size: 320000
04-23 21:33:55.851  9758  9772 W libEGL  : [ANDROID_RECORDABLE] format: 1
04-23 21:33:55.852   257   435 D GraphicBuffer: alloc, handle(0xb61dc9c0) (w:640 h:125 s:640 f:0x1 u:0x000900) err(0)
04-23 21:33:55.852   257   435 I [MALI][Gralloc]: usage: 0x900, format: 1 stride: 640 vertical_stride: 125 size: 320000
04-23 21:33:55.852   257   435 D GraphicBuffer: alloc, handle(0xb61dca20) (w:640 h:125 s:640 f:0x1 u:0x000900) err(0)
04-23 21:33:55.852   257   435 D BufferQueueProducer: [Toast](this:0xb24e6000,id:97,api:1,p:9758,c:257) allocateBuffers: allocating from 3 buffers up to 3 buffers
04-23 21:33:55.853  9758  9772 D Surface : Surface::setBufferCount(this=0xaf3bd600,bufferCount=4)
04-23 21:33:55.853   257   435 I BufferQueueProducer: [Toast](this:0xb24e6000,id:97,api:1,p:9758,c:257) setBufferCount: count = 4
04-23 21:33:55.854   257   435 D GraphicBuffer: free, handle(0xb61dc960) (w:640 h:125 s:640 f:0x1 u:0x000900)
04-23 21:33:55.854   257   435 D GraphicBuffer: free, handle(0xb61dc9c0) (w:640 h:125 s:640 f:0x1 u:0x000900)
04-23 21:33:55.854   257   435 D GraphicBuffer: free, handle(0xb61dca20) (w:640 h:125 s:640 f:0x1 u:0x000900)
04-23 21:33:55.855   257   435 I BufferQueueConsumer: [Toast](this:0xb24e6000,id:97,api:1,p:9758,c:257) getReleasedBuffers: returning mask 0xffffffffffffffff
04-23 21:33:55.855   257  6327 I BufferQueueProducer: [Toast](this:0xb24e6000,id:97,api:1,p:9758,c:257) new GraphicBuffer needed
04-23 21:33:55.855   257  6327 I [MALI][Gralloc]: usage: 0xf02, format: 1 stride: 640 vertical_stride: 125 size: 320000
04-23 21:33:55.856   257  6327 D GraphicBuffer: alloc, handle(0xb5e937e0) (w:640 h:125 s:640 f:0x1 u:0x000f02) err(0)
04-23 21:33:55.856  7562  9817 I ru.sberbank.uposnative_UPOS_JNI: write data len: 39
04-23 21:33:55.857  7562  9817 D ru.sberbank.uposnative_UPOS_JNI: write bytes: 39
04-23 21:33:55.858  9758  9772 D GraphicBuffer: register, handle(0xaf8045b0) (w:640 h:125 s:640 f:0x1 u:0x000f02)
04-23 21:33:55.862  1951  1989 V WindowManager: Looking for focus: 8 = Window{7f2dc7b u0 StatusBar}, flags=-2122055608, canReceive=false
04-23 21:33:55.862  1951  1989 V WindowManager: findFocusedWindow: Found new focus @ 3 = Window{4c70f0c u0 ru.mars_groupe.sber_upos_example/ru.mars_groupe.sber_upos_example.MainActivity}
04-23 21:33:55.865  9758  9758 D WindowClient: Remove from mViews: android.widget.LinearLayout{8415754 V.E...... ........ 0,0-332,88}, this = android.view.WindowManagerGlobal@e9bc8c7
04-23 21:33:55.874  9758  9772 D OpenGLRenderer: CacheTexture 2 upload: x, y, width height = 0, 90, 1024, 412
04-23 21:33:55.922   257   257 I BufferQueueProducer: [FrameBufferSurface_0](this:0xb491d000,id:0,api:1,p:257,c:257) queueBuffer: fps=12.32 dur=2028.91 max=1562.03 min=16.00
04-23 21:33:56.064  2916  3137 V ProviderLeakDetecter: Cursor Open:239493679 Total Opened Cursor Count:1.
04-23 21:33:56.066  2916  3137 V ProviderLeakDetecter: Cursor Close:239493679 Total Opened Cursor Count:0.
04-23 21:33:56.104  1951  1973 D BatteryService: Processing new values: chargerAcOnline=false, chargerUsbOnline=true, chargerWirelessOnline=false, batteryStatus=5, batteryHealth=2, batteryPresent=true, batteryLevel=100, batteryTechnology=Li-ion, batteryVoltage=4204, batteryTemperature=250, mBatteryLevelCritical=false, mPlugType=2
04-23 21:33:56.105  1951  3156 D BatteryService: Processing new values: chargerAcOnline=false, chargerUsbOnline=true, chargerWirelessOnline=false, batteryStatus=5, batteryHealth=2, batteryPresent=true, batteryLevel=100, batteryTechnology=Li-ion, batteryVoltage=4204, batteryTemperature=250, mBatteryLevelCritical=false, mPlugType=2
04-23 21:33:56.107  1951  3079 D BatteryService: Processing new values: chargerAcOnline=false, chargerUsbOnline=true, chargerWirelessOnline=false, batteryStatus=5, batteryHealth=2, batteryPresent=true, batteryLevel=100, batteryTechnology=Li-ion, batteryVoltage=4204, batteryTemperature=250, mBatteryLevelCritical=false, mPlugType=2
04-23 21:33:56.108  1951  1989 D BatteryService: Processing new values: chargerAcOnline=false, chargerUsbOnline=true, chargerWirelessOnline=false, batteryStatus=5, batteryHealth=2, batteryPresent=true, batteryLevel=100, batteryTechnology=Li-ion, batteryVoltage=4204, batteryTemperature=250, mBatteryLevelCritical=false, mPlugType=2
04-23 21:33:56.333  3760  3782 I PerfService: PerfServiceNative_getPackName
04-23 21:33:56.333  1951  2390 I libPerfService: perfGetLastBoostPid 9758
04-23 21:33:56.333  1951  2390 D PerfServiceManager: [PerfService] getLastBoostPid 9758 
04-23 21:33:56.333  1951  2390 I libPerfService: perfGetLastBoostPid 9758
04-23 21:33:56.346   257   257 I SurfaceFlinger: [Built-in Screen (type:0)] fps:51.650410,dur:1006.77,max:20.96,min:18.21
04-23 21:33:56.363  7562  9817 E ru.sberbank.uposnative_UPOS_JNI: Data read error: -7, errno: 11, read 0 bytes, buffer size 1664 (1728)
04-23 21:33:56.401   257   257 I BufferQueueConsumer: [Toast](this:0xb4792800,id:96,api:1,p:-1,c:-1) disconnect(C)
04-23 21:33:56.402   257   257 D GraphicBuffer: free, handle(0xb5e93840) (w:332 h:88 s:336 f:0x1 u:0x000f02)
04-23 21:33:56.402   257   257 I BufferQueue: [Toast](this:0xb4792800,id:96,api:1,p:-1,c:-1) ~BufferQueueCore
04-23 21:33:56.595  1951  1951 E WifiTrafficPoller: TRAFFIC_STATS_POLL true Token 50 num clients 10
04-23 21:33:56.596  1951  1951 E WifiTrafficPoller:  packet count Tx=164334 Rx=226284
04-23 21:33:56.605   784  4549 D mnl_linux: mtk_gps_sys_nmea_output_to_app: $GPGGA,183357.674,5540.4814,N,03745.5568,E,0,0,,-14.3,M,14.3,M,,*56
04-23 21:33:56.605   784  4549 D mnl_linux: $GPGSA,A,1,,,,,,,,,,,,,99.99,99.99,99.99*30
04-23 21:33:56.605   784  4549 D mnl_linux: $GPGSV,1,1,1,25,,,13.0*53
04-23 21:33:56.605   784  4549 D mnl_linux: $GPRMC,183357.674,V,5540.4814,N,03745.5568,E,0.000,0.00,070904,,,N*44
04-23 21:33:56.605   784  4549 D mnl_linux: $GPVTG,0.00,T,,M,0.000,N,0.000,K,N*32
04-23 21:33:56.605   784  4549 D mnl_linux: $GPACCURACY,3162.1*3F
04-23 21:33:56.605  1951  3251 D gps_mtk : gps_state_thread: line = 3911received 274 bytes:
04-23 21:33:56.606   784  4549 D MNLD    : send_cmd_ex: slf_send_cmd (9, 0x30)
04-23 21:33:56.606   784  4549 D MNLD    : mtk_gps_sys_gps_mnl_callback: MTK_GPS_MSG_FIX_READY,GET_RTC_FAIL
04-23 21:33:56.606  1951  3251 D gps_mtk : nmea_reader_update_time: line = 1584fix_time: 1713897237
04-23 21:33:56.606  1951  3251 D gps_mtk : nmea_reader_addc: line = 2455start nmea_cb
04-23 21:33:56.606   784  4549 D MNLD    : mtk_gps_sys_gps_mnl_callback: gps_measurement_state = 255 ,state = 2
04-23 21:33:56.606  1951  3251 D gps_mtk : nmea_reader_addc: line = 2455start nmea_cb
04-23 21:33:56.606  1951  3251 D gps_mtk : nmea_reader_parse: line = 2270r->sv_count = 1
04-23 21:33:56.606  1951  3251 D gps_mtk : nmea_reader_addc: line = 2455start nmea_cb
04-23 21:33:56.606  1951  3251 D gps_mtk : nmea_reader_addc: line = 2455start nmea_cb
04-23 21:33:56.606  1951  3251 D gps_mtk : nmea_reader_addc: line = 2455start nmea_cb
04-23 21:33:56.607  1951  3251 D gps_mtk : nmea_reader_parse: line = 2342GPS get accuracy failed, fix mode:1
04-23 21:33:56.607  1951  3251 D gps_mtk : nmea_reader_parse: line = 2406r->sv_status_gnss.num_svs = 1, gps_nmea_end_tag = 1
04-23 21:33:56.607  1951  3251 V MtkLocationExt: GNSS SV count: 1
04-23 21:33:56.607  1951  3251 V MtkLocationExt: sv: 25 snr: 1.3 elev: 0.0 azimuth: 0.0   
04-23 21:33:56.607  1951  3251 D gps_mtk : nmea_reader_addc: line = 2455start nmea_cb
04-23 21:33:56.607   784   784 D MNLD    : process: epoll_wait() received 1 events
04-23 21:33:56.607   784   784 D MNLD    : sigrcv_handler: args from mnld: 48
04-23 21:33:56.607   784   784 D MNLD    : mnl_set_alarm: (0, 0xB6A46018, 5)
04-23 21:33:56.607   784   784 D MNLD    : process: sigrc_handler: ret = 0
04-23 21:33:56.636  1951  2296 D PerfServiceManager: [PerfService] MESSAGE_TIMEOUT:105 
04-23 21:33:56.636  1951  2296 I libPerfService: 5: set: 1
04-23 21:33:56.636  1951  2296 I libPerfService: 5: set freq: 0
04-23 21:33:56.637  1951  2296 D PerfServiceManager: [PerfService] set utilization:0.8 
04-23 21:33:56.672  3258  3258 D SettingsInterface:  from settings cache , name = multi_sim_voice_call , value = null
04-23 21:33:56.675  1951  3159 V ActivityManager: Broadcast sticky: Intent { act=android.intent.action.SIG_STR flg=0x20000010 (has extras) } ordered=false userid=-1 callerApp=ProcessRecord{aed79c9 1951:system/1000}
04-23 21:33:56.826  4180  4410 I System.out: [CDS]EAGAIN in Recvfrom
04-23 21:33:56.826  4180  4410 I System.out: [CDS]read byte is 0
04-23 21:33:56.864  7562  9817 E ru.sberbank.uposnative_UPOS_JNI: Data read error: -7, errno: 11, read 0 bytes, buffer size 1664 (1728)
04-23 21:33:56.901   793   793 I thermal_repeater: select timeout
04-23 21:33:57.083  2916  3137 V ProviderLeakDetecter: Cursor Open:87838780 Total Opened Cursor Count:1.
04-23 21:33:57.084  2916  3137 V ProviderLeakDetecter: Cursor Close:87838780 Total Opened Cursor Count:0.
04-23 21:33:57.266  3288  9516 V FA      : Inactivity, disconnecting from the service
04-23 21:33:57.268  3288  3288 V FA      : onUnbind called for intent. action: com.google.android.gms.measurement.START
04-23 21:33:57.269  3288  3288 D ActivityThread: SVC-UNBIND_SERVICE handled : 0 / BindServiceData{token=android.os.BinderProxy@be5c63c intent=Intent { act=com.google.android.gms.measurement.START cmp=ru.evotor.launcher/com.google.android.gms.measurement.AppMeasurementService }}
04-23 21:33:57.269  3288  3288 D ActivityThread: SVC-Destroying service: com.google.android.gms.measurement.AppMeasurementService@1a3dfc5
04-23 21:33:57.269  3288  3288 V FA      : Local AppMeasurementService is shutting down
04-23 21:33:57.270  3288  3288 D ActivityThread: SVC-STOP_SERVICE handled : 0 / android.os.BinderProxy@be5c63c
04-23 21:33:57.334  3760  3782 I PerfService: PerfServiceNative_getPackName
04-23 21:33:57.334  1951  3157 I libPerfService: perfGetLastBoostPid 9758
04-23 21:33:57.335  1951  3157 D PerfServiceManager: [PerfService] getLastBoostPid 9758 
04-23 21:33:57.335  1951  3157 I libPerfService: perfGetLastBoostPid 9758
04-23 21:33:57.365  7562  9817 E ru.sberbank.uposnative_UPOS_JNI: Data read error: -7, errno: 11, read 0 bytes, buffer size 1664 (1728)
04-23 21:33:57.596  1951  1951 E WifiTrafficPoller: TRAFFIC_STATS_POLL true Token 50 num clients 10
04-23 21:33:57.598  1951  1951 E WifiTrafficPoller:  packet count Tx=164384 Rx=226326
04-23 21:33:57.607  1951  3251 D gps_mtk : gps_state_thread: line = 3911received 274 bytes:
04-23 21:33:57.607  1951  3251 D gps_mtk : nmea_reader_update_time: line = 1584fix_time: 1713897238
04-23 21:33:57.607  1951  3251 D gps_mtk : nmea_reader_addc: line = 2455start nmea_cb
04-23 21:33:57.607  1951  3251 D gps_mtk : nmea_reader_addc: line = 2455start nmea_cb
04-23 21:33:57.608  1951  3251 D gps_mtk : nmea_reader_parse: line = 2270r->sv_count = 1
04-23 21:33:57.608  1951  3251 D gps_mtk : nmea_reader_addc: line = 2455start nmea_cb
04-23 21:33:57.608  1951  3251 D gps_mtk : nmea_reader_addc: line = 2455start nmea_cb
04-23 21:33:57.608  1951  3251 D gps_mtk : nmea_reader_addc: line = 2455start nmea_cb
04-23 21:33:57.608  1951  3251 D gps_mtk : nmea_reader_parse: line = 2342GPS get accuracy failed, fix mode:1
04-23 21:33:57.608  1951  3251 D gps_mtk : nmea_reader_parse: line = 2406r->sv_status_gnss.num_svs = 1, gps_nmea_end_tag = 1
04-23 21:33:57.608  1951  3251 V MtkLocationExt: GNSS SV count: 1
04-23 21:33:57.608  1951  3251 V MtkLocationExt: sv: 25 snr: 1.6299999 elev: 0.0 azimuth: 0.0   
04-23 21:33:57.609  1951  3251 D gps_mtk : nmea_reader_addc: line = 2455start nmea_cb
04-23 21:33:57.615   784  4549 D mnl_linux: mtk_gps_sys_nmea_output_to_app: $GPGGA,183358.674,5540.4814,N,03745.5568,E,0,0,,-14.3,M,14.3,M,,*59
04-23 21:33:57.615   784  4549 D mnl_linux: $GPGSA,A,1,,,,,,,,,,,,,99.99,99.99,99.99*30
04-23 21:33:57.615   784  4549 D mnl_linux: $GPGSV,1,1,1,25,,,16.3*55
04-23 21:33:57.615   784  4549 D mnl_linux: $GPRMC,183358.674,V,5540.4814,N,03745.5568,E,0.000,0.00,070904,,,N*4B
04-23 21:33:57.615   784  4549 D mnl_linux: $GPVTG,0.00,T,,M,0.000,N,0.000,K,N*32
04-23 21:33:57.615   784  4549 D mnl_linux: $GPACCURACY,3162.1*3F
04-23 21:33:57.616   784  4549 D MNLD    : send_cmd_ex: slf_send_cmd (9, 0x30)
04-23 21:33:57.616   784   784 D MNLD    : process: epoll_wait() received 1 events
04-23 21:33:57.616   784   784 D MNLD    : sigrcv_handler: args from mnld: 48
04-23 21:33:57.616   784   784 D MNLD    : mnl_set_alarm: (0, 0xB6A46018, 5)
04-23 21:33:57.616   784   784 D MNLD    : process: sigrc_handler: ret = 0
04-23 21:33:57.619   784  4549 D MNLD    : mtk_gps_sys_gps_mnl_callback: MTK_GPS_MSG_FIX_READY,GET_RTC_FAIL
04-23 21:33:57.620   784  4549 D MNLD    : mtk_gps_sys_gps_mnl_callback: gps_measurement_state = 255 ,state = 2
04-23 21:33:57.758  1951  2282 D WifiStateMachine:  ConnectedState (when=-4ms what=131155 arg1=25!CMD_RSSI_POLL  rt=1455651/1455651 25 0 "RT-WiFi-1FD8" 10:a3:b8:3a:1f:d9 rssi=-64 f=2432 sc=60 link=39 tx=237,3, 0,0, 0,0  rx=208,9 bcn=0 [on:0 tx:0 rx:0 period:2998] from screen [on:0 period:205286654] gl hn rssi=-59 ag=0 hr ticks 0,0,0 ls-=0 [56,56,60,60,65] brc=0 lrc=0 offload-stopped
04-23 21:33:57.759  1951  2282 D WifiStateMachine:  L2ConnectedState (when=-6ms what=131155 arg1=25!CMD_RSSI_POLL  rt=1455653/1455653 25 0 "RT-WiFi-1FD8" 10:a3:b8:3a:1f:d9 rssi=-64 f=2432 sc=60 link=39 tx=237,3, 0,0, 0,0  rx=208,9 bcn=0 [on:0 tx:0 rx:0 period:1] from screen [on:0 period:205286655] gl hn rssi=-59 ag=0 hr ticks 0,0,0 ls-=0 [56,56,60,60,65] brc=0 lrc=0 offload-stopped
04-23 21:33:57.760  1951  2282 D WifiStateMachine:  get link layer stats 0
04-23 21:33:57.761  1951  2282 D WifiHW  : enter -->wifi_send_command cmd=IFNAME=wlan0 SIGNAL_POLL
04-23 21:33:57.761  3024  3024 D wpa_supplicant: wlan0: Control interface command 'SIGNAL_POLL'
04-23 21:33:57.766  1951  2282 D WifiHW  : leave --> reply=RSSI=-63
04-23 21:33:57.766  1951  2282 D WifiHW  : LINKSPEED=52
04-23 21:33:57.766  1951  2282 D WifiHW  : NOISE=9999
04-23 21:33:57.766  1951  2282 D WifiHW  : FREQUENCY=2432
04-23 21:33:57.766  1951  2282 D WifiHW  : 
04-23 21:33:57.767  1951  2282 I WifiStateMachine: fetchRssiLinkSpeedAndFrequencyNative, newRssi:-63, newLinkSpeed:52, SSID:"RT-WiFi-1FD8"
04-23 21:33:57.767  1951  2282 D WifiStateMachine: mLastSignalLevel:4, newSignalLevel:4
04-23 21:33:57.767  1951  2282 E WifiConfigStore: updateConfiguration freq=2432 BSSID=10:a3:b8:3a:1f:d9 RSSI=-63 "RT-WiFi-1FD8"WPA_PSK
04-23 21:33:57.768  1951  2282 V ActivityManager: Broadcast sticky: Intent { act=android.net.wifi.RSSI_CHANGED flg=0x4000010 (has extras) } ordered=false userid=-1 callerApp=ProcessRecord{aed79c9 1951:system/1000}
04-23 21:33:57.775  1951  2301 D WifiWatchdogStateMachine: RSSI current: 4 new: -63, 4
04-23 21:33:57.780  2327  2867 D NetworkController: onReceive: intent=Intent { act=android.net.wifi.RSSI_CHANGED flg=0x4000010 (has extras) }
04-23 21:33:57.781  2327  2867 D NetworkController.WifiSignalController: Change in state from: connected=true,enabled=true,level=4,inetCondition=1,iconGroup=IconGroup(Wi-Fi Icons),activityIn=true,activityOut=true,rssi=-64,showDataActivityIcon=false,lastModified=04-23 09:33:51,ssid="RT-WiFi-1FD8"
04-23 21:33:57.781  2327  2867 D NetworkController.WifiSignalController: 	to: connected=true,enabled=true,level=4,inetCondition=1,iconGroup=IconGroup(Wi-Fi Icons),activityIn=true,activityOut=true,rssi=-63,showDataActivityIcon=false,lastModified=04-23 09:33:51,ssid="RT-WiFi-1FD8"
04-23 21:33:57.785  2327  2327 D SignalClusterView: vpn: GONE
04-23 21:33:57.785  2327  2327 D SignalClusterView: ethernet: GONE
04-23 21:33:57.785  2327  2327 D SignalClusterView: wifi: VISIBLE sig=2130837922
04-23 21:33:57.787  2327  2327 D SignalClusterView: vpn: GONE
04-23 21:33:57.787  2327  2327 D SignalClusterView: ethernet: GONE
04-23 21:33:57.787  2327  2327 D SignalClusterView: wifi: VISIBLE sig=2130837922
04-23 21:33:57.787  2327  2327 D SignalClusterView: vpn: GONE
04-23 21:33:57.787  2327  2327 D SignalClusterView: ethernet: GONE
04-23 21:33:57.787  2327  2327 D SignalClusterView: wifi: VISIBLE sig=2130837922
04-23 21:33:57.801  1951  1951 D NotificationService: Timeout pkg=ru.mars_groupe.sber_upos_example callback=android.app.ITransientNotification$Stub$Proxy@1ff1ad3
04-23 21:33:57.802  1951  1951 D NotificationService: Show pkg=ru.mars_groupe.sber_upos_example callback=android.app.ITransientNotification$Stub$Proxy@5fce610
04-23 21:33:57.803  9758  9772 D Surface : Surface::disconnect(this=0xaf3bd600,api=1)
04-23 21:33:57.803  9758  9772 D GraphicBuffer: unregister, handle(0xaf8045b0) (w:640 h:125 s:640 f:0x1 u:0x000f02)
04-23 21:33:57.804   257   435 I BufferQueueProducer: [Toast](this:0xb24e6000,id:97,api:1,p:-1,c:257) disconnect(P): api 1
04-23 21:33:57.805   257   435 I BufferQueueConsumer: [Toast](this:0xb24e6000,id:97,api:1,p:-1,c:257) getReleasedBuffers: returning mask 0xffffffffffffffff
04-23 21:33:57.807  9758  9772 D Surface : Surface::disconnect(this=0xaf3bd600,api=1)
04-23 21:33:57.807   257  6327 I BufferQueueProducer: [Toast](this:0xb24e6000,id:97,api:1,p:-1,c:257) disconnect(P): api 1
04-23 21:33:57.809  9758  9758 D WindowClient: Add to mViews: android.widget.LinearLayout{10694c0 V.E...... ......I. 0,0-0,0}, this = android.view.WindowManagerGlobal@e9bc8c7
04-23 21:33:57.810  9758  9772 D OpenGLRenderer: CanvasContext() 0xa05af000
04-23 21:33:57.811  9758  9758 D ViewRootImpl: hardware acceleration is enabled, this = ViewRoot{69b7320 Toast,ident = 4}
04-23 21:33:57.813  1951  3341 D AppOps  : startOperation: allowing code 45 uid 10074 package ru.mars_groupe.sber_upos_example
04-23 21:33:57.814  1951  3341 D WindowManager: addWindowToListInOrderLocked: win=Window{9b78d35 u0 Toast} Callers=com.android.server.wm.WindowManagerService.addWindow:2771 com.android.server.wm.Session.addToDisplay:171 android.view.IWindowSession$Stub.onTransact:124 com.android.server.wm.Session.onTransact:133 
04-23 21:33:57.814  1951  3341 V WindowManager: Free window: Adding window Window{9b78d35 u0 Toast} at 6 of 9
04-23 21:33:57.818  1951  3086 V WindowManager: Looking for focus: 8 = Window{7f2dc7b u0 StatusBar}, flags=-2122055608, canReceive=false
04-23 21:33:57.819  1951  3086 V WindowManager: findFocusedWindow: Found new focus @ 3 = Window{4c70f0c u0 ru.mars_groupe.sber_upos_example/ru.mars_groupe.sber_upos_example.MainActivity}
04-23 21:33:57.823  9758  9758 D WindowClient: Remove from mViews: android.widget.LinearLayout{596ff2 V.E...... ......I. 0,0-640,125}, this = android.view.WindowManagerGlobal@e9bc8c7
04-23 21:33:57.833   257   257 I BufferQueue: [unnamed-257-98](this:0xb4792800,id:98,api:0,p:-1,c:-1) BufferQueue core=(257:/system/bin/surfaceflinger)
04-23 21:33:57.833   257   257 D BufferQueueDump: [unnamed-257-98] this:0xb24e18c0, value:0xbe94f650, iLen:6
04-23 21:33:57.833   257   257 I BufferQueueConsumer: [unnamed-257-98](this:0xb4792800,id:98,api:0,p:-1,c:257) connect(C): consumer=(257:/system/bin/surfaceflinger) controlledByApp=false
04-23 21:33:57.833   257   257 D BufferQueueDump: [unnamed-257-98] this:0xb24e18c0, value:0xbe94f670, iLen:6
04-23 21:33:57.833   257   257 I BufferQueueConsumer: [unnamed-257-98](this:0xb4792800,id:98,api:0,p:-1,c:257) setConsumerName: unnamed-257-98
04-23 21:33:57.833   257   257 D BufferQueueDump: [Toast] this:0xb24e18c0, value:0xbe94f6c8, iLen:6
04-23 21:33:57.833   257   257 I BufferQueueConsumer: [Toast](this:0xb4792800,id:98,api:0,p:-1,c:257) setConsumerName: Toast
04-23 21:33:57.833   257   257 I BufferQueueConsumer: [Toast](this:0xb4792800,id:98,api:0,p:-1,c:257) setDefaultBufferSize: width=1 height=1
04-23 21:33:57.837  1951  3159 V WindowManager: Looking for focus: 8 = Window{7f2dc7b u0 StatusBar}, flags=-2122055608, canReceive=false
04-23 21:33:57.837  1951  3159 V WindowManager: findFocusedWindow: Found new focus @ 3 = Window{4c70f0c u0 ru.mars_groupe.sber_upos_example/ru.mars_groupe.sber_upos_example.MainActivity}
04-23 21:33:57.847   257   257 I BufferQueueConsumer: [Toast](this:0xb4792800,id:98,api:0,p:-1,c:257) setDefaultBufferSize: width=354 height=88
04-23 21:33:57.855  9758  9758 D Surface : Surface::allocateBuffers(this=0xaf3be400)
04-23 21:33:57.855  9758  9772 D OpenGLRenderer: CanvasContext() 0xa05af000 initialize window=0xaf3be408, title=Toast
04-23 21:33:57.855  9758  9772 D Surface : Surface::connect(this=0xaf3be400,api=1)
04-23 21:33:57.856   257   435 D BufferQueueProducer: [](this:0xb4792800,id:98,api:0,p:-1,c:257) allocateBuffers: allocating from 0 buffers up to 3 buffers
04-23 21:33:57.856   257   435 I [MALI][Gralloc]: usage: 0x900, format: 1 stride: 368 vertical_stride: 88 size: 129536
04-23 21:33:57.856   257   435 D GraphicBuffer: alloc, handle(0xb61dca20) (w:354 h:88 s:368 f:0x1 u:0x000900) err(0)
04-23 21:33:57.856   257   435 I [MALI][Gralloc]: usage: 0x900, format: 1 stride: 368 vertical_stride: 88 size: 129536
04-23 21:33:57.856   257   435 D GraphicBuffer: alloc, handle(0xb61dc9c0) (w:354 h:88 s:368 f:0x1 u:0x000900) err(0)
04-23 21:33:57.856   257   435 I [MALI][Gralloc]: usage: 0x900, format: 1 stride: 368 vertical_stride: 88 size: 129536
04-23 21:33:57.856   257   435 D GraphicBuffer: alloc, handle(0xb61dc960) (w:354 h:88 s:368 f:0x1 u:0x000900) err(0)
04-23 21:33:57.857   257   435 D BufferQueueProducer: [](this:0xb4792800,id:98,api:0,p:-1,c:257) allocateBuffers: allocating from 3 buffers up to 3 buffers
04-23 21:33:57.859   257   435 I BufferQueueProducer: [Toast](this:0xb4792800,id:98,api:1,p:9758,c:257) connect(P): api=1 producer=(9758:ru.mars_groupe.sber_upos_example) producerControlledByApp=true
04-23 21:33:57.862  9758  9772 W libEGL  : [ANDROID_RECORDABLE] format: 1
04-23 21:33:57.863  9758  9772 D Surface : Surface::setBufferCount(this=0xaf3be400,bufferCount=4)
04-23 21:33:57.863   257  1527 I BufferQueueProducer: [Toast](this:0xb4792800,id:98,api:1,p:9758,c:257) setBufferCount: count = 4
04-23 21:33:57.863   257  1527 D GraphicBuffer: free, handle(0xb61dca20) (w:354 h:88 s:368 f:0x1 u:0x000900)
04-23 21:33:57.863   257  1527 D GraphicBuffer: free, handle(0xb61dc9c0) (w:354 h:88 s:368 f:0x1 u:0x000900)
04-23 21:33:57.864   257  1527 D GraphicBuffer: free, handle(0xb61dc960) (w:354 h:88 s:368 f:0x1 u:0x000900)
04-23 21:33:57.864   257  1527 I BufferQueueConsumer: [Toast](this:0xb4792800,id:98,api:1,p:9758,c:257) getReleasedBuffers: returning mask 0xffffffffffffffff
04-23 21:33:57.865   257  3633 I BufferQueueProducer: [Toast](this:0xb4792800,id:98,api:1,p:9758,c:257) new GraphicBuffer needed
04-23 21:33:57.865   257  3633 I [MALI][Gralloc]: usage: 0xf02, format: 1 stride: 368 vertical_stride: 88 size: 129536
04-23 21:33:57.865   257  3633 D GraphicBuffer: alloc, handle(0xb5e93060) (w:354 h:88 s:368 f:0x1 u:0x000f02) err(0)
04-23 21:33:57.866  7562  9817 E ru.sberbank.uposnative_UPOS_JNI: Data read error: -7, errno: 11, read 0 bytes, buffer size 1664 (1728)
04-23 21:33:57.867  9758  9772 D GraphicBuffer: register, handle(0xaf8045b0) (w:354 h:88 s:368 f:0x1 u:0x000f02)
04-23 21:33:57.868   257   257 I SurfaceFlinger: [Built-in Screen (type:0)] fps:3.284500,dur:1522.30,max:1446.58,min:17.18
04-23 21:33:57.878  9758  9772 D OpenGLRenderer: CacheTexture 2 upload: x, y, width height = 0, 99, 1024, 201
04-23 21:33:57.893   257   257 I BufferQueueProducer: [FrameBufferSurface_0](this:0xb491d000,id:0,api:1,p:257,c:257) queueBuffer: fps=12.18 dur=1971.15 max=1527.58 min=18.43
04-23 21:33:57.961  7562  9817 I ru.sberbank.uposnative_UPOS_JNI: write data len: 1
04-23 21:33:57.962  7562  9817 D ru.sberbank.uposnative_UPOS_JNI: write bytes: 1
04-23 21:33:57.977  7562  9817 I ru.sberbank.uposnative_UPOS_JNI: Get hash: 00000000
04-23 21:33:57.977  7562  9817 D ru.sberbank.uposnative_UPOS_JNI: Get extra hash: 00000000
04-23 21:33:57.977  7562  9817 D ru.sberbank.uposnative_UPOS_JNI: Get extra PAR: 00000000
04-23 21:33:57.977  7562  9817 D ru.sberbank.uposnative_UPOS_JNI: Get loyalty data: 00000000
04-23 21:33:57.977  7562  9817 D ru.sberbank.uposnative_UPOS_JNI: No card entry mode
04-23 21:33:57.978  7562  9817 I ru.sberbank.uposnative: result:0
04-23 21:33:57.978  7562  9817 I ru.sberbank.uposnative: ERROR:0
04-23 21:33:57.978  7562  9817 I ru.sberbank.uposnative: TID:null
04-23 21:33:57.978  7562  9817 I ru.sberbank.uposnative: MID:null
04-23 21:33:57.978  7562  9817 I ru.sberbank.uposnative: CHEQUE:null
04-23 21:33:57.978  7562  9817 I ru.sberbank.uposnative: PAN:null
04-23 21:33:57.978  7562  9817 I ru.sberbank.uposnative: RRN:null
04-23 21:33:57.978  7562  9817 I ru.sberbank.uposnative: AUTH_CODE:null
04-23 21:33:57.978  7562  9817 I ru.sberbank.uposnative: TSN:0
04-23 21:33:57.978  7562  9817 I ru.sberbank.uposnative: EXP_DATE:null
04-23 21:33:57.978  7562  9817 I ru.sberbank.uposnative: DATE:null
04-23 21:33:57.978  7562  9817 I ru.sberbank.uposnative: TIME:null
04-23 21:33:57.978  7562  9817 I ru.sberbank.uposnative: IS_OWN:null
04-23 21:33:57.979  7562  9817 I ru.sberbank.uposnative: CARD_ID:null
04-23 21:33:57.979  7562  9817 I ru.sberbank.uposnative: PIL_OP_TYPE:null
04-23 21:33:57.979  7562  9817 I ru.sberbank.uposnative: AMOUNT:null
04-23 21:33:57.979  7562  9817 I ru.sberbank.uposnative: AMOUNT_C:null
04-23 21:33:57.979  7562  9817 I ru.sberbank.uposnative: FLAGS:null
04-23 21:33:57.979  7562  9817 I ru.sberbank.uposnative: LLT_ID:null
04-23 21:33:57.979  7562  9817 I ru.sberbank.uposnative: REQUEST_ID:64978253
04-23 21:33:57.979  7562  9817 I ru.sberbank.uposnative: MESSAGE:null
04-23 21:33:57.979  7562  9817 I ru.sberbank.uposnative: CARD_NAME:null
04-23 21:33:57.979  7562  9817 I ru.sberbank.uposnative: HOLDENAME:null
04-23 21:33:57.979  7562  9817 I ru.sberbank.uposnative: LOYALTY_NUMBER:null
04-23 21:33:57.979  7562  9817 I ru.sberbank.uposnative: ENCRYPTED_DATA:null
04-23 21:33:57.979  7562  9817 I ru.sberbank.uposnative: HASH:null
04-23 21:33:57.979  7562  9817 I ru.sberbank.uposnative: HASH_ALGO:null
04-23 21:33:57.979  7562  9817 I ru.sberbank.uposnative: TOKEN_IS_OWN:0
04-23 21:33:57.979  7562  9817 I ru.sberbank.uposnative: FFI:0
04-23 21:33:57.979  7562  9817 I ru.sberbank.uposnative: AID:null
04-23 21:33:57.980  7562  9817 I ru.sberbank.uposnative: TLV_DATA:null
04-23 21:33:57.980  7562  9817 I ru.sberbank.uposnative: JNI_PROCESS_CALL_ID:64978253
04-23 21:33:57.980  7562  9817 I ru.sberbank.uposnative: HASH256:null
04-23 21:33:57.980  7562  9817 I ru.sberbank.uposnative: ENTRY_MODE:D
04-23 21:33:57.980  7562  9817 I ru.sberbank.uposnative_UPOS_JNI: int TUposSo::UposWaitWallpaper129(int).
04-23 21:33:57.980  7562  9817 I ru.sberbank.uposnative: uposRun result 0
04-23 21:33:57.980  7562  9817 I ru.sberbank.uposnative: onSuccess
04-23 21:33:58.014  7562  9817 D ru.sberbank.uposnative: responseJson - {"REQUEST_ID":"64978253","FFI":"0","TSN":"0","JNI_PROCESS_CALL_ID":"64978253","TOKEN_IS_OWN":"0","ENTRY_MODE":"D","ERROR":"0"}
04-23 21:33:58.014  7562  9817 D ru.sberbank.uposnative: rawData - null
04-23 21:33:58.014  7562  9817 D ru.sberbank.uposnative: onTransactionResponse - beginBroadcast
04-23 21:33:58.014  7562  9817 D ru.sberbank.uposnative: onTransactionResponse - onTransactionResponse - start
04-23 21:33:58.023  9758  9758 D SberUposExample: onTransactionResponse(transactionCode = 0, response = {"REQUEST_ID":"64978253","FFI":"0","TSN":"0","JNI_PROCESS_CALL_ID":"64978253","TOKEN_IS_OWN":"0","ENTRY_MODE":"D","ERROR":"0"})
04-23 21:33:58.046  1951  3079 I NotificationService: enqueueToast pkg=ru.mars_groupe.sber_upos_example callback=android.app.ITransientNotification$Stub$Proxy@c2b75ca duration=0
04-23 21:33:58.046  1951  3079 D AppOps  : noteOperation: allowing code 11 uid 10074 package ru.mars_groupe.sber_upos_example
04-23 21:33:58.059   257   432 I BufferQueueProducer: [ru.mars_groupe.sber_upos_example/ru.mars_groupe.sber_upos_example.MainActivity](this:0xb24cac00,id:94,api:1,p:9758,c:257) queueBuffer: fps=16.41 dur=2741.44 max=1902.33 min=6.88
04-23 21:33:58.093  2916  3137 V ProviderLeakDetecter: Cursor Open:92840389 Total Opened Cursor Count:1.
04-23 21:33:58.094  2916  3137 V ProviderLeakDetecter: Cursor Close:92840389 Total Opened Cursor Count:0.
04-23 21:33:58.096  9758  9758 D SberUposExample: sha1: null
04-23 21:33:58.096  7562  9817 D ru.sberbank.uposnative: onTransactionResponse - onTransactionResponse - end
04-23 21:33:58.096  7562  9817 D ru.sberbank.uposnative: onTransactionResponse - finishBroadcast - start
04-23 21:33:58.096  7562  9817 D ru.sberbank.uposnative: onTransactionResponse - finishBroadcast - finish
04-23 21:33:58.106  1951  3344 I NotificationService: enqueueToast pkg=ru.mars_groupe.sber_upos_example callback=android.app.ITransientNotification$Stub$Proxy@a0e33b duration=0
04-23 21:33:58.106  1951  3344 D AppOps  : noteOperation: allowing code 11 uid 10074 package ru.mars_groupe.sber_upos_example
04-23 21:33:58.326  4180  4410 I System.out: [CDS]EAGAIN in Recvfrom
04-23 21:33:58.326  4180  4410 I System.out: [CDS]read byte is 0
04-23 21:33:58.336  3760  3782 I PerfService: PerfServiceNative_getPackName
04-23 21:33:58.336  1951  3341 V ActivityManager: Broadcast: Intent { act=evotor.intent.event.pushnotifications.PING_SUCCESSFUL flg=0x10 } ordered=false userid=0 callerApp=ProcessRecord{842d08c 4180:evotor.ru.pushnotificationsservice/u0a51}
04-23 21:33:58.336  1951  3086 I libPerfService: perfGetLastBoostPid 9758
04-23 21:33:58.337  1951  3086 D PerfServiceManager: [PerfService] getLastBoostPid 9758 
04-23 21:33:58.337  1951  3086 I libPerfService: perfGetLastBoostPid 9758
04-23 21:33:58.370   257   257 I BufferQueueConsumer: [Toast](this:0xb24e6000,id:97,api:1,p:-1,c:-1) disconnect(C)
04-23 21:33:58.370   257   257 D GraphicBuffer: free, handle(0xb5e937e0) (w:640 h:125 s:640 f:0x1 u:0x000f02)
04-23 21:33:58.371   257   257 I BufferQueue: [Toast](this:0xb24e6000,id:97,api:1,p:-1,c:-1) ~BufferQueueCore
04-23 21:33:58.418  1951  2296 D PerfServiceManager: [PerfService] MESSAGE_TIMER_RENDER_AWARE_DURATION timeout 
04-23 21:33:58.599  1951  1951 E WifiTrafficPoller: TRAFFIC_STATS_POLL true Token 50 num clients 10
04-23 21:33:58.600  1951  1951 E WifiTrafficPoller:  packet count Tx=164484 Rx=226413
04-23 21:33:58.606   784  4549 D mnl_linux: mtk_gps_sys_nmea_output_to_app: $GPGGA,183359.674,5540.4814,N,03745.5568,E,0,0,,-14.3,M,14.3,M,,*58
04-23 21:33:58.606   784  4549 D mnl_linux: $GPGSA,A,1,,,,,,,,,,,,,99.99,99.99,99.99*30
04-23 21:33:58.606   784  4549 D mnl_linux: $GPGSV,1,1,1,25,,,18.1*59
04-23 21:33:58.606   784  4549 D mnl_linux: $GPRMC,183359.674,V,5540.4814,N,03745.5568,E,0.000,0.00,070904,,,N*4A
04-23 21:33:58.606   784  4549 D mnl_linux: $GPVTG,0.00,T,,M,0.000,N,0.000,K,N*32
04-23 21:33:58.606   784  4549 D mnl_linux: $GPACCURACY,3162.1*3F
04-23 21:33:58.606   784  4549 D MNLD    : send_cmd_ex: slf_send_cmd (9, 0x30)
04-23 21:33:58.606  1951  3251 D gps_mtk : gps_state_thread: line = 3911received 274 bytes:
04-23 21:33:58.607   784  4549 D MNLD    : mtk_gps_sys_gps_mnl_callback: MTK_GPS_MSG_FIX_READY,GET_RTC_FAIL
04-23 21:33:58.607  1951  3251 D gps_mtk : nmea_reader_update_time: line = 1584fix_time: 1713897239
04-23 21:33:58.607   784  4549 D MNLD    : mtk_gps_sys_gps_mnl_callback: gps_measurement_state = 255 ,state = 2
04-23 21:33:58.607  1951  3251 D gps_mtk : nmea_reader_addc: line = 2455start nmea_cb
04-23 21:33:58.607  1951  3251 D gps_mtk : nmea_reader_addc: line = 2455start nmea_cb
04-23 21:33:58.607  1951  3251 D gps_mtk : nmea_reader_parse: line = 2270r->sv_count = 1
04-23 21:33:58.607  1951  3251 D gps_mtk : nmea_reader_addc: line = 2455start nmea_cb
04-23 21:33:58.608  1951  3251 D gps_mtk : nmea_reader_addc: line = 2455start nmea_cb
04-23 21:33:58.608  1951  3251 D gps_mtk : nmea_reader_addc: line = 2455start nmea_cb
04-23 21:33:58.608  1951  3251 D gps_mtk : nmea_reader_parse: line = 2342GPS get accuracy failed, fix mode:1
04-23 21:33:58.608  1951  3251 D gps_mtk : nmea_reader_parse: line = 2406r->sv_status_gnss.num_svs = 1, gps_nmea_end_tag = 1
04-23 21:33:58.608  1951  3251 V MtkLocationExt: GNSS SV count: 1
04-23 21:33:58.608  1951  3251 V MtkLocationExt: sv: 25 snr: 1.8100001 elev: 0.0 azimuth: 0.0   
04-23 21:33:58.609  1951  3251 D gps_mtk : nmea_reader_addc: line = 2455start nmea_cb
04-23 21:33:58.609   784   784 D MNLD    : process: epoll_wait() received 1 events
04-23 21:33:58.609   784   784 D MNLD    : sigrcv_handler: args from mnld: 48
04-23 21:33:58.609   784   784 D MNLD    : mnl_set_alarm: (0, 0xB6A46018, 5)
04-23 21:33:58.609   784   784 D MNLD    : process: sigrc_handler: ret = 0
04-23 21:33:59.108  2916  3137 V ProviderLeakDetecter: Cursor Open:265623322 Total Opened Cursor Count:1.
04-23 21:33:59.112  2916  3137 V ProviderLeakDetecter: Cursor Close:265623322 Total Opened Cursor Count:0.
04-23 21:33:59.223  1951  4049 D DhcpStateMachine: PollingState{ when=-33ms what=196616 target=com.android.internal.util.StateMachine$SmHandler }
04-23 21:33:59.223  1951  4049 D DhcpStateMachine: GET_DHCP_RESULTS on wlan0
04-23 21:33:59.223  1951  4049 D DhcpUtils: [dhcpv6_get_results] result_prop_name = dhcp.ipv6.wlan0.result; isrenew = 0
04-23 21:33:59.223  1951  4049 D DhcpUtils: [dhcpv6_get_results] prop_value = 
04-23 21:33:59.223  1951  4049 D NetUtils: dhcpv6_get_results failed : wlan0 ()
04-23 21:33:59.223  1951  4049 D DhcpStateMachine: getDhcpv6Results failed, isRenew = false
04-23 21:33:59.338  3760  3782 I PerfService: PerfServiceNative_getPackName
04-23 21:33:59.338  1951  1989 I libPerfService: perfGetLastBoostPid 9758
04-23 21:33:59.339  1951  1989 D PerfServiceManager: [PerfService] getLastBoostPid 9758 
04-23 21:33:59.339  1951  1989 I libPerfService: perfGetLastBoostPid 9758
04-23 21:33:59.602  1951  1951 E WifiTrafficPoller: TRAFFIC_STATS_POLL true Token 50 num clients 10
04-23 21:33:59.603  1951  1951 E WifiTrafficPoller:  packet count Tx=164508 Rx=226430
04-23 21:33:59.609  1951  3251 D gps_mtk : gps_state_thread: line = 3911received 264 bytes:
04-23 21:33:59.610  1951  3251 D gps_mtk : nmea_reader_update_time: line = 1584fix_time: 1713897240
04-23 21:33:59.610  1951  3251 D gps_mtk : nmea_reader_addc: line = 2455start nmea_cb
04-23 21:33:59.610  1951  3251 D gps_mtk : nmea_reader_addc: line = 2455start nmea_cb
04-23 21:33:59.610  1951  3251 D gps_mtk : nmea_reader_parse: line = 2270r->sv_count = 0
04-23 21:33:59.610  1951  3251 D gps_mtk : nmea_reader_addc: line = 2455start nmea_cb
04-23 21:33:59.611  1951  3251 D gps_mtk : nmea_reader_addc: line = 2455start nmea_cb
04-23 21:33:59.611  1951  3251 D gps_mtk : nmea_reader_addc: line = 2455start nmea_cb
04-23 21:33:59.611  1951  3251 D gps_mtk : nmea_reader_parse: line = 2342GPS get accuracy failed, fix mode:1
04-23 21:33:59.611  1951  3251 D gps_mtk : nmea_reader_addc: line = 2455start nmea_cb
04-23 21:33:59.617   784  4549 D mnl_linux: mtk_gps_sys_nmea_output_to_app: $GPGGA,183400.674,5540.4814,N,03745.5568,E,0,0,,-14.3,M,14.3,M,,*53
04-23 21:33:59.617   784  4549 D mnl_linux: $GPGSA,A,1,,,,,,,,,,,,,99.99,99.99,99.99*30
04-23 21:33:59.617   784  4549 D mnl_linux: $GPGSV,1,1,0*49
04-23 21:33:59.617   784  4549 D mnl_linux: $GPRMC,183400.674,V,5540.4814,N,03745.5568,E,0.000,0.00,070904,,,N*41
04-23 21:33:59.617   784  4549 D mnl_linux: $GPVTG,0.00,T,,M,0.000,N,0.000,K,N*32
04-23 21:33:59.617   784  4549 D mnl_linux: $GPACCURACY,3162.1*3F
04-23 21:33:59.617   784  4549 D MNLD    : send_cmd_ex: slf_send_cmd (9, 0x30)
04-23 21:33:59.617   784   784 D MNLD    : process: epoll_wait() received 1 events
04-23 21:33:59.617   784   784 D MNLD    : sigrcv_handler: args from mnld: 48
04-23 21:33:59.617   784   784 D MNLD    : mnl_set_alarm: (0, 0xB6A46018, 5)
04-23 21:33:59.617   784   784 D MNLD    : process: sigrc_handler: ret = 0
04-23 21:33:59.620   784  4549 D MNLD    : mtk_gps_sys_gps_mnl_callback: MTK_GPS_MSG_FIX_READY,GET_RTC_FAIL
04-23 21:33:59.621   784  4549 D MNLD    : mtk_gps_sys_gps_mnl_callback: gps_measurement_state = 255 ,state = 2
04-23 21:33:59.802  1951  1951 D NotificationService: Timeout pkg=ru.mars_groupe.sber_upos_example callback=android.app.ITransientNotification$Stub$Proxy@5fce610
04-23 21:33:59.804  1951  1951 D NotificationService: Show pkg=ru.mars_groupe.sber_upos_example callback=android.app.ITransientNotification$Stub$Proxy@196912f
04-23 21:33:59.806  9758  9772 D Surface : Surface::disconnect(this=0xaf3be400,api=1)
04-23 21:33:59.807  9758  9772 D GraphicBuffer: unregister, handle(0xaf8045b0) (w:354 h:88 s:368 f:0x1 u:0x000f02)
04-23 21:33:59.809   257   432 I BufferQueueProducer: [Toast](this:0xb4792800,id:98,api:1,p:-1,c:257) disconnect(P): api 1
04-23 21:33:59.810   257   432 I BufferQueueConsumer: [Toast](this:0xb4792800,id:98,api:1,p:-1,c:257) getReleasedBuffers: returning mask 0xffffffffffffffff
04-23 21:33:59.812  9758  9772 D Surface : Surface::disconnect(this=0xaf3be400,api=1)
04-23 21:33:59.813   257  3633 I BufferQueueProducer: [Toast](this:0xb4792800,id:98,api:1,p:-1,c:257) disconnect(P): api 1
04-23 21:33:59.816  9758  9758 D WindowClient: Add to mViews: android.widget.LinearLayout{8203cec V.E...... ......I. 0,0-0,0}, this = android.view.WindowManagerGlobal@e9bc8c7
04-23 21:33:59.821  9758  9772 D OpenGLRenderer: CanvasContext() 0xa05b2800
04-23 21:33:59.823  9758  9758 D ViewRootImpl: hardware acceleration is enabled, this = ViewRoot{e3e6611 Toast,ident = 5}
04-23 21:33:59.829  1951  3344 D AppOps  : startOperation: allowing code 45 uid 10074 package ru.mars_groupe.sber_upos_example
04-23 21:33:59.829  1951  3344 D WindowManager: addWindowToListInOrderLocked: win=Window{fe0c7b1 u0 Toast} Callers=com.android.server.wm.WindowManagerService.addWindow:2771 com.android.server.wm.Session.addToDisplay:171 android.view.IWindowSession$Stub.onTransact:124 com.android.server.wm.Session.onTransact:133 
04-23 21:33:59.830  1951  3344 V WindowManager: Free window: Adding window Window{fe0c7b1 u0 Toast} at 6 of 9
04-23 21:33:59.837  1951  3086 V WindowManager: Looking for focus: 8 = Window{7f2dc7b u0 StatusBar}, flags=-2122055608, canReceive=false
04-23 21:33:59.837  1951  3086 V WindowManager: findFocusedWindow: Found new focus @ 3 = Window{4c70f0c u0 ru.mars_groupe.sber_upos_example/ru.mars_groupe.sber_upos_example.MainActivity}
04-23 21:33:59.841  9758  9758 D WindowClient: Remove from mViews: android.widget.LinearLayout{10694c0 V.E...... ........ 0,0-354,88}, this = android.view.WindowManagerGlobal@e9bc8c7
04-23 21:33:59.849   257   257 I BufferQueue: [unnamed-257-99](this:0xb3603800,id:99,api:0,p:-1,c:-1) BufferQueue core=(257:/system/bin/surfaceflinger)
04-23 21:33:59.850   257   257 D BufferQueueDump: [unnamed-257-99] this:0xb24e10a0, value:0xbe94f650, iLen:6
04-23 21:33:59.850   257   257 I BufferQueueConsumer: [unnamed-257-99](this:0xb3603800,id:99,api:0,p:-1,c:257) connect(C): consumer=(257:/system/bin/surfaceflinger) controlledByApp=false
04-23 21:33:59.850   257   257 D BufferQueueDump: [unnamed-257-99] this:0xb24e10a0, value:0xbe94f670, iLen:6
04-23 21:33:59.850   257   257 I BufferQueueConsumer: [unnamed-257-99](this:0xb3603800,id:99,api:0,p:-1,c:257) setConsumerName: unnamed-257-99
04-23 21:33:59.850   257   257 D BufferQueueDump: [Toast] this:0xb24e10a0, value:0xbe94f6c8, iLen:6
04-23 21:33:59.850   257   257 I BufferQueueConsumer: [Toast](this:0xb3603800,id:99,api:0,p:-1,c:257) setConsumerName: Toast
04-23 21:33:59.850   257   257 I BufferQueueConsumer: [Toast](this:0xb3603800,id:99,api:0,p:-1,c:257) setDefaultBufferSize: width=1 height=1
04-23 21:33:59.854  1951  3341 V WindowManager: Looking for focus: 8 = Window{7f2dc7b u0 StatusBar}, flags=-2122055608, canReceive=false
04-23 21:33:59.854  1951  3341 V WindowManager: findFocusedWindow: Found new focus @ 3 = Window{4c70f0c u0 ru.mars_groupe.sber_upos_example/ru.mars_groupe.sber_upos_example.MainActivity}
04-23 21:33:59.857   257   257 I SurfaceFlinger: [Built-in Screen (type:0)] fps:15.083060,dur:1988.99,max:1446.29,min:1.69
04-23 21:33:59.874   257   257 I BufferQueueConsumer: [Toast](this:0xb3603800,id:99,api:0,p:-1,c:257) setDefaultBufferSize: width=640 height=239
04-23 21:33:59.885  9758  9772 D OpenGLRenderer: CanvasContext() 0xa05b2800 initialize window=0xaf3bd608, title=Toast
04-23 21:33:59.885  9758  9772 D Surface : Surface::connect(this=0xaf3bd600,api=1)
04-23 21:33:59.886   257   432 I BufferQueueProducer: [Toast](this:0xb3603800,id:99,api:1,p:9758,c:257) connect(P): api=1 producer=(9758:ru.mars_groupe.sber_upos_example) producerControlledByApp=true
04-23 21:33:59.886  9758  9772 W libEGL  : [ANDROID_RECORDABLE] format: 1
04-23 21:33:59.887  9758  9772 D Surface : Surface::setBufferCount(this=0xaf3bd600,bufferCount=4)
04-23 21:33:59.887   257  6327 I BufferQueueProducer: [Toast](this:0xb3603800,id:99,api:1,p:9758,c:257) setBufferCount: count = 4
04-23 21:33:59.887   257  6327 I BufferQueueConsumer: [Toast](this:0xb3603800,id:99,api:1,p:9758,c:257) getReleasedBuffers: returning mask 0xffffffffffffffff
04-23 21:33:59.889   257  1527 I BufferQueueProducer: [Toast](this:0xb3603800,id:99,api:1,p:9758,c:257) new GraphicBuffer needed
04-23 21:33:59.889   257  1527 I [MALI][Gralloc]: usage: 0xf02, format: 1 stride: 640 vertical_stride: 239 size: 611840
04-23 21:33:59.889   257  1527 D GraphicBuffer: alloc, handle(0xb61dc960) (w:640 h:239 s:640 f:0x1 u:0x000f02) err(0)
04-23 21:33:59.891  9758  9772 D GraphicBuffer: register, handle(0xaf8045b0) (w:640 h:239 s:640 f:0x1 u:0x000f02)
04-23 21:33:59.892  9758  9758 D Surface : Surface::allocateBuffers(this=0xaf3bd600)
04-23 21:33:59.893   257  3633 D BufferQueueProducer: [Toast](this:0xb3603800,id:99,api:1,p:9758,c:257) allocateBuffers: allocating from 1 buffers up to 4 buffers
04-23 21:33:59.893   257  3633 I [MALI][Gralloc]: usage: 0xf02, format: 1 stride: 640 vertical_stride: 239 size: 611840
04-23 21:33:59.893   257  3633 D GraphicBuffer: alloc, handle(0xb61dd0e0) (w:640 h:239 s:640 f:0x1 u:0x000f02) err(0)
04-23 21:33:59.898   257  3633 I [MALI][Gralloc]: usage: 0xf02, format: 1 stride: 640 vertical_stride: 239 size: 611840
04-23 21:33:59.898   257  3633 D GraphicBuffer: alloc, handle(0xb61dcfc0) (w:640 h:239 s:640 f:0x1 u:0x000f02) err(0)
04-23 21:33:59.898   257  3633 I [MALI][Gralloc]: usage: 0xf02, format: 1 stride: 640 vertical_stride: 239 size: 611840
04-23 21:33:59.899   257  3633 D GraphicBuffer: alloc, handle(0xb61dd020) (w:640 h:239 s:640 f:0x1 u:0x000f02) err(0)
04-23 21:33:59.899   257  3633 D BufferQueueProducer: [Toast](this:0xb3603800,id:99,api:1,p:9758,c:257) allocateBuffers: allocating from 4 buffers up to 4 buffers
04-23 21:33:59.915  1951  2274 D InputReader: AP_PROF:AppLaunch_dispatchPtr:Down:1457809, ID:0, Index:-1431902320
04-23 21:33:59.915  1951  2274 I PerfService: PerfServiceNative_boostEnableAsync:3
04-23 21:33:59.916  1951  2296 I libPerfService: 3: set freq: 819000
04-23 21:33:59.916  1951  2273 D PowerManagerService: userActivityFromNative
04-23 21:33:59.916  1951  2273 D PowerManagerService: userActivityNoUpdateLocked: eventTime=1457809, event=2, flags=0x0, uid=1000
04-23 21:33:59.917  1951  2273 D PowerManagerNotifier: onUserActivity: event=2, uid=1000
04-23 21:33:59.917  1951  2273 D PowerManagerService: updateUserActivitySummaryLocked: mWakefulness=Awake, mUserActivitySummary=0x1, nextTimeout=1510809 (in 52998 ms)
04-23 21:33:59.917  1951  2273 D DisplayPowerController: requestPowerState: policy=BRIGHT, useProximitySensor=false, screenBrightness=255, screenAutoBrightnessAdjustment=0.0, brightnessSetByUser=true, useAutoBrightness=false, blockScreenOn=false, lowPowerMode=false, boostScreenBrightness=false, dozeScreenBrightness=-1, dozeScreenState=UNKNOWN, waitForNegativeProximity=false
04-23 21:33:59.917  1951  2273 I PowerManagerService: setBrightness mButtonLight 0.
04-23 21:33:59.917  1951  2273 D PowerManagerService: updateDisplayPowerStateLocked: mDisplayReady=true, policy=3, mWakefulness=1, mWakeLockSummary=0x23, mUserActivitySummary=0x1, mBootCompleted=true, mScreenBrightnessBoostInProgress=false
04-23 21:33:59.920  1951  2296 I libPerfService: 3: set: 3
04-23 21:33:59.921   257   257 I BufferQueueProducer: [FrameBufferSurface_0](this:0xb491d000,id:0,api:1,p:257,c:257) queueBuffer: fps=12.82 dur=2028.54 max=1546.01 min=11.60
